Archive member included to satisfy reference by file (symbol)

/Applications/ArmGNUToolchain/13.2.Rel1/arm-none-eabi/bin/../lib/gcc/arm-none-eabi/13.2.1/thumb/v7e-m/nofp/libgcc.a(_arm_muldf3.o)
                              CMakeFiles/Project.elf.dir/Core/Src/funcs.c.obj (__aeabi_dmul)
/Applications/ArmGNUToolchain/13.2.Rel1/arm-none-eabi/bin/../lib/gcc/arm-none-eabi/13.2.1/thumb/v7e-m/nofp/libgcc.a(_arm_addsubdf3.o)
                              CMakeFiles/Project.elf.dir/Core/Src/funcs.c.obj (__aeabi_i2d)
/Applications/ArmGNUToolchain/13.2.Rel1/arm-none-eabi/bin/../lib/gcc/arm-none-eabi/13.2.1/thumb/v7e-m/nofp/libgcc.a(_arm_muldivdf3.o)
                              CMakeFiles/Project.elf.dir/Core/Src/hx711.c.obj (__aeabi_ddiv)
/Applications/ArmGNUToolchain/13.2.Rel1/arm-none-eabi/bin/../lib/gcc/arm-none-eabi/13.2.1/thumb/v7e-m/nofp/libgcc.a(_arm_cmpdf2.o)
                              CMakeFiles/Project.elf.dir/Core/Src/funcs.c.obj (__aeabi_dcmplt)
/Applications/ArmGNUToolchain/13.2.Rel1/arm-none-eabi/bin/../lib/gcc/arm-none-eabi/13.2.1/thumb/v7e-m/nofp/libgcc.a(_arm_fixdfsi.o)
                              CMakeFiles/Project.elf.dir/Core/Src/funcs.c.obj (__aeabi_d2iz)
/Applications/ArmGNUToolchain/13.2.Rel1/arm-none-eabi/bin/../lib/gcc/arm-none-eabi/13.2.1/thumb/v7e-m/nofp/libgcc.a(_aeabi_ldivmod.o)
                              CMakeFiles/Project.elf.dir/Core/Src/hx711.c.obj (__aeabi_ldivmod)
/Applications/ArmGNUToolchain/13.2.Rel1/arm-none-eabi/bin/../lib/gcc/arm-none-eabi/13.2.1/thumb/v7e-m/nofp/libgcc.a(_aeabi_uldivmod.o)
                              CMakeFiles/Project.elf.dir/Drivers/STM32F4xx_HAL_Driver/Src/stm32f4xx_hal_rcc.c.obj (__aeabi_uldivmod)
/Applications/ArmGNUToolchain/13.2.Rel1/arm-none-eabi/bin/../lib/gcc/arm-none-eabi/13.2.1/thumb/v7e-m/nofp/libgcc.a(_udivmoddi4.o)
                              /Applications/ArmGNUToolchain/13.2.Rel1/arm-none-eabi/bin/../lib/gcc/arm-none-eabi/13.2.1/thumb/v7e-m/nofp/libgcc.a(_aeabi_ldivmod.o) (__udivmoddi4)
/Applications/ArmGNUToolchain/13.2.Rel1/arm-none-eabi/bin/../lib/gcc/arm-none-eabi/13.2.1/thumb/v7e-m/nofp/libgcc.a(_dvmd_tls.o)
                              /Applications/ArmGNUToolchain/13.2.Rel1/arm-none-eabi/bin/../lib/gcc/arm-none-eabi/13.2.1/thumb/v7e-m/nofp/libgcc.a(_aeabi_ldivmod.o) (__aeabi_ldiv0)
/Applications/ArmGNUToolchain/13.2.Rel1/arm-none-eabi/bin/../lib/gcc/arm-none-eabi/13.2.1/../../../../arm-none-eabi/lib/thumb/v7e-m/nofp/libg.a(libc_a-exit.o)
                              /Applications/ArmGNUToolchain/13.2.Rel1/arm-none-eabi/bin/../lib/gcc/arm-none-eabi/13.2.1/../../../../arm-none-eabi/lib/thumb/v7e-m/nofp/crt0.o (exit)
/Applications/ArmGNUToolchain/13.2.Rel1/arm-none-eabi/bin/../lib/gcc/arm-none-eabi/13.2.1/../../../../arm-none-eabi/lib/thumb/v7e-m/nofp/libg.a(libc_a-malloc.o)
                              CMakeFiles/Project.elf.dir/Core/Src/funcs.c.obj (malloc)
/Applications/ArmGNUToolchain/13.2.Rel1/arm-none-eabi/bin/../lib/gcc/arm-none-eabi/13.2.1/../../../../arm-none-eabi/lib/thumb/v7e-m/nofp/libg.a(libc_a-mallocr.o)
                              /Applications/ArmGNUToolchain/13.2.Rel1/arm-none-eabi/bin/../lib/gcc/arm-none-eabi/13.2.1/../../../../arm-none-eabi/lib/thumb/v7e-m/nofp/libg.a(libc_a-malloc.o) (_malloc_r)
/Applications/ArmGNUToolchain/13.2.Rel1/arm-none-eabi/bin/../lib/gcc/arm-none-eabi/13.2.1/../../../../arm-none-eabi/lib/thumb/v7e-m/nofp/libg.a(libc_a-mlock.o)
                              /Applications/ArmGNUToolchain/13.2.Rel1/arm-none-eabi/bin/../lib/gcc/arm-none-eabi/13.2.1/../../../../arm-none-eabi/lib/thumb/v7e-m/nofp/libg.a(libc_a-mallocr.o) (__malloc_lock)
/Applications/ArmGNUToolchain/13.2.Rel1/arm-none-eabi/bin/../lib/gcc/arm-none-eabi/13.2.1/../../../../arm-none-eabi/lib/thumb/v7e-m/nofp/libg.a(libc_a-sprintf.o)
                              CMakeFiles/Project.elf.dir/Core/Src/funcs.c.obj (sprintf)
/Applications/ArmGNUToolchain/13.2.Rel1/arm-none-eabi/bin/../lib/gcc/arm-none-eabi/13.2.1/../../../../arm-none-eabi/lib/thumb/v7e-m/nofp/libg.a(libc_a-findfp.o)
                              /Applications/ArmGNUToolchain/13.2.Rel1/arm-none-eabi/bin/../lib/gcc/arm-none-eabi/13.2.1/../../../../arm-none-eabi/lib/thumb/v7e-m/nofp/libg.a(libc_a-exit.o) (__stdio_exit_handler)
/Applications/ArmGNUToolchain/13.2.Rel1/arm-none-eabi/bin/../lib/gcc/arm-none-eabi/13.2.1/../../../../arm-none-eabi/lib/thumb/v7e-m/nofp/libg.a(libc_a-fwalk.o)
                              /Applications/ArmGNUToolchain/13.2.Rel1/arm-none-eabi/bin/../lib/gcc/arm-none-eabi/13.2.1/../../../../arm-none-eabi/lib/thumb/v7e-m/nofp/libg.a(libc_a-findfp.o) (_fwalk_sglue)
/Applications/ArmGNUToolchain/13.2.Rel1/arm-none-eabi/bin/../lib/gcc/arm-none-eabi/13.2.1/../../../../arm-none-eabi/lib/thumb/v7e-m/nofp/libg.a(libc_a-memset.o)
                              /Applications/ArmGNUToolchain/13.2.Rel1/arm-none-eabi/bin/../lib/gcc/arm-none-eabi/13.2.1/../../../../arm-none-eabi/lib/thumb/v7e-m/nofp/crt0.o (memset)
[...]
Memory Configuration

Name             Origin             Length             Attributes
RAM              0x20000000         0x00018000         xrw
FLASH            0x08000000         0x00080000         xr
*default*        0x00000000         0xffffffff

Linker script and memory map

LOAD /Applications/ArmGNUToolchain/13.2.Rel1/arm-none-eabi/bin/../lib/gcc/arm-none-eabi/13.2.1/thumb/v7e-m/nofp/crti.o
LOAD /Applications/ArmGNUToolchain/13.2.Rel1/arm-none-eabi/bin/../lib/gcc/arm-none-eabi/13.2.1/thumb/v7e-m/nofp/crtbegin.o
LOAD /Applications/ArmGNUToolchain/13.2.Rel1/arm-none-eabi/bin/../lib/gcc/arm-none-eabi/13.2.1/../../../../arm-none-eabi/lib/thumb/v7e-m/nofp/crt0.o
LOAD CMakeFiles/Project.elf.dir/Core/Src/flash.c.obj
LOAD CMakeFiles/Project.elf.dir/Core/Src/funcs.c.obj
LOAD CMakeFiles/Project.elf.dir/Core/Src/hx711.c.obj
LOAD CMakeFiles/Project.elf.dir/Core/Src/main.c.obj
LOAD CMakeFiles/Project.elf.dir/Core/Src/stm32f4xx_hal_msp.c.obj
LOAD CMakeFiles/Project.elf.dir/Core/Src/stm32f4xx_it.c.obj
LOAD CMakeFiles/Project.elf.dir/Core/Src/syscalls.c.obj
LOAD CMakeFiles/Project.elf.dir/Core/Src/sysmem.c.obj
LOAD CMakeFiles/Project.elf.dir/Core/Src/system_stm32f4xx.c.obj
LOAD CMakeFiles/Project.elf.dir/Core/Startup/startup_stm32f401retx.s.obj
LOAD CMakeFiles/Project.elf.dir/Drivers/STM32F4xx_HAL_Driver/Src/stm32f4xx_hal.c.obj
LOAD CMakeFiles/Project.elf.dir/Drivers/STM32F4xx_HAL_Driver/Src/stm32f4xx_hal_cortex.c.obj
LOAD CMakeFiles/Project.elf.dir/Drivers/STM32F4xx_HAL_Driver/Src/stm32f4xx_hal_dma.c.obj
LOAD CMakeFiles/Project.elf.dir/Drivers/STM32F4xx_HAL_Driver/Src/stm32f4xx_hal_dma_ex.c.obj
LOAD CMakeFiles/Project.elf.dir/Drivers/STM32F4xx_HAL_Driver/Src/stm32f4xx_hal_exti.c.obj
LOAD CMakeFiles/Project.elf.dir/Drivers/STM32F4xx_HAL_Driver/Src/stm32f4xx_hal_flash.c.obj
LOAD CMakeFiles/Project.elf.dir/Drivers/STM32F4xx_HAL_Driver/Src/stm32f4xx_hal_flash_ex.c.obj
LOAD CMakeFiles/Project.elf.dir/Drivers/STM32F4xx_HAL_Driver/Src/stm32f4xx_hal_flash_ramfunc.c.obj
LOAD CMakeFiles/Project.elf.dir/Drivers/STM32F4xx_HAL_Driver/Src/stm32f4xx_hal_gpio.c.obj
LOAD CMakeFiles/Project.elf.dir/Drivers/STM32F4xx_HAL_Driver/Src/stm32f4xx_hal_pwr.c.obj
LOAD CMakeFiles/Project.elf.dir/Drivers/STM32F4xx_HAL_Driver/Src/stm32f4xx_hal_pwr_ex.c.obj
LOAD CMakeFiles/Project.elf.dir/Drivers/STM32F4xx_HAL_Driver/Src/stm32f4xx_hal_rcc.c.obj
LOAD CMakeFiles/Project.elf.dir/Drivers/STM32F4xx_HAL_Driver/Src/stm32f4xx_hal_rcc_ex.c.obj
LOAD CMakeFiles/Project.elf.dir/Drivers/STM32F4xx_HAL_Driver/Src/stm32f4xx_hal_rtc.c.obj
LOAD CMakeFiles/Project.elf.dir/Drivers/STM32F4xx_HAL_Driver/Src/stm32f4xx_hal_rtc_ex.c.obj
LOAD CMakeFiles/Project.elf.dir/Drivers/STM32F4xx_HAL_Driver/Src/stm32f4xx_hal_tim.c.obj
LOAD CMakeFiles/Project.elf.dir/Drivers/STM32F4xx_HAL_Driver/Src/stm32f4xx_hal_tim_ex.c.obj
LOAD CMakeFiles/Project.elf.dir/Drivers/STM32F4xx_HAL_Driver/Src/stm32f4xx_hal_uart.c.obj
START GROUP
LOAD /Applications/ArmGNUToolchain/13.2.Rel1/arm-none-eabi/bin/../lib/gcc/arm-none-eabi/13.2.1/thumb/v7e-m/nofp/libgcc.a
LOAD /Applications/ArmGNUToolchain/13.2.Rel1/arm-none-eabi/bin/../lib/gcc/arm-none-eabi/13.2.1/../../../../arm-none-eabi/lib/thumb/v7e-m/nofp/libg.a
LOAD /Applications/ArmGNUToolchain/13.2.Rel1/arm-none-eabi/bin/../lib/gcc/arm-none-eabi/13.2.1/../../../../arm-none-eabi/lib/thumb/v7e-m/nofp/libc.a
END GROUP
LOAD /Applications/ArmGNUToolchain/13.2.Rel1/arm-none-eabi/bin/../lib/gcc/arm-none-eabi/13.2.1/thumb/v7e-m/nofp/crtend.o
LOAD /Applications/ArmGNUToolchain/13.2.Rel1/arm-none-eabi/bin/../lib/gcc/arm-none-eabi/13.2.1/thumb/v7e-m/nofp/crtn.o
                0x20018000                        _estack = (ORIGIN (RAM) + LENGTH (RAM))
                0x00000200                        _Min_Heap_Size = 0x200
                0x00000400                        _Min_Stack_Size = 0x400

.isr_vector     0x08000000      0x194
                0x08000000                        . = ALIGN (0x4)
 *(.isr_vector)
 .isr_vector    0x08000000      0x194 CMakeFiles/Project.elf.dir/Core/Startup/startup_stm32f401retx.s.obj
                0x08000000                g_pfnVectors
                0x08000194                        . = ALIGN (0x4)

.text           0x080001c0     0x9eb0
                0x080001c0                        . = ALIGN (0x4)
 *(.text)
 .text          0x080001c0      0x378 /Applications/ArmGNUToolchain/13.2.Rel1/arm-none-eabi/bin/../lib/gcc/arm-none-eabi/13.2.1/thumb/v7e-m/nofp/libgcc.a(_arm_addsubdf3.o)
                0x080001c0                __aeabi_drsub
                0x080001c8                __subdf3
                0x080001c8                __aeabi_dsub
                0x080001cc                __aeabi_dadd
                0x080001cc                __adddf3
                0x08000444                __aeabi_ui2d
                0x08000444                __floatunsidf
                0x08000464                __floatsidf
                0x08000464                __aeabi_i2d
                0x08000488                __extendsfdf2
                0x08000488                __aeabi_f2d
                0x080004cc                __aeabi_ul2d
                0x080004cc                __floatundidf
                0x080004dc                __aeabi_l2d
                0x080004dc                __floatdidf
 .text          0x08000538      0x424 /Applications/ArmGNUToolchain/13.2.Rel1/arm-none-eabi/bin/../lib/gcc/arm-none-eabi/13.2.1/thumb/v7e-m/nofp/libgcc.a(_arm_muldivdf3.o)
                0x08000538                __aeabi_dmul
                0x08000538                __muldf3
                0x0800078c                __aeabi_ddiv
                0x0800078c                __divdf3
 .text          0x0800095c      0x110 /Applications/ArmGNUToolchain/13.2.Rel1/arm-none-eabi/bin/../lib/gcc/arm-none-eabi/13.2.1/thumb/v7e-m/nofp/libgcc.a(_arm_cmpdf2.o)
                0x0800095c                __gedf2
                0x0800095c                __gtdf2
                0x08000964                __ledf2
                0x08000964                __ltdf2
                0x0800096c                __cmpdf2
                0x0800096c                __eqdf2
                0x0800096c                __nedf2
                0x080009e8                __aeabi_cdrcmple
                0x080009f8                __aeabi_cdcmple
                0x080009f8                __aeabi_cdcmpeq
                0x08000a08                __aeabi_dcmpeq
                0x08000a1c                __aeabi_dcmplt
                0x08000a30                __aeabi_dcmple
                0x08000a44                __aeabi_dcmpge
                0x08000a58                __aeabi_dcmpgt
 .text          0x08000a6c       0x50 /Applications/ArmGNUToolchain/13.2.Rel1/arm-none-eabi/bin/../lib/gcc/arm-none-eabi/13.2.1/thumb/v7e-m/nofp/libgcc.a(_arm_fixdfsi.o)
                0x08000a6c                __fixdfsi
                0x08000a6c                __aeabi_d2iz
 .text          0x08000abc       0xa0 /Applications/ArmGNUToolchain/13.2.Rel1/arm-none-eabi/bin/../lib/gcc/arm-none-eabi/13.2.1/thumb/v7e-m/nofp/libgcc.a(_aeabi_ldivmod.o)
                0x08000abc                __aeabi_ldivmod
 .text          0x08000b5c       0x30 /Applications/ArmGNUToolchain/13.2.Rel1/arm-none-eabi/bin/../lib/gcc/arm-none-eabi/13.2.1/thumb/v7e-m/nofp/libgcc.a(_aeabi_uldivmod.o)
                0x08000b5c                __aeabi_uldivmod
 .text          0x08000b8c        0x4 /Applications/ArmGNUToolchain/13.2.Rel1/arm-none-eabi/bin/../lib/gcc/arm-none-eabi/13.2.1/thumb/v7e-m/nofp/libgcc.a(_dvmd_tls.o)
                0x08000b8c                __aeabi_ldiv0
                0x08000b8c                __aeabi_idiv0
 .text          0x08000b90       0xa0 /Applications/ArmGNUToolchain/13.2.Rel1/arm-none-eabi/bin/../lib/gcc/arm-none-eabi/13.2.1/../../../../arm-none-eabi/lib/thumb/v7e-m/nofp/libg.a(libc_a-memchr.o)
                0x08000b90                memchr
 *fill*         0x08000c30       0x10 
 .text          0x08000c40       0xd8 /Applications/ArmGNUToolchain/13.2.Rel1/arm-none-eabi/bin/../lib/gcc/arm-none-eabi/13.2.1/../../../../arm-none-eabi/lib/thumb/v7e-m/nofp/libg.a(libc_a-strlen.o)
                0x08000c40                strlen
 .text          0x08000d18      0x134 /Applications/ArmGNUToolchain/13.2.Rel1/arm-none-eabi/bin/../lib/gcc/arm-none-eabi/13.2.1/../../../../arm-none-eabi/lib/thumb/v7e-m/nofp/libg.a(libc_a-memcpy.o)
                0x08000d18                memcpy
 .text          0x08000e4c       0x2c /Applications/ArmGNUToolchain/13.2.Rel1/arm-none-eabi/bin/../lib/gcc/arm-none-eabi/13.2.1/thumb/v7e-m/nofp/libgcc.a(_arm_unorddf2.o)
                0x08000e4c                __aeabi_dcmpun
                0x08000e4c                __unorddf2
 *(.text*)
 .text.deregister_tm_clones
                0x08000e78       0x1c /Applications/ArmGNUToolchain/13.2.Rel1/arm-none-eabi/bin/../lib/gcc/arm-none-eabi/13.2.1/thumb/v7e-m/nofp/crtbegin.o
 .text.register_tm_clones
                0x08000e94       0x24 /Applications/ArmGNUToolchain/13.2.Rel1/arm-none-eabi/bin/../lib/gcc/arm-none-eabi/13.2.1/thumb/v7e-m/nofp/crtbegin.o
 .text.__do_global_dtors_aux
                0x08000eb8       0x28 /Applications/ArmGNUToolchain/13.2.Rel1/arm-none-eabi/bin/../lib/gcc/arm-none-eabi/13.2.1/thumb/v7e-m/nofp/crtbegin.o
 .text.frame_dummy
                0x08000ee0       0x24 /Applications/ArmGNUToolchain/13.2.Rel1/arm-none-eabi/bin/../lib/gcc/arm-none-eabi/13.2.1/thumb/v7e-m/nofp/crtbegin.o
 .text.GetSector
                0x08000f04       0x7a CMakeFiles/Project.elf.dir/Core/Src/flash.c.obj
 .text.Flash_Write
                0x08000f7e       0x28 CMakeFiles/Project.elf.dir/Core/Src/flash.c.obj
                0x08000f7e                Flash_Write
 .text.Flash_Erase
                0x08000fa6       0x3e CMakeFiles/Project.elf.dir/Core/Src/flash.c.obj
                0x08000fa6                Flash_Erase
 .text.string_length
                0x08000fe4       0x10 CMakeFiles/Project.elf.dir/Core/Src/funcs.c.obj
                0x08000fe4                string_length
 .text.save_measurement_to_flash
                0x08000ff4       0x1c CMakeFiles/Project.elf.dir/Core/Src/funcs.c.obj
                0x08000ff4                save_measurement_to_flash
 .text.get_flash_end_addr
                0x08001010       0x14 CMakeFiles/Project.elf.dir/Core/Src/funcs.c.obj
                0x08001010                get_flash_end_addr
 .text.clean_flash
                0x08001024       0x1c CMakeFiles/Project.elf.dir/Core/Src/funcs.c.obj
                0x08001024                clean_flash
 .text.tim_spec_del
                0x08001040       0x14 CMakeFiles/Project.elf.dir/Core/Src/funcs.c.obj
                0x08001040                tim_spec_del
 .text.read_ultrasonic
                0x08001054       0x5c CMakeFiles/Project.elf.dir/Core/Src/funcs.c.obj
                0x08001054                read_ultrasonic
 .text.meas_dist
                0x080010b0       0x34 CMakeFiles/Project.elf.dir/Core/Src/funcs.c.obj
                0x080010b0                meas_dist
 .text.send_data_huart
                0x080010e4      0x10c CMakeFiles/Project.elf.dir/Core/Src/funcs.c.obj
                0x080010e4                send_data_huart
 .text.find_max
                0x080011f0       0x5c CMakeFiles/Project.elf.dir/Core/Src/funcs.c.obj
                0x080011f0                find_max
 .text.find_min
                0x0800124c       0x60 CMakeFiles/Project.elf.dir/Core/Src/funcs.c.obj
                0x0800124c                find_min
 .text.menu     0x080012ac       0xb4 CMakeFiles/Project.elf.dir/Core/Src/funcs.c.obj
                0x080012ac                menu
 .text.HX711_Init
                0x08001360       0x34 CMakeFiles/Project.elf.dir/Core/Src/hx711.c.obj
                0x08001360                HX711_Init
 .text.HX711_Read
                0x08001394       0x5e CMakeFiles/Project.elf.dir/Core/Src/hx711.c.obj
                0x08001394                HX711_Read
 .text.HX711_GetWeight
                0x080013f2       0x48 CMakeFiles/Project.elf.dir/Core/Src/hx711.c.obj
                0x080013f2                HX711_GetWeight
 *fill*         0x0800143a        0x2 
 .text.MX_GPIO_Init
                0x0800143c       0x64 CMakeFiles/Project.elf.dir/Core/Src/main.c.obj
 .text.HAL_UART_RxCpltCallback
                0x080014a0       0x1c CMakeFiles/Project.elf.dir/Core/Src/main.c.obj
                0x080014a0                HAL_UART_RxCpltCallback
 .text.HAL_TIM_PeriodElapsedCallback
                0x080014bc       0x2c CMakeFiles/Project.elf.dir/Core/Src/main.c.obj
                0x080014bc                HAL_TIM_PeriodElapsedCallback
 .text.Error_Handler
                0x080014e8        0x4 CMakeFiles/Project.elf.dir/Core/Src/main.c.obj
                0x080014e8                Error_Handler
 .text.MX_TIM2_Init
                0x080014ec       0x68 CMakeFiles/Project.elf.dir/Core/Src/main.c.obj
 .text.MX_RTC_Init
                0x08001554       0x84 CMakeFiles/Project.elf.dir/Core/Src/main.c.obj
 .text.MX_TIM3_Init
                0x080015d8       0x6c CMakeFiles/Project.elf.dir/Core/Src/main.c.obj
 .text.MX_USART2_UART_Init
                0x08001644       0x34 CMakeFiles/Project.elf.dir/Core/Src/main.c.obj
 .text.SystemClock_Config
                0x08001678       0xac CMakeFiles/Project.elf.dir/Core/Src/main.c.obj
                0x08001678                SystemClock_Config
 *fill*         0x08001724        0x4 
 .text.main     0x08001728       0xf0 CMakeFiles/Project.elf.dir/Core/Src/main.c.obj
                0x08001728                main
 .text.HAL_MspInit
                0x08001818       0x38 CMakeFiles/Project.elf.dir/Core/Src/stm32f4xx_hal_msp.c.obj
                0x08001818                HAL_MspInit
 .text.HAL_RTC_MspInit
                0x08001850       0x48 CMakeFiles/Project.elf.dir/Core/Src/stm32f4xx_hal_msp.c.obj
                0x08001850                HAL_RTC_MspInit
 .text.HAL_TIM_Base_MspInit
                0x08001898       0x64 CMakeFiles/Project.elf.dir/Core/Src/stm32f4xx_hal_msp.c.obj
                0x08001898                HAL_TIM_Base_MspInit
 .text.HAL_UART_MspInit
                0x080018fc       0x7c CMakeFiles/Project.elf.dir/Core/Src/stm32f4xx_hal_msp.c.obj
                0x080018fc                HAL_UART_MspInit
 .text.NMI_Handler
                0x08001978        0x2 CMakeFiles/Project.elf.dir/Core/Src/stm32f4xx_it.c.obj
                0x08001978                NMI_Handler
 .text.HardFault_Handler
                0x0800197a        0x2 CMakeFiles/Project.elf.dir/Core/Src/stm32f4xx_it.c.obj
                0x0800197a                HardFault_Handler
 .text.MemManage_Handler
                0x0800197c        0x2 CMakeFiles/Project.elf.dir/Core/Src/stm32f4xx_it.c.obj
                0x0800197c                MemManage_Handler
 .text.BusFault_Handler
                0x0800197e        0x2 CMakeFiles/Project.elf.dir/Core/Src/stm32f4xx_it.c.obj
                0x0800197e                BusFault_Handler
 .text.UsageFault_Handler
                0x08001980        0x2 CMakeFiles/Project.elf.dir/Core/Src/stm32f4xx_it.c.obj
                0x08001980                UsageFault_Handler
 .text.SVC_Handler
                0x08001982        0x2 CMakeFiles/Project.elf.dir/Core/Src/stm32f4xx_it.c.obj
                0x08001982                SVC_Handler
 .text.DebugMon_Handler
                0x08001984        0x2 CMakeFiles/Project.elf.dir/Core/Src/stm32f4xx_it.c.obj
                0x08001984                DebugMon_Handler
 .text.PendSV_Handler
                0x08001986        0x2 CMakeFiles/Project.elf.dir/Core/Src/stm32f4xx_it.c.obj
                0x08001986                PendSV_Handler
 .text.SysTick_Handler
                0x08001988        0x8 CMakeFiles/Project.elf.dir/Core/Src/stm32f4xx_it.c.obj
                0x08001988                SysTick_Handler
 .text.TIM3_IRQHandler
                0x08001990       0x10 CMakeFiles/Project.elf.dir/Core/Src/stm32f4xx_it.c.obj
                0x08001990                TIM3_IRQHandler
 .text.USART2_IRQHandler
                0x080019a0       0x10 CMakeFiles/Project.elf.dir/Core/Src/stm32f4xx_it.c.obj
                0x080019a0                USART2_IRQHandler
 .text._getpid  0x080019b0        0x4 CMakeFiles/Project.elf.dir/Core/Src/syscalls.c.obj
                0x080019b0                _getpid
 .text._kill    0x080019b4       0x10 CMakeFiles/Project.elf.dir/Core/Src/syscalls.c.obj
                0x080019b4                _kill
 .text._exit    0x080019c4        0xc CMakeFiles/Project.elf.dir/Core/Src/syscalls.c.obj
                0x080019c4                _exit
 .text._read    0x080019d0       0x20 CMakeFiles/Project.elf.dir/Core/Src/syscalls.c.obj
                0x080019d0                _read
 .text._write   0x080019f0       0x1c CMakeFiles/Project.elf.dir/Core/Src/syscalls.c.obj
                0x080019f0                _write
 .text._close   0x08001a0c        0x6 CMakeFiles/Project.elf.dir/Core/Src/syscalls.c.obj
                0x08001a0c                _close
 .text._fstat   0x08001a12        0xa CMakeFiles/Project.elf.dir/Core/Src/syscalls.c.obj
                0x08001a12                _fstat
 .text._isatty  0x08001a1c        0x4 CMakeFiles/Project.elf.dir/Core/Src/syscalls.c.obj
                0x08001a1c                _isatty
 .text._lseek   0x08001a20        0x4 CMakeFiles/Project.elf.dir/Core/Src/syscalls.c.obj
                0x08001a20                _lseek
 .text._sbrk    0x08001a24       0x48 CMakeFiles/Project.elf.dir/Core/Src/sysmem.c.obj
                0x08001a24                _sbrk
 .text.SystemInit
                0x08001a6c        0x2 CMakeFiles/Project.elf.dir/Core/Src/system_stm32f4xx.c.obj
                0x08001a6c                SystemInit
 *fill*         0x08001a6e        0x2 
 .text.Reset_Handler
                0x08001a70       0x50 CMakeFiles/Project.elf.dir/Core/Startup/startup_stm32f401retx.s.obj
                0x08001a70                Reset_Handler
 .text.Default_Handler
                0x08001ac0        0x2 CMakeFiles/Project.elf.dir/Core/Startup/startup_stm32f401retx.s.obj
                0x08001ac0                DMA1_Stream3_IRQHandler
                0x08001ac0                EXTI2_IRQHandler
                0x08001ac0                SPI4_IRQHandler
                0x08001ac0                TIM1_CC_IRQHandler
                0x08001ac0                DMA2_Stream5_IRQHandler
                0x08001ac0                DMA1_Stream5_IRQHandler
                0x08001ac0                PVD_IRQHandler
                0x08001ac0                SDIO_IRQHandler
                0x08001ac0                TAMP_STAMP_IRQHandler
                0x08001ac0                EXTI3_IRQHandler
                0x08001ac0                TIM1_UP_TIM10_IRQHandler
                0x08001ac0                I2C3_ER_IRQHandler
                0x08001ac0                EXTI0_IRQHandler
                0x08001ac0                I2C2_EV_IRQHandler
                0x08001ac0                DMA1_Stream2_IRQHandler
                0x08001ac0                FPU_IRQHandler
                0x08001ac0                DMA2_Stream2_IRQHandler
                0x08001ac0                SPI1_IRQHandler
                0x08001ac0                TIM1_BRK_TIM9_IRQHandler
                0x08001ac0                DMA2_Stream3_IRQHandler
                0x08001ac0                USART6_IRQHandler
                0x08001ac0                DMA2_Stream0_IRQHandler
                0x08001ac0                TIM4_IRQHandler
                0x08001ac0                I2C1_EV_IRQHandler
                0x08001ac0                DMA1_Stream6_IRQHandler
                0x08001ac0                DMA1_Stream1_IRQHandler
                0x08001ac0                RCC_IRQHandler
                0x08001ac0                Default_Handler
                0x08001ac0                EXTI15_10_IRQHandler
                0x08001ac0                ADC_IRQHandler
                0x08001ac0                DMA1_Stream7_IRQHandler
                0x08001ac0                TIM5_IRQHandler
                0x08001ac0                DMA2_Stream7_IRQHandler
                0x08001ac0                I2C3_EV_IRQHandler
                0x08001ac0                EXTI9_5_IRQHandler
                0x08001ac0                RTC_WKUP_IRQHandler
                0x08001ac0                SPI2_IRQHandler
                0x08001ac0                DMA1_Stream0_IRQHandler
                0x08001ac0                EXTI4_IRQHandler
                0x08001ac0                WWDG_IRQHandler
                0x08001ac0                TIM2_IRQHandler
                0x08001ac0                OTG_FS_WKUP_IRQHandler
                0x08001ac0                TIM1_TRG_COM_TIM11_IRQHandler
                0x08001ac0                EXTI1_IRQHandler
                0x08001ac0                I2C2_ER_IRQHandler
                0x08001ac0                DMA2_Stream1_IRQHandler
                0x08001ac0                FLASH_IRQHandler
                0x08001ac0                DMA2_Stream4_IRQHandler
                0x08001ac0                USART1_IRQHandler
                0x08001ac0                OTG_FS_IRQHandler
                0x08001ac0                SPI3_IRQHandler
                0x08001ac0                DMA1_Stream4_IRQHandler
                0x08001ac0                I2C1_ER_IRQHandler
                0x08001ac0                DMA2_Stream6_IRQHandler
                0x08001ac0                RTC_Alarm_IRQHandler
 *fill*         0x08001ac2        0x2 
 .text.HAL_InitTick
                0x08001ac4       0x4c CMakeFiles/Project.elf.dir/Drivers/STM32F4xx_HAL_Driver/Src/stm32f4xx_hal.c.obj
                0x08001ac4                HAL_InitTick
 .text.HAL_Init
                0x08001b10       0x34 CMakeFiles/Project.elf.dir/Drivers/STM32F4xx_HAL_Driver/Src/stm32f4xx_hal.c.obj
                0x08001b10                HAL_Init
 .text.HAL_IncTick
                0x08001b44       0x18 CMakeFiles/Project.elf.dir/Drivers/STM32F4xx_HAL_Driver/Src/stm32f4xx_hal.c.obj
                0x08001b44                HAL_IncTick
 .text.HAL_GetTick
                0x08001b5c        0xc CMakeFiles/Project.elf.dir/Drivers/STM32F4xx_HAL_Driver/Src/stm32f4xx_hal.c.obj
                0x08001b5c                HAL_GetTick
 .text.HAL_Delay
                0x08001b68       0x28 CMakeFiles/Project.elf.dir/Drivers/STM32F4xx_HAL_Driver/Src/stm32f4xx_hal.c.obj
                0x08001b68                HAL_Delay
 .text.__NVIC_EnableIRQ
                0x08001b90       0x1c CMakeFiles/Project.elf.dir/Drivers/STM32F4xx_HAL_Driver/Src/stm32f4xx_hal_cortex.c.obj
 .text.__NVIC_SetPriority
                0x08001bac       0x28 CMakeFiles/Project.elf.dir/Drivers/STM32F4xx_HAL_Driver/Src/stm32f4xx_hal_cortex.c.obj
 .text.NVIC_EncodePriority
                0x08001bd4       0x3e CMakeFiles/Project.elf.dir/Drivers/STM32F4xx_HAL_Driver/Src/stm32f4xx_hal_cortex.c.obj
 *fill*         0x08001c12        0x2 
 .text.HAL_NVIC_SetPriorityGrouping
                0x08001c14       0x24 CMakeFiles/Project.elf.dir/Drivers/STM32F4xx_HAL_Driver/Src/stm32f4xx_hal_cortex.c.obj
                0x08001c14                HAL_NVIC_SetPriorityGrouping
 .text.HAL_NVIC_SetPriority
                0x08001c38       0x20 CMakeFiles/Project.elf.dir/Drivers/STM32F4xx_HAL_Driver/Src/stm32f4xx_hal_cortex.c.obj
                0x08001c38                HAL_NVIC_SetPriority
 .text.HAL_NVIC_EnableIRQ
                0x08001c58        0x8 CMakeFiles/Project.elf.dir/Drivers/STM32F4xx_HAL_Driver/Src/stm32f4xx_hal_cortex.c.obj
                0x08001c58                HAL_NVIC_EnableIRQ
 .text.HAL_SYSTICK_Config
                0x08001c60       0x28 CMakeFiles/Project.elf.dir/Drivers/STM32F4xx_HAL_Driver/Src/stm32f4xx_hal_cortex.c.obj
                0x08001c60                HAL_SYSTICK_Config
 .text.HAL_DMA_Abort
                0x08001c88       0x94 CMakeFiles/Project.elf.dir/Drivers/STM32F4xx_HAL_Driver/Src/stm32f4xx_hal_dma.c.obj
                0x08001c88                HAL_DMA_Abort
 .text.HAL_DMA_Abort_IT
                0x08001d1c       0x26 CMakeFiles/Project.elf.dir/Drivers/STM32F4xx_HAL_Driver/Src/stm32f4xx_hal_dma.c.obj
                0x08001d1c                HAL_DMA_Abort_IT
 *fill*         0x08001d42        0x2 
 .text.FLASH_Program_DoubleWord
                0x08001d44       0x2c CMakeFiles/Project.elf.dir/Drivers/STM32F4xx_HAL_Driver/Src/stm32f4xx_hal_flash.c.obj
 .text.FLASH_Program_Word
                0x08001d70       0x24 CMakeFiles/Project.elf.dir/Drivers/STM32F4xx_HAL_Driver/Src/stm32f4xx_hal_flash.c.obj
 .text.FLASH_Program_HalfWord
                0x08001d94       0x24 CMakeFiles/Project.elf.dir/Drivers/STM32F4xx_HAL_Driver/Src/stm32f4xx_hal_flash.c.obj
 .text.FLASH_Program_Byte
                0x08001db8       0x20 CMakeFiles/Project.elf.dir/Drivers/STM32F4xx_HAL_Driver/Src/stm32f4xx_hal_flash.c.obj
 .text.FLASH_SetErrorCode
                0x08001dd8       0xa8 CMakeFiles/Project.elf.dir/Drivers/STM32F4xx_HAL_Driver/Src/stm32f4xx_hal_flash.c.obj
 .text.HAL_FLASH_Unlock
                0x08001e80       0x30 CMakeFiles/Project.elf.dir/Drivers/STM32F4xx_HAL_Driver/Src/stm32f4xx_hal_flash.c.obj
                0x08001e80                HAL_FLASH_Unlock
 .text.HAL_FLASH_Lock
                0x08001eb0       0x14 CMakeFiles/Project.elf.dir/Drivers/STM32F4xx_HAL_Driver/Src/stm32f4xx_hal_flash.c.obj
                0x08001eb0                HAL_FLASH_Lock
 .text.FLASH_WaitForLastOperation
                0x08001ec4       0x60 CMakeFiles/Project.elf.dir/Drivers/STM32F4xx_HAL_Driver/Src/stm32f4xx_hal_flash.c.obj
                0x08001ec4                FLASH_WaitForLastOperation
 .text.HAL_FLASH_Program
                0x08001f24       0x7c CMakeFiles/Project.elf.dir/Drivers/STM32F4xx_HAL_Driver/Src/stm32f4xx_hal_flash.c.obj
                0x08001f24                HAL_FLASH_Program
 .text.FLASH_MassErase
                0x08001fa0       0x24 CMakeFiles/Project.elf.dir/Drivers/STM32F4xx_HAL_Driver/Src/stm32f4xx_hal_flash_ex.c.obj
 .text.FLASH_Erase_Sector
                0x08001fc4       0x4c CMakeFiles/Project.elf.dir/Drivers/STM32F4xx_HAL_Driver/Src/stm32f4xx_hal_flash_ex.c.obj
                0x08001fc4                FLASH_Erase_Sector
 .text.FLASH_FlushCaches
                0x08002010       0x60 CMakeFiles/Project.elf.dir/Drivers/STM32F4xx_HAL_Driver/Src/stm32f4xx_hal_flash_ex.c.obj
                0x08002010                FLASH_FlushCaches
 .text.HAL_FLASHEx_Erase
                0x08002070       0x94 CMakeFiles/Project.elf.dir/Drivers/STM32F4xx_HAL_Driver/Src/stm32f4xx_hal_flash_ex.c.obj
                0x08002070                HAL_FLASHEx_Erase
 .text.HAL_GPIO_Init
                0x08002104      0x1d0 CMakeFiles/Project.elf.dir/Drivers/STM32F4xx_HAL_Driver/Src/stm32f4xx_hal_gpio.c.obj
                0x08002104                HAL_GPIO_Init
 .text.HAL_GPIO_ReadPin
                0x080022d4        0xe CMakeFiles/Project.elf.dir/Drivers/STM32F4xx_HAL_Driver/Src/stm32f4xx_hal_gpio.c.obj
                0x080022d4                HAL_GPIO_ReadPin
 .text.HAL_GPIO_WritePin
                0x080022e2        0xc CMakeFiles/Project.elf.dir/Drivers/STM32F4xx_HAL_Driver/Src/stm32f4xx_hal_gpio.c.obj
                0x080022e2                HAL_GPIO_WritePin
 *fill*         0x080022ee        0x2 
 .text.HAL_RCC_OscConfig
                0x080022f0      0x3f8 CMakeFiles/Project.elf.dir/Drivers/STM32F4xx_HAL_Driver/Src/stm32f4xx_hal_rcc.c.obj
                0x080022f0                HAL_RCC_OscConfig
 .text.HAL_RCC_GetSysClockFreq
                0x080026e8       0xa8 CMakeFiles/Project.elf.dir/Drivers/STM32F4xx_HAL_Driver/Src/stm32f4xx_hal_rcc.c.obj
                0x080026e8                HAL_RCC_GetSysClockFreq
 .text.HAL_RCC_ClockConfig
                0x08002790      0x160 CMakeFiles/Project.elf.dir/Drivers/STM32F4xx_HAL_Driver/Src/stm32f4xx_hal_rcc.c.obj
                0x08002790                HAL_RCC_ClockConfig
 .text.HAL_RCC_GetHCLKFreq
                0x080028f0        0xc CMakeFiles/Project.elf.dir/Drivers/STM32F4xx_HAL_Driver/Src/stm32f4xx_hal_rcc.c.obj
                0x080028f0                HAL_RCC_GetHCLKFreq
 .text.HAL_RCC_GetPCLK1Freq
                0x080028fc       0x20 CMakeFiles/Project.elf.dir/Drivers/STM32F4xx_HAL_Driver/Src/stm32f4xx_hal_rcc.c.obj
                0x080028fc                HAL_RCC_GetPCLK1Freq
 .text.HAL_RCC_GetPCLK2Freq
                0x0800291c       0x20 CMakeFiles/Project.elf.dir/Drivers/STM32F4xx_HAL_Driver/Src/stm32f4xx_hal_rcc.c.obj
                0x0800291c                HAL_RCC_GetPCLK2Freq
 .text.HAL_RCCEx_PeriphCLKConfig
                0x0800293c      0x16c CMakeFiles/Project.elf.dir/Drivers/STM32F4xx_HAL_Driver/Src/stm32f4xx_hal_rcc_ex.c.obj
                0x0800293c                HAL_RCCEx_PeriphCLKConfig
 .text.HAL_RTC_WaitForSynchro
                0x08002aa8       0x34 CMakeFiles/Project.elf.dir/Drivers/STM32F4xx_HAL_Driver/Src/stm32f4xx_hal_rtc.c.obj
                0x08002aa8                HAL_RTC_WaitForSynchro
 .text.RTC_EnterInitMode
                0x08002adc       0x46 CMakeFiles/Project.elf.dir/Drivers/STM32F4xx_HAL_Driver/Src/stm32f4xx_hal_rtc.c.obj
                0x08002adc                RTC_EnterInitMode
 .text.RTC_ExitInitMode
                0x08002b22       0x2a CMakeFiles/Project.elf.dir/Drivers/STM32F4xx_HAL_Driver/Src/stm32f4xx_hal_rtc.c.obj
                0x08002b22                RTC_ExitInitMode
 .text.HAL_RTC_Init
                0x08002b4c       0x9e CMakeFiles/Project.elf.dir/Drivers/STM32F4xx_HAL_Driver/Src/stm32f4xx_hal_rtc.c.obj
                0x08002b4c                HAL_RTC_Init
 .text.RTC_ByteToBcd2
                0x08002bea       0x16 CMakeFiles/Project.elf.dir/Drivers/STM32F4xx_HAL_Driver/Src/stm32f4xx_hal_rtc.c.obj
                0x08002bea                RTC_ByteToBcd2
 .text.HAL_RTC_SetTime
                0x08002c00       0xc0 CMakeFiles/Project.elf.dir/Drivers/STM32F4xx_HAL_Driver/Src/stm32f4xx_hal_rtc.c.obj
                0x08002c00                HAL_RTC_SetTime
 .text.HAL_RTC_SetDate
                0x08002cc0       0x9c CMakeFiles/Project.elf.dir/Drivers/STM32F4xx_HAL_Driver/Src/stm32f4xx_hal_rtc.c.obj
                0x08002cc0                HAL_RTC_SetDate
 .text.RTC_Bcd2ToByte
                0x08002d5c       0x12 CMakeFiles/Project.elf.dir/Drivers/STM32F4xx_HAL_Driver/Src/stm32f4xx_hal_rtc.c.obj
                0x08002d5c                RTC_Bcd2ToByte
 .text.HAL_RTC_GetTime
                0x08002d6e       0x4c CMakeFiles/Project.elf.dir/Drivers/STM32F4xx_HAL_Driver/Src/stm32f4xx_hal_rtc.c.obj
                0x08002d6e                HAL_RTC_GetTime
 .text.HAL_RTC_GetDate
                0x08002dba       0x3c CMakeFiles/Project.elf.dir/Drivers/STM32F4xx_HAL_Driver/Src/stm32f4xx_hal_rtc.c.obj
                0x08002dba                HAL_RTC_GetDate
 .text.TIM_TI1_ConfigInputStage
                0x08002df6       0x24 CMakeFiles/Project.elf.dir/Drivers/STM32F4xx_HAL_Driver/Src/stm32f4xx_hal_tim.c.obj
 .text.TIM_TI2_ConfigInputStage
                0x08002e1a       0x26 CMakeFiles/Project.elf.dir/Drivers/STM32F4xx_HAL_Driver/Src/stm32f4xx_hal_tim.c.obj
 .text.TIM_ITRx_SetConfig
                0x08002e40       0x10 CMakeFiles/Project.elf.dir/Drivers/STM32F4xx_HAL_Driver/Src/stm32f4xx_hal_tim.c.obj
 .text.HAL_TIM_Base_Start
                0x08002e50       0x6c CMakeFiles/Project.elf.dir/Drivers/STM32F4xx_HAL_Driver/Src/stm32f4xx_hal_tim.c.obj
                0x08002e50                HAL_TIM_Base_Start
 .text.HAL_TIM_OC_DelayElapsedCallback
                0x08002ebc        0x2 CMakeFiles/Project.elf.dir/Drivers/STM32F4xx_HAL_Driver/Src/stm32f4xx_hal_tim.c.obj
                0x08002ebc                HAL_TIM_OC_DelayElapsedCallback
 .text.HAL_TIM_IC_CaptureCallback
                0x08002ebe        0x2 CMakeFiles/Project.elf.dir/Drivers/STM32F4xx_HAL_Driver/Src/stm32f4xx_hal_tim.c.obj
                0x08002ebe                HAL_TIM_IC_CaptureCallback
 .text.HAL_TIM_PWM_PulseFinishedCallback
                0x08002ec0        0x2 CMakeFiles/Project.elf.dir/Drivers/STM32F4xx_HAL_Driver/Src/stm32f4xx_hal_tim.c.obj
                0x08002ec0                HAL_TIM_PWM_PulseFinishedCallback
 .text.HAL_TIM_TriggerCallback
                0x08002ec2        0x2 CMakeFiles/Project.elf.dir/Drivers/STM32F4xx_HAL_Driver/Src/stm32f4xx_hal_tim.c.obj
                0x08002ec2                HAL_TIM_TriggerCallback
 .text.HAL_TIM_IRQHandler
                0x08002ec4      0x15e CMakeFiles/Project.elf.dir/Drivers/STM32F4xx_HAL_Driver/Src/stm32f4xx_hal_tim.c.obj
                0x08002ec4                HAL_TIM_IRQHandler
 *fill*         0x08003022        0x2 
 .text.TIM_Base_SetConfig
                0x08003024       0xac CMakeFiles/Project.elf.dir/Drivers/STM32F4xx_HAL_Driver/Src/stm32f4xx_hal_tim.c.obj
                0x08003024                TIM_Base_SetConfig
 .text.HAL_TIM_Base_Init
                0x080030d0       0x58 CMakeFiles/Project.elf.dir/Drivers/STM32F4xx_HAL_Driver/Src/stm32f4xx_hal_tim.c.obj
                0x080030d0                HAL_TIM_Base_Init
 .text.TIM_ETR_SetConfig
                0x08003128       0x18 CMakeFiles/Project.elf.dir/Drivers/STM32F4xx_HAL_Driver/Src/stm32f4xx_hal_tim.c.obj
                0x08003128                TIM_ETR_SetConfig
 .text.HAL_TIM_ConfigClockSource
                0x08003140       0xfe CMakeFiles/Project.elf.dir/Drivers/STM32F4xx_HAL_Driver/Src/stm32f4xx_hal_tim.c.obj
                0x08003140                HAL_TIM_ConfigClockSource
 *fill*         0x0800323e        0x2 
 .text.HAL_TIMEx_MasterConfigSynchronization
                0x08003240       0x7c CMakeFiles/Project.elf.dir/Drivers/STM32F4xx_HAL_Driver/Src/stm32f4xx_hal_tim_ex.c.obj
                0x08003240                HAL_TIMEx_MasterConfigSynchronization
 .text.HAL_TIMEx_CommutCallback
                0x080032bc        0x2 CMakeFiles/Project.elf.dir/Drivers/STM32F4xx_HAL_Driver/Src/stm32f4xx_hal_tim_ex.c.obj
                0x080032bc                HAL_TIMEx_CommutCallback
 .text.HAL_TIMEx_BreakCallback
                0x080032be        0x2 CMakeFiles/Project.elf.dir/Drivers/STM32F4xx_HAL_Driver/Src/stm32f4xx_hal_tim_ex.c.obj
                0x080032be                HAL_TIMEx_BreakCallback
 .text.UART_EndRxTransfer
                0x080032c0       0x5c CMakeFiles/Project.elf.dir/Drivers/STM32F4xx_HAL_Driver/Src/stm32f4xx_hal_uart.c.obj
 .text.UART_Transmit_IT
                0x0800331c       0x60 CMakeFiles/Project.elf.dir/Drivers/STM32F4xx_HAL_Driver/Src/stm32f4xx_hal_uart.c.obj
 .text.UART_SetConfig
                0x0800337c      0x110 CMakeFiles/Project.elf.dir/Drivers/STM32F4xx_HAL_Driver/Src/stm32f4xx_hal_uart.c.obj
 .text.UART_WaitOnFlagUntilTimeout
                0x0800348c       0x86 CMakeFiles/Project.elf.dir/Drivers/STM32F4xx_HAL_Driver/Src/stm32f4xx_hal_uart.c.obj
 .text.HAL_UART_Init
                0x08003512       0x60 CMakeFiles/Project.elf.dir/Drivers/STM32F4xx_HAL_Driver/Src/stm32f4xx_hal_uart.c.obj
                0x08003512                HAL_UART_Init
 .text.HAL_UART_Transmit
                0x08003572       0xcc CMakeFiles/Project.elf.dir/Drivers/STM32F4xx_HAL_Driver/Src/stm32f4xx_hal_uart.c.obj
                0x08003572                HAL_UART_Transmit
 .text.HAL_UART_TxCpltCallback
                0x0800363e        0x2 CMakeFiles/Project.elf.dir/Drivers/STM32F4xx_HAL_Driver/Src/stm32f4xx_hal_uart.c.obj
                0x0800363e                HAL_UART_TxCpltCallback
 .text.UART_EndTransmit_IT
                0x08003640       0x1a CMakeFiles/Project.elf.dir/Drivers/STM32F4xx_HAL_Driver/Src/stm32f4xx_hal_uart.c.obj
 .text.HAL_UART_ErrorCallback
                0x0800365a        0x2 CMakeFiles/Project.elf.dir/Drivers/STM32F4xx_HAL_Driver/Src/stm32f4xx_hal_uart.c.obj
                0x0800365a                HAL_UART_ErrorCallback
 .text.UART_DMAAbortOnError
                0x0800365c       0x10 CMakeFiles/Project.elf.dir/Drivers/STM32F4xx_HAL_Driver/Src/stm32f4xx_hal_uart.c.obj
 .text.HAL_UARTEx_RxEventCallback
                0x0800366c        0x2 CMakeFiles/Project.elf.dir/Drivers/STM32F4xx_HAL_Driver/Src/stm32f4xx_hal_uart.c.obj
                0x0800366c                HAL_UARTEx_RxEventCallback
 .text.UART_Receive_IT
                0x0800366e       0xe6 CMakeFiles/Project.elf.dir/Drivers/STM32F4xx_HAL_Driver/Src/stm32f4xx_hal_uart.c.obj
 .text.HAL_UART_IRQHandler
                0x08003754      0x284 CMakeFiles/Project.elf.dir/Drivers/STM32F4xx_HAL_Driver/Src/stm32f4xx_hal_uart.c.obj
                0x08003754                HAL_UART_IRQHandler
 .text.UART_Start_Receive_IT
                0x080039d8       0x36 CMakeFiles/Project.elf.dir/Drivers/STM32F4xx_HAL_Driver/Src/stm32f4xx_hal_uart.c.obj
                0x080039d8                UART_Start_Receive_IT
 .text.HAL_UART_Receive_IT
                0x08003a0e       0x26 CMakeFiles/Project.elf.dir/Drivers/STM32F4xx_HAL_Driver/Src/stm32f4xx_hal_uart.c.obj
                0x08003a0e                HAL_UART_Receive_IT
 .text.__udivmoddi4
                0x08003a34      0x2bc /Applications/ArmGNUToolchain/13.2.Rel1/arm-none-eabi/bin/../lib/gcc/arm-none-eabi/13.2.1/thumb/v7e-m/nofp/libgcc.a(_udivmoddi4.o)
                0x08003a34                __udivmoddi4
 .text.malloc   0x08003cf0       0x10 /Applications/ArmGNUToolchain/13.2.Rel1/arm-none-eabi/bin/../lib/gcc/arm-none-eabi/13.2.1/../../../../arm-none-eabi/lib/thumb/v7e-m/nofp/libg.a(libc_a-malloc.o)
                0x08003cf0                malloc
 .text.free     0x08003d00       0x10 /Applications/ArmGNUToolchain/13.2.Rel1/arm-none-eabi/bin/../lib/gcc/arm-none-eabi/13.2.1/../../../../arm-none-eabi/lib/thumb/v7e-m/nofp/libg.a(libc_a-malloc.o)
                0x08003d00                free
 .text._malloc_r
                0x08003d10      0x564 /Applications/ArmGNUToolchain/13.2.Rel1/arm-none-eabi/bin/../lib/gcc/arm-none-eabi/13.2.1/../../../../arm-none-eabi/lib/thumb/v7e-m/nofp/libg.a(libc_a-mallocr.o)
                0x08003d10                _malloc_r
 .text.__malloc_lock
                0x08004274        0xc /Applications/ArmGNUToolchain/13.2.Rel1/arm-none-eabi/bin/../lib/gcc/arm-none-eabi/13.2.1/../../../../arm-none-eabi/lib/thumb/v7e-m/nofp/libg.a(libc_a-mlock.o)
                0x08004274                __malloc_lock
 .text.__malloc_unlock
                0x08004280        0xc /Applications/ArmGNUToolchain/13.2.Rel1/arm-none-eabi/bin/../lib/gcc/arm-none-eabi/13.2.1/../../../../arm-none-eabi/lib/thumb/v7e-m/nofp/libg.a(libc_a-mlock.o)
                0x08004280                __malloc_unlock
 .text.sprintf  0x0800428c       0x40 /Applications/ArmGNUToolchain/13.2.Rel1/arm-none-eabi/bin/../lib/gcc/arm-none-eabi/13.2.1/../../../../arm-none-eabi/lib/thumb/v7e-m/nofp/libg.a(libc_a-sprintf.o)
                0x0800428c                sprintf
 .text.stdio_exit_handler
                0x080042cc       0x18 /Applications/ArmGNUToolchain/13.2.Rel1/arm-none-eabi/bin/../lib/gcc/arm-none-eabi/13.2.1/../../../../arm-none-eabi/lib/thumb/v7e-m/nofp/libg.a(libc_a-findfp.o)
 .text.cleanup_stdio
                0x080042e4       0x40 /Applications/ArmGNUToolchain/13.2.Rel1/arm-none-eabi/bin/../lib/gcc/arm-none-eabi/13.2.1/../../../../arm-none-eabi/lib/thumb/v7e-m/nofp/libg.a(libc_a-findfp.o)
 .text.global_stdio_init.part.0
                0x08004324       0xf0 /Applications/ArmGNUToolchain/13.2.Rel1/arm-none-eabi/bin/../lib/gcc/arm-none-eabi/13.2.1/../../../../arm-none-eabi/lib/thumb/v7e-m/nofp/libg.a(libc_a-findfp.o)
 .text.__sinit  0x08004414       0x3c /Applications/ArmGNUToolchain/13.2.Rel1/arm-none-eabi/bin/../lib/gcc/arm-none-eabi/13.2.1/../../../../arm-none-eabi/lib/thumb/v7e-m/nofp/libg.a(libc_a-findfp.o)
                0x08004414                __sinit
 .text.__sfp_lock_acquire
                0x08004450        0xc /Applications/ArmGNUToolchain/13.2.Rel1/arm-none-eabi/bin/../lib/gcc/arm-none-eabi/13.2.1/../../../../arm-none-eabi/lib/thumb/v7e-m/nofp/libg.a(libc_a-findfp.o)
                0x08004450                __sfp_lock_acquire
 .text.__sfp_lock_release
                0x0800445c        0xc /Applications/ArmGNUToolchain/13.2.Rel1/arm-none-eabi/bin/../lib/gcc/arm-none-eabi/13.2.1/../../../../arm-none-eabi/lib/thumb/v7e-m/nofp/libg.a(libc_a-findfp.o)
                0x0800445c                __sfp_lock_release
 .text._fwalk_sglue
                0x08004468       0x44 /Applications/ArmGNUToolchain/13.2.Rel1/arm-none-eabi/bin/../lib/gcc/arm-none-eabi/13.2.1/../../../../arm-none-eabi/lib/thumb/v7e-m/nofp/libg.a(libc_a-fwalk.o)
                0x08004468                _fwalk_sglue
 .text.memset   0x080044ac       0xa4 /Applications/ArmGNUToolchain/13.2.Rel1/arm-none-eabi/bin/../lib/gcc/arm-none-eabi/13.2.1/../../../../arm-none-eabi/lib/thumb/v7e-m/nofp/libg.a(libc_a-memset.o)
                0x080044ac                memset
 .text._sbrk_r  0x08004550       0x24 /Applications/ArmGNUToolchain/13.2.Rel1/arm-none-eabi/bin/../lib/gcc/arm-none-eabi/13.2.1/../../../../arm-none-eabi/lib/thumb/v7e-m/nofp/libg.a(libc_a-sbrkr.o)
                0x08004550                _sbrk_r
 .text.__errno  0x08004574        0xc /Applications/ArmGNUToolchain/13.2.Rel1/arm-none-eabi/bin/../lib/gcc/arm-none-eabi/13.2.1/../../../../arm-none-eabi/lib/thumb/v7e-m/nofp/libg.a(libc_a-errno.o)
                0x08004574                __errno
 .text.sysconf  0x08004580       0x1c /Applications/ArmGNUToolchain/13.2.Rel1/arm-none-eabi/bin/../lib/gcc/arm-none-eabi/13.2.1/../../../../arm-none-eabi/lib/thumb/v7e-m/nofp/libg.a(libc_a-sysconf.o)
                0x08004580                sysconf
 .text.__libc_init_array
                0x0800459c       0x50 /Applications/ArmGNUToolchain/13.2.Rel1/arm-none-eabi/bin/../lib/gcc/arm-none-eabi/13.2.1/../../../../arm-none-eabi/lib/thumb/v7e-m/nofp/libg.a(libc_a-init.o)
                0x0800459c                __libc_init_array
 .text.__retarget_lock_init_recursive
                0x080045ec        0x4 /Applications/ArmGNUToolchain/13.2.Rel1/arm-none-eabi/bin/../lib/gcc/arm-none-eabi/13.2.1/../../../../arm-none-eabi/lib/thumb/v7e-m/nofp/libg.a(libc_a-lock.o)
                0x080045ec                __retarget_lock_init_recursive
 .text.__retarget_lock_close_recursive
                0x080045f0        0x4 /Applications/ArmGNUToolchain/13.2.Rel1/arm-none-eabi/bin/../lib/gcc/arm-none-eabi/13.2.1/../../../../arm-none-eabi/lib/thumb/v7e-m/nofp/libg.a(libc_a-lock.o)
                0x080045f0                __retarget_lock_close_recursive
 .text.__retarget_lock_acquire_recursive
                0x080045f4        0x4 /Applications/ArmGNUToolchain/13.2.Rel1/arm-none-eabi/bin/../lib/gcc/arm-none-eabi/13.2.1/../../../../arm-none-eabi/lib/thumb/v7e-m/nofp/libg.a(libc_a-lock.o)
                0x080045f4                __retarget_lock_acquire_recursive
 .text.__retarget_lock_release_recursive
                0x080045f8        0x4 /Applications/ArmGNUToolchain/13.2.Rel1/arm-none-eabi/bin/../lib/gcc/arm-none-eabi/13.2.1/../../../../arm-none-eabi/lib/thumb/v7e-m/nofp/libg.a(libc_a-lock.o)
                0x080045f8                __retarget_lock_release_recursive
 .text.startup.register_fini
                0x080045fc       0x14 /Applications/ArmGNUToolchain/13.2.Rel1/arm-none-eabi/bin/../lib/gcc/arm-none-eabi/13.2.1/../../../../arm-none-eabi/lib/thumb/v7e-m/nofp/libg.a(libc_a-__call_atexit.o)
 .text.atexit   0x08004610        0xc /Applications/ArmGNUToolchain/13.2.Rel1/arm-none-eabi/bin/../lib/gcc/arm-none-eabi/13.2.1/../../../../arm-none-eabi/lib/thumb/v7e-m/nofp/libg.a(libc_a-atexit.o)
                0x08004610                atexit
 .text._malloc_trim_r
                0x0800461c       0xb8 /Applications/ArmGNUToolchain/13.2.Rel1/arm-none-eabi/bin/../lib/gcc/arm-none-eabi/13.2.1/../../../../arm-none-eabi/lib/thumb/v7e-m/nofp/libg.a(libc_a-freer.o)
                0x0800461c                _malloc_trim_r
 .text._free_r  0x080046d4      0x1f8 /Applications/ArmGNUToolchain/13.2.Rel1/arm-none-eabi/bin/../lib/gcc/arm-none-eabi/13.2.1/../../../../arm-none-eabi/lib/thumb/v7e-m/nofp/libg.a(libc_a-freer.o)
                0x080046d4                _free_r
 .text._svfprintf_r
                0x080048cc     0x1b6c /Applications/ArmGNUToolchain/13.2.Rel1/arm-none-eabi/bin/../lib/gcc/arm-none-eabi/13.2.1/../../../../arm-none-eabi/lib/thumb/v7e-m/nofp/libg.a(libc_a-svfprintf.o)
                0x080048cc                _svfprintf_r
 .text._fclose_r
                0x08006438       0xc0 /Applications/ArmGNUToolchain/13.2.Rel1/arm-none-eabi/bin/../lib/gcc/arm-none-eabi/13.2.1/../../../../arm-none-eabi/lib/thumb/v7e-m/nofp/libg.a(libc_a-fclose.o)
                0x08006438                _fclose_r
 .text.__sflush_r
                0x080064f8      0x128 /Applications/ArmGNUToolchain/13.2.Rel1/arm-none-eabi/bin/../lib/gcc/arm-none-eabi/13.2.1/../../../../arm-none-eabi/lib/thumb/v7e-m/nofp/libg.a(libc_a-fflush.o)
                0x080064f8                __sflush_r
 .text._fflush_r
                0x08006620       0x54 /Applications/ArmGNUToolchain/13.2.Rel1/arm-none-eabi/bin/../lib/gcc/arm-none-eabi/13.2.1/../../../../arm-none-eabi/lib/thumb/v7e-m/nofp/libg.a(libc_a-fflush.o)
                0x08006620                _fflush_r
 .text.__sread  0x08006674       0x24 /Applications/ArmGNUToolchain/13.2.Rel1/arm-none-eabi/bin/../lib/gcc/arm-none-eabi/13.2.1/../../../../arm-none-eabi/lib/thumb/v7e-m/nofp/libg.a(libc_a-stdio.o)
                0x08006674                __sread
 .text.__swrite
                0x08006698       0x40 /Applications/ArmGNUToolchain/13.2.Rel1/arm-none-eabi/bin/../lib/gcc/arm-none-eabi/13.2.1/../../../../arm-none-eabi/lib/thumb/v7e-m/nofp/libg.a(libc_a-stdio.o)
                0x08006698                __swrite
 .text.__sseek  0x080066d8       0x24 /Applications/ArmGNUToolchain/13.2.Rel1/arm-none-eabi/bin/../lib/gcc/arm-none-eabi/13.2.1/../../../../arm-none-eabi/lib/thumb/v7e-m/nofp/libg.a(libc_a-stdio.o)
                0x080066d8                __sseek
 .text.__sclose
                0x080066fc        0x8 /Applications/ArmGNUToolchain/13.2.Rel1/arm-none-eabi/bin/../lib/gcc/arm-none-eabi/13.2.1/../../../../arm-none-eabi/lib/thumb/v7e-m/nofp/libg.a(libc_a-stdio.o)
                0x080066fc                __sclose
 .text.strncpy  0x08006704       0x68 /Applications/ArmGNUToolchain/13.2.Rel1/arm-none-eabi/bin/../lib/gcc/arm-none-eabi/13.2.1/../../../../arm-none-eabi/lib/thumb/v7e-m/nofp/libg.a(libc_a-strncpy.o)
                0x08006704                strncpy
 .text.__locale_mb_cur_max
                0x0800676c        0xc /Applications/ArmGNUToolchain/13.2.Rel1/arm-none-eabi/bin/../lib/gcc/arm-none-eabi/13.2.1/../../../../arm-none-eabi/lib/thumb/v7e-m/nofp/libg.a(libc_a-locale.o)
                0x0800676c                __locale_mb_cur_max
 .text._localeconv_r
                0x08006778        0x8 /Applications/ArmGNUToolchain/13.2.Rel1/arm-none-eabi/bin/../lib/gcc/arm-none-eabi/13.2.1/../../../../arm-none-eabi/lib/thumb/v7e-m/nofp/libg.a(libc_a-localeconv.o)
                0x08006778                _localeconv_r
 .text._close_r
                0x08006780       0x24 /Applications/ArmGNUToolchain/13.2.Rel1/arm-none-eabi/bin/../lib/gcc/arm-none-eabi/13.2.1/../../../../arm-none-eabi/lib/thumb/v7e-m/nofp/libg.a(libc_a-closer.o)
                0x08006780                _close_r
 .text._lseek_r
                0x080067a4       0x2c /Applications/ArmGNUToolchain/13.2.Rel1/arm-none-eabi/bin/../lib/gcc/arm-none-eabi/13.2.1/../../../../arm-none-eabi/lib/thumb/v7e-m/nofp/libg.a(libc_a-lseekr.o)
                0x080067a4                _lseek_r
 .text._read_r  0x080067d0       0x2c /Applications/ArmGNUToolchain/13.2.Rel1/arm-none-eabi/bin/../lib/gcc/arm-none-eabi/13.2.1/../../../../arm-none-eabi/lib/thumb/v7e-m/nofp/libg.a(libc_a-readr.o)
                0x080067d0                _read_r
 .text._write_r
                0x080067fc       0x2c /Applications/ArmGNUToolchain/13.2.Rel1/arm-none-eabi/bin/../lib/gcc/arm-none-eabi/13.2.1/../../../../arm-none-eabi/lib/thumb/v7e-m/nofp/libg.a(libc_a-writer.o)
                0x080067fc                _write_r
 .text.__libc_fini_array
                0x08006828       0x28 /Applications/ArmGNUToolchain/13.2.Rel1/arm-none-eabi/bin/../lib/gcc/arm-none-eabi/13.2.1/../../../../arm-none-eabi/lib/thumb/v7e-m/nofp/libg.a(libc_a-fini.o)
                0x08006828                __libc_fini_array
 .text._wcrtomb_r
                0x08006850       0x4c /Applications/ArmGNUToolchain/13.2.Rel1/arm-none-eabi/bin/../lib/gcc/arm-none-eabi/13.2.1/../../../../arm-none-eabi/lib/thumb/v7e-m/nofp/libg.a(libc_a-wcrtomb.o)
                0x08006850                _wcrtomb_r
 .text._wcsrtombs_r
                0x0800689c       0x1c /Applications/ArmGNUToolchain/13.2.Rel1/arm-none-eabi/bin/../lib/gcc/arm-none-eabi/13.2.1/../../../../arm-none-eabi/lib/thumb/v7e-m/nofp/libg.a(libc_a-wcsrtombs.o)
                0x0800689c                _wcsrtombs_r
 .text.__register_exitproc
                0x080068b8       0x80 /Applications/ArmGNUToolchain/13.2.Rel1/arm-none-eabi/bin/../lib/gcc/arm-none-eabi/13.2.1/../../../../arm-none-eabi/lib/thumb/v7e-m/nofp/libg.a(libc_a-__atexit.o)
                0x080068b8                __register_exitproc
 .text.frexp    0x08006938       0x6c /Applications/ArmGNUToolchain/13.2.Rel1/arm-none-eabi/bin/../lib/gcc/arm-none-eabi/13.2.1/../../../../arm-none-eabi/lib/thumb/v7e-m/nofp/libg.a(libm_a-s_frexp.o)
                0x08006938                frexp
 .text.quorem   0x080069a4      0x12c /Applications/ArmGNUToolchain/13.2.Rel1/arm-none-eabi/bin/../lib/gcc/arm-none-eabi/13.2.1/../../../../arm-none-eabi/lib/thumb/v7e-m/nofp/libg.a(libc_a-dtoa.o)
 .text._dtoa_r  0x08006ad0      0xe80 /Applications/ArmGNUToolchain/13.2.Rel1/arm-none-eabi/bin/../lib/gcc/arm-none-eabi/13.2.1/../../../../arm-none-eabi/lib/thumb/v7e-m/nofp/libg.a(libc_a-dtoa.o)
                0x08006ad0                _dtoa_r
 .text.__ascii_mbtowc
                0x08007950       0x2c /Applications/ArmGNUToolchain/13.2.Rel1/arm-none-eabi/bin/../lib/gcc/arm-none-eabi/13.2.1/../../../../arm-none-eabi/lib/thumb/v7e-m/nofp/libg.a(libc_a-mbtowc_r.o)
                0x08007950                __ascii_mbtowc
 .text.__ssprint_r
                0x0800797c      0x108 /Applications/ArmGNUToolchain/13.2.Rel1/arm-none-eabi/bin/../lib/gcc/arm-none-eabi/13.2.1/../../../../arm-none-eabi/lib/thumb/v7e-m/nofp/libg.a(libc_a-svfiprintf.o)
                0x0800797c                __ssprint_r
 .text._Balloc  0x08007a84       0x4c /Applications/ArmGNUToolchain/13.2.Rel1/arm-none-eabi/bin/../lib/gcc/arm-none-eabi/13.2.1/../../../../arm-none-eabi/lib/thumb/v7e-m/nofp/libg.a(libc_a-mprec.o)
                0x08007a84                _Balloc
 .text._Bfree   0x08007ad0       0x14 /Applications/ArmGNUToolchain/13.2.Rel1/arm-none-eabi/bin/../lib/gcc/arm-none-eabi/13.2.1/../../../../arm-none-eabi/lib/thumb/v7e-m/nofp/libg.a(libc_a-mprec.o)
                0x08007ad0                _Bfree
 .text.__multadd
                0x08007ae4       0xa0 /Applications/ArmGNUToolchain/13.2.Rel1/arm-none-eabi/bin/../lib/gcc/arm-none-eabi/13.2.1/../../../../arm-none-eabi/lib/thumb/v7e-m/nofp/libg.a(libc_a-mprec.o)
                0x08007ae4                __multadd
 .text.__hi0bits
                0x08007b84       0x44 /Applications/ArmGNUToolchain/13.2.Rel1/arm-none-eabi/bin/../lib/gcc/arm-none-eabi/13.2.1/../../../../arm-none-eabi/lib/thumb/v7e-m/nofp/libg.a(libc_a-mprec.o)
                0x08007b84                __hi0bits
 .text.__lo0bits
                0x08007bc8       0x60 /Applications/ArmGNUToolchain/13.2.Rel1/arm-none-eabi/bin/../lib/gcc/arm-none-eabi/13.2.1/../../../../arm-none-eabi/lib/thumb/v7e-m/nofp/libg.a(libc_a-mprec.o)
                0x08007bc8                __lo0bits
 .text.__i2b    0x08007c28       0x5c /Applications/ArmGNUToolchain/13.2.Rel1/arm-none-eabi/bin/../lib/gcc/arm-none-eabi/13.2.1/../../../../arm-none-eabi/lib/thumb/v7e-m/nofp/libg.a(libc_a-mprec.o)
                0x08007c28                __i2b
 .text.__multiply
                0x08007c84      0x16c /Applications/ArmGNUToolchain/13.2.Rel1/arm-none-eabi/bin/../lib/gcc/arm-none-eabi/13.2.1/../../../../arm-none-eabi/lib/thumb/v7e-m/nofp/libg.a(libc_a-mprec.o)
                0x08007c84                __multiply
 .text.__pow5mult
                0x08007df0       0xb4 /Applications/ArmGNUToolchain/13.2.Rel1/arm-none-eabi/bin/../lib/gcc/arm-none-eabi/13.2.1/../../../../arm-none-eabi/lib/thumb/v7e-m/nofp/libg.a(libc_a-mprec.o)
                0x08007df0                __pow5mult
 .text.__lshift
                0x08007ea4       0xf0 /Applications/ArmGNUToolchain/13.2.Rel1/arm-none-eabi/bin/../lib/gcc/arm-none-eabi/13.2.1/../../../../arm-none-eabi/lib/thumb/v7e-m/nofp/libg.a(libc_a-mprec.o)
                0x08007ea4                __lshift
 .text.__mcmp   0x08007f94       0x40 /Applications/ArmGNUToolchain/13.2.Rel1/arm-none-eabi/bin/../lib/gcc/arm-none-eabi/13.2.1/../../../../arm-none-eabi/lib/thumb/v7e-m/nofp/libg.a(libc_a-mprec.o)
                0x08007f94                __mcmp
 .text.__mdiff  0x08007fd4      0x178 /Applications/ArmGNUToolchain/13.2.Rel1/arm-none-eabi/bin/../lib/gcc/arm-none-eabi/13.2.1/../../../../arm-none-eabi/lib/thumb/v7e-m/nofp/libg.a(libc_a-mprec.o)
                0x08007fd4                __mdiff
 .text.__d2b    0x0800814c       0xbc /Applications/ArmGNUToolchain/13.2.Rel1/arm-none-eabi/bin/../lib/gcc/arm-none-eabi/13.2.1/../../../../arm-none-eabi/lib/thumb/v7e-m/nofp/libg.a(libc_a-mprec.o)
                0x0800814c                __d2b
 .text._realloc_r
                0x08008208      0x344 /Applications/ArmGNUToolchain/13.2.Rel1/arm-none-eabi/bin/../lib/gcc/arm-none-eabi/13.2.1/../../../../arm-none-eabi/lib/thumb/v7e-m/nofp/libg.a(libc_a-reallocr.o)
                0x08008208                _realloc_r
 .text.__ascii_wctomb
                0x0800854c       0x1c /Applications/ArmGNUToolchain/13.2.Rel1/arm-none-eabi/bin/../lib/gcc/arm-none-eabi/13.2.1/../../../../arm-none-eabi/lib/thumb/v7e-m/nofp/libg.a(libc_a-wctomb_r.o)
                0x0800854c                __ascii_wctomb
 .text.memmove  0x08008568      0x100 /Applications/ArmGNUToolchain/13.2.Rel1/arm-none-eabi/bin/../lib/gcc/arm-none-eabi/13.2.1/../../../../arm-none-eabi/lib/thumb/v7e-m/nofp/libg.a(libc_a-memmove.o)
                0x08008568                memmove
 .text._wcsnrtombs_l
                0x08008668       0xec /Applications/ArmGNUToolchain/13.2.Rel1/arm-none-eabi/bin/../lib/gcc/arm-none-eabi/13.2.1/../../../../arm-none-eabi/lib/thumb/v7e-m/nofp/libg.a(libc_a-wcsnrtombs.o)
                0x08008668                _wcsnrtombs_l
 .text._wcsnrtombs_r
                0x08008754       0x24 /Applications/ArmGNUToolchain/13.2.Rel1/arm-none-eabi/bin/../lib/gcc/arm-none-eabi/13.2.1/../../../../arm-none-eabi/lib/thumb/v7e-m/nofp/libg.a(libc_a-wcsnrtombs.o)
                0x08008754                _wcsnrtombs_r
 .text.__assert_func
                0x08008778       0x40 /Applications/ArmGNUToolchain/13.2.Rel1/arm-none-eabi/bin/../lib/gcc/arm-none-eabi/13.2.1/../../../../arm-none-eabi/lib/thumb/v7e-m/nofp/libg.a(libc_a-assert.o)
                0x08008778                __assert_func
 .text._calloc_r
                0x080087b8       0x6c /Applications/ArmGNUToolchain/13.2.Rel1/arm-none-eabi/bin/../lib/gcc/arm-none-eabi/13.2.1/../../../../arm-none-eabi/lib/thumb/v7e-m/nofp/libg.a(libc_a-callocr.o)
                0x080087b8                _calloc_r
 .text.fiprintf
                0x08008824       0x28 /Applications/ArmGNUToolchain/13.2.Rel1/arm-none-eabi/bin/../lib/gcc/arm-none-eabi/13.2.1/../../../../arm-none-eabi/lib/thumb/v7e-m/nofp/libg.a(libc_a-fiprintf.o)
                0x08008824                fiprintf
 .text.__sprint_r.part.0
                0x0800884c       0x78 /Applications/ArmGNUToolchain/13.2.Rel1/arm-none-eabi/bin/../lib/gcc/arm-none-eabi/13.2.1/../../../../arm-none-eabi/lib/thumb/v7e-m/nofp/libg.a(libc_a-vfiprintf.o)
 .text._vfiprintf_r
                0x080088c4     0x100c /Applications/ArmGNUToolchain/13.2.Rel1/arm-none-eabi/bin/../lib/gcc/arm-none-eabi/13.2.1/../../../../arm-none-eabi/lib/thumb/v7e-m/nofp/libg.a(libc_a-vfiprintf.o)
                0x080088c4                _vfiprintf_r
 .text.__sbprintf
                0x080098d0       0x80 /Applications/ArmGNUToolchain/13.2.Rel1/arm-none-eabi/bin/../lib/gcc/arm-none-eabi/13.2.1/../../../../arm-none-eabi/lib/thumb/v7e-m/nofp/libg.a(libc_a-vfiprintf.o)
 .text.__sfvwrite_r
                0x08009950      0x2f8 /Applications/ArmGNUToolchain/13.2.Rel1/arm-none-eabi/bin/../lib/gcc/arm-none-eabi/13.2.1/../../../../arm-none-eabi/lib/thumb/v7e-m/nofp/libg.a(libc_a-fvwrite.o)
                0x08009950                __sfvwrite_r
 .text.__swsetup_r
                0x08009c48       0xc4 /Applications/ArmGNUToolchain/13.2.Rel1/arm-none-eabi/bin/../lib/gcc/arm-none-eabi/13.2.1/../../../../arm-none-eabi/lib/thumb/v7e-m/nofp/libg.a(libc_a-wsetup.o)
                0x08009c48                __swsetup_r
 .text.__fputwc
                0x08009d0c       0x7c /Applications/ArmGNUToolchain/13.2.Rel1/arm-none-eabi/bin/../lib/gcc/arm-none-eabi/13.2.1/../../../../arm-none-eabi/lib/thumb/v7e-m/nofp/libg.a(libc_a-fputwc.o)
                0x08009d0c                __fputwc
 .text._fputwc_r
                0x08009d88       0x60 /Applications/ArmGNUToolchain/13.2.Rel1/arm-none-eabi/bin/../lib/gcc/arm-none-eabi/13.2.1/../../../../arm-none-eabi/lib/thumb/v7e-m/nofp/libg.a(libc_a-fputwc.o)
                0x08009d88                _fputwc_r
 .text.abort    0x08009de8       0x10 /Applications/ArmGNUToolchain/13.2.Rel1/arm-none-eabi/bin/../lib/gcc/arm-none-eabi/13.2.1/../../../../arm-none-eabi/lib/thumb/v7e-m/nofp/libg.a(libc_a-abort.o)
                0x08009de8                abort
 .text.__smakebuf_r
                0x08009df8       0xdc /Applications/ArmGNUToolchain/13.2.Rel1/arm-none-eabi/bin/../lib/gcc/arm-none-eabi/13.2.1/../../../../arm-none-eabi/lib/thumb/v7e-m/nofp/libg.a(libc_a-makebuf.o)
                0x08009df8                __smakebuf_r
 .text.__swbuf_r
                0x08009ed4       0xac /Applications/ArmGNUToolchain/13.2.Rel1/arm-none-eabi/bin/../lib/gcc/arm-none-eabi/13.2.1/../../../../arm-none-eabi/lib/thumb/v7e-m/nofp/libg.a(libc_a-wbuf.o)
                0x08009ed4                __swbuf_r
 .text.raise    0x08009f80       0x58 /Applications/ArmGNUToolchain/13.2.Rel1/arm-none-eabi/bin/../lib/gcc/arm-none-eabi/13.2.1/../../../../arm-none-eabi/lib/thumb/v7e-m/nofp/libg.a(libc_a-signal.o)
                0x08009f80                raise
 .text._fstat_r
                0x08009fd8       0x2c /Applications/ArmGNUToolchain/13.2.Rel1/arm-none-eabi/bin/../lib/gcc/arm-none-eabi/13.2.1/../../../../arm-none-eabi/lib/thumb/v7e-m/nofp/libg.a(libc_a-fstatr.o)
                0x08009fd8                _fstat_r
 .text._isatty_r
                0x0800a004       0x24 /Applications/ArmGNUToolchain/13.2.Rel1/arm-none-eabi/bin/../lib/gcc/arm-none-eabi/13.2.1/../../../../arm-none-eabi/lib/thumb/v7e-m/nofp/libg.a(libc_a-isattyr.o)
                0x0800a004                _isatty_r
 .text._kill_r  0x0800a028       0x2c /Applications/ArmGNUToolchain/13.2.Rel1/arm-none-eabi/bin/../lib/gcc/arm-none-eabi/13.2.1/../../../../arm-none-eabi/lib/thumb/v7e-m/nofp/libg.a(libc_a-signalr.o)
                0x0800a028                _kill_r
 .text._getpid_r
                0x0800a054        0x4 /Applications/ArmGNUToolchain/13.2.Rel1/arm-none-eabi/bin/../lib/gcc/arm-none-eabi/13.2.1/../../../../arm-none-eabi/lib/thumb/v7e-m/nofp/libg.a(libc_a-signalr.o)
                0x0800a054                _getpid_r
 *(.glue_7)
 .glue_7        0x0800a058        0x0 linker stubs
 *(.glue_7t)
 .glue_7t       0x0800a058        0x0 linker stubs
 *(.eh_frame)
 .eh_frame      0x0800a058        0x0 /Applications/ArmGNUToolchain/13.2.Rel1/arm-none-eabi/bin/../lib/gcc/arm-none-eabi/13.2.1/thumb/v7e-m/nofp/crtbegin.o
 *(.init)
 .init          0x0800a058        0x4 /Applications/ArmGNUToolchain/13.2.Rel1/arm-none-eabi/bin/../lib/gcc/arm-none-eabi/13.2.1/thumb/v7e-m/nofp/crti.o
                0x0800a058                _init
 .init          0x0800a05c        0x8 /Applications/ArmGNUToolchain/13.2.Rel1/arm-none-eabi/bin/../lib/gcc/arm-none-eabi/13.2.1/thumb/v7e-m/nofp/crtn.o
 *(.fini)
 .fini          0x0800a064        0x4 /Applications/ArmGNUToolchain/13.2.Rel1/arm-none-eabi/bin/../lib/gcc/arm-none-eabi/13.2.1/thumb/v7e-m/nofp/crti.o
                0x0800a064                _fini
 .fini          0x0800a068        0x8 /Applications/ArmGNUToolchain/13.2.Rel1/arm-none-eabi/bin/../lib/gcc/arm-none-eabi/13.2.1/thumb/v7e-m/nofp/crtn.o
                0x0800a070                        . = ALIGN (0x4)
                0x0800a070                        _etext = .

.vfp11_veneer   0x0800a070        0x0
 .vfp11_veneer  0x0800a070        0x0 linker stubs

.v4_bx          0x0800a070        0x0
 .v4_bx         0x0800a070        0x0 linker stubs

.iplt           0x0800a070        0x0
 .iplt          0x0800a070        0x0 /Applications/ArmGNUToolchain/13.2.Rel1/arm-none-eabi/bin/../lib/gcc/arm-none-eabi/13.2.1/thumb/v7e-m/nofp/crtbegin.o

.rodata         0x0800a070      0x490
                0x0800a070                        . = ALIGN (0x4)
 *(.rodata)
 *(.rodata*)
 .rodata.send_data_huart.str1.4
                0x0800a070      0x237 CMakeFiles/Project.elf.dir/Core/Src/funcs.c.obj
                                 0x2e (size before relaxing)
 .rodata.menu.str1.4
                0x0800a2a7       0x4f CMakeFiles/Project.elf.dir/Core/Src/funcs.c.obj
 *fill*         0x0800a2a7        0x1 
 .rodata.APBPrescTable
                0x0800a2a8        0x8 CMakeFiles/Project.elf.dir/Core/Src/system_stm32f4xx.c.obj
                0x0800a2a8                APBPrescTable
 .rodata.AHBPrescTable
                0x0800a2b0       0x10 CMakeFiles/Project.elf.dir/Core/Src/system_stm32f4xx.c.obj
                0x0800a2b0                AHBPrescTable
 .rodata._svfprintf_r.str1.4
                0x0800a2c0       0x42 /Applications/ArmGNUToolchain/13.2.Rel1/arm-none-eabi/bin/../lib/gcc/arm-none-eabi/13.2.1/../../../../arm-none-eabi/lib/thumb/v7e-m/nofp/libg.a(libc_a-svfprintf.o)
 .rodata.zeroes.0
                0x0800a2c0       0x10 /Applications/ArmGNUToolchain/13.2.Rel1/arm-none-eabi/bin/../lib/gcc/arm-none-eabi/13.2.1/../../../../arm-none-eabi/lib/thumb/v7e-m/nofp/libg.a(libc_a-svfprintf.o)
 .rodata.blanks.1
                0x0800a2d0       0x10 /Applications/ArmGNUToolchain/13.2.Rel1/arm-none-eabi/bin/../lib/gcc/arm-none-eabi/13.2.1/../../../../arm-none-eabi/lib/thumb/v7e-m/nofp/libg.a(libc_a-svfprintf.o)
 .rodata.str1.4
                0x0800a2e0       0x4c /Applications/ArmGNUToolchain/13.2.Rel1/arm-none-eabi/bin/../lib/gcc/arm-none-eabi/13.2.1/../../../../arm-none-eabi/lib/thumb/v7e-m/nofp/libg.a(libc_a-locale.o)
 .rodata._ctype_
                0x0800a2e0      0x101 /Applications/ArmGNUToolchain/13.2.Rel1/arm-none-eabi/bin/../lib/gcc/arm-none-eabi/13.2.1/../../../../arm-none-eabi/lib/thumb/v7e-m/nofp/libg.a(libc_a-ctype_.o)
                0x0800a2e0                _ctype_
 .rodata._dtoa_r.str1.4
                0x0800a3e1       0x89 /Applications/ArmGNUToolchain/13.2.Rel1/arm-none-eabi/bin/../lib/gcc/arm-none-eabi/13.2.1/../../../../arm-none-eabi/lib/thumb/v7e-m/nofp/libg.a(libc_a-dtoa.o)
 .rodata.__multadd.str1.4
                0x0800a3e1       0x76 /Applications/ArmGNUToolchain/13.2.Rel1/arm-none-eabi/bin/../lib/gcc/arm-none-eabi/13.2.1/../../../../arm-none-eabi/lib/thumb/v7e-m/nofp/libg.a(libc_a-mprec.o)
 *fill*         0x0800a3e1        0x3 
 .rodata.p05.0  0x0800a3e4        0xc /Applications/ArmGNUToolchain/13.2.Rel1/arm-none-eabi/bin/../lib/gcc/arm-none-eabi/13.2.1/../../../../arm-none-eabi/lib/thumb/v7e-m/nofp/libg.a(libc_a-mprec.o)
 .rodata.__mprec_bigtens
                0x0800a3f0       0x28 /Applications/ArmGNUToolchain/13.2.Rel1/arm-none-eabi/bin/../lib/gcc/arm-none-eabi/13.2.1/../../../../arm-none-eabi/lib/thumb/v7e-m/nofp/libg.a(libc_a-mprec.o)
                0x0800a3f0                __mprec_bigtens
 .rodata.__mprec_tens
                0x0800a418       0xc8 /Applications/ArmGNUToolchain/13.2.Rel1/arm-none-eabi/bin/../lib/gcc/arm-none-eabi/13.2.1/../../../../arm-none-eabi/lib/thumb/v7e-m/nofp/libg.a(libc_a-mprec.o)
                0x0800a418                __mprec_tens
 .rodata.__assert_func.str1.4
                0x0800a4e0       0x43 /Applications/ArmGNUToolchain/13.2.Rel1/arm-none-eabi/bin/../lib/gcc/arm-none-eabi/13.2.1/../../../../arm-none-eabi/lib/thumb/v7e-m/nofp/libg.a(libc_a-assert.o)
 .rodata._vfiprintf_r.str1.4
                0x0800a4e0       0x2f /Applications/ArmGNUToolchain/13.2.Rel1/arm-none-eabi/bin/../lib/gcc/arm-none-eabi/13.2.1/../../../../arm-none-eabi/lib/thumb/v7e-m/nofp/libg.a(libc_a-vfiprintf.o)
 .rodata.zeroes.0
                0x0800a4e0       0x10 /Applications/ArmGNUToolchain/13.2.Rel1/arm-none-eabi/bin/../lib/gcc/arm-none-eabi/13.2.1/../../../../arm-none-eabi/lib/thumb/v7e-m/nofp/libg.a(libc_a-vfiprintf.o)
 .rodata.blanks.1
                0x0800a4f0       0x10 /Applications/ArmGNUToolchain/13.2.Rel1/arm-none-eabi/bin/../lib/gcc/arm-none-eabi/13.2.1/../../../../arm-none-eabi/lib/thumb/v7e-m/nofp/libg.a(libc_a-vfiprintf.o)
                0x0800a524                        . = ALIGN (0x4)

.ARM.extab      0x0800a500        0x0
                0x0800a500                        . = ALIGN (0x4)
 *(.ARM.extab* .gnu.linkonce.armextab.*)
                0x0800a500                        . = ALIGN (0x4)

.ARM            0x0800a500        0x8
                0x0800a500                        . = ALIGN (0x4)
                0x0800a500                        __exidx_start = .
 *(.ARM.exidx*)
 .ARM.exidx     0x0800a500        0x8 /Applications/ArmGNUToolchain/13.2.Rel1/arm-none-eabi/bin/../lib/gcc/arm-none-eabi/13.2.1/../../../../arm-none-eabi/lib/thumb/v7e-m/nofp/libg.a(libc_a-memchr.o)
 .ARM.exidx     0x0800a508        0x0 /Applications/ArmGNUToolchain/13.2.Rel1/arm-none-eabi/bin/../lib/gcc/arm-none-eabi/13.2.1/../../../../arm-none-eabi/lib/thumb/v7e-m/nofp/libg.a(libc_a-strlen.o)
                                  0x8 (size before relaxing)
 .ARM.exidx     0x0800a508        0x0 /Applications/ArmGNUToolchain/13.2.Rel1/arm-none-eabi/bin/../lib/gcc/arm-none-eabi/13.2.1/../../../../arm-none-eabi/lib/thumb/v7e-m/nofp/libg.a(libc_a-memcpy.o)
                                  0x8 (size before relaxing)
 .ARM.exidx.text.__udivmoddi4
                0x0800a508        0x0 /Applications/ArmGNUToolchain/13.2.Rel1/arm-none-eabi/bin/../lib/gcc/arm-none-eabi/13.2.1/thumb/v7e-m/nofp/libgcc.a(_udivmoddi4.o)
                                  0x8 (size before relaxing)
                0x0800a508                        __exidx_end = .
                0x0800a508                        . = ALIGN (0x4)

.preinit_array  0x0800a508        0x0
                0x0800a508                        . = ALIGN (0x4)
                0x0800a508                        PROVIDE (__preinit_array_start = .)
 *(.preinit_array*)
                0x0800a508                        PROVIDE (__preinit_array_end = .)
                0x0800a508                        . = ALIGN (0x4)

.init_array     0x0800a508        0x8
                0x0800a508                        . = ALIGN (0x4)
                0x0800a508                        PROVIDE (__init_array_start = .)
 *(SORT_BY_NAME(.init_array.*))
 .init_array.00000
                0x0800a508        0x4 /Applications/ArmGNUToolchain/13.2.Rel1/arm-none-eabi/bin/../lib/gcc/arm-none-eabi/13.2.1/../../../../arm-none-eabi/lib/thumb/v7e-m/nofp/libg.a(libc_a-__call_atexit.o)
 *(.init_array*)
 .init_array    0x0800a50c        0x4 /Applications/ArmGNUToolchain/13.2.Rel1/arm-none-eabi/bin/../lib/gcc/arm-none-eabi/13.2.1/thumb/v7e-m/nofp/crtbegin.o
                0x0800a510                        PROVIDE (__init_array_end = .)
                0x0800a510                        . = ALIGN (0x4)

.fini_array     0x0800a510        0x4
                0x0800a510                        . = ALIGN (0x4)
                0x0800a510                        PROVIDE (__fini_array_start = .)
 *(SORT_BY_NAME(.fini_array.*))
 *(.fini_array*)
 .fini_array    0x0800a510        0x4 /Applications/ArmGNUToolchain/13.2.Rel1/arm-none-eabi/bin/../lib/gcc/arm-none-eabi/13.2.1/thumb/v7e-m/nofp/crtbegin.o
                0x0800a514                        PROVIDE (__fini_array_end = .)
                0x0800a514                        . = ALIGN (0x4)
                0x0800a514                        _sidata = LOADADDR (.data)

.rel.dyn        0x0800a514        0x0
 .rel.iplt      0x0800a514        0x0 /Applications/ArmGNUToolchain/13.2.Rel1/arm-none-eabi/bin/../lib/gcc/arm-none-eabi/13.2.1/thumb/v7e-m/nofp/crtbegin.o

.data           0x20000000      0x6c0 load address 0x0800a514
                0x20000000                        . = ALIGN (0x4)
                0x20000000                        _sdata = .
 *(.data)
 *(.data*)
 .data.flash_address.0
                0x20000000        0x4 CMakeFiles/Project.elf.dir/Core/Src/funcs.c.obj
 .data.SystemCoreClock
                0x20000004        0x4 CMakeFiles/Project.elf.dir/Core/Src/system_stm32f4xx.c.obj
                0x20000004                SystemCoreClock
 .data.uwTickFreq
                0x20000008        0x1 CMakeFiles/Project.elf.dir/Drivers/STM32F4xx_HAL_Driver/Src/stm32f4xx_hal.c.obj
                0x20000008                uwTickFreq
 *fill*         0x20000009        0x3 
 .data.uwTickPrio
                0x2000000c        0x4 CMakeFiles/Project.elf.dir/Drivers/STM32F4xx_HAL_Driver/Src/stm32f4xx_hal.c.obj
                0x2000000c                uwTickPrio
 .data.__malloc_sbrk_base
                0x20000010        0x4 /Applications/ArmGNUToolchain/13.2.Rel1/arm-none-eabi/bin/../lib/gcc/arm-none-eabi/13.2.1/../../../../arm-none-eabi/lib/thumb/v7e-m/nofp/libg.a(libc_a-mallocr.o)
                0x20000010                __malloc_sbrk_base
 .data.__malloc_trim_threshold
                0x20000014        0x4 /Applications/ArmGNUToolchain/13.2.Rel1/arm-none-eabi/bin/../lib/gcc/arm-none-eabi/13.2.1/../../../../arm-none-eabi/lib/thumb/v7e-m/nofp/libg.a(libc_a-mallocr.o)
                0x20000014                __malloc_trim_threshold
 .data.__malloc_av_
                0x20000018      0x408 /Applications/ArmGNUToolchain/13.2.Rel1/arm-none-eabi/bin/../lib/gcc/arm-none-eabi/13.2.1/../../../../arm-none-eabi/lib/thumb/v7e-m/nofp/libg.a(libc_a-mallocr.o)
                0x20000018                __malloc_av_
 .data.__sglue  0x20000420        0xc /Applications/ArmGNUToolchain/13.2.Rel1/arm-none-eabi/bin/../lib/gcc/arm-none-eabi/13.2.1/../../../../arm-none-eabi/lib/thumb/v7e-m/nofp/libg.a(libc_a-findfp.o)
                0x20000420                __sglue
 .data._impure_ptr
                0x2000042c        0x4 /Applications/ArmGNUToolchain/13.2.Rel1/arm-none-eabi/bin/../lib/gcc/arm-none-eabi/13.2.1/../../../../arm-none-eabi/lib/thumb/v7e-m/nofp/libg.a(libc_a-impure.o)
                0x2000042c                _impure_ptr
 .data._impure_data
                0x20000430      0x120 /Applications/ArmGNUToolchain/13.2.Rel1/arm-none-eabi/bin/../lib/gcc/arm-none-eabi/13.2.1/../../../../arm-none-eabi/lib/thumb/v7e-m/nofp/libg.a(libc_a-impure.o)
                0x20000430                _impure_data
 .data.__atexit_recursive_mutex
                0x20000550        0x4 /Applications/ArmGNUToolchain/13.2.Rel1/arm-none-eabi/bin/../lib/gcc/arm-none-eabi/13.2.1/../../../../arm-none-eabi/lib/thumb/v7e-m/nofp/libg.a(libc_a-__call_atexit.o)
                0x20000550                __atexit_recursive_mutex
 .data.__global_locale
                0x20000554      0x16c /Applications/ArmGNUToolchain/13.2.Rel1/arm-none-eabi/bin/../lib/gcc/arm-none-eabi/13.2.1/../../../../arm-none-eabi/lib/thumb/v7e-m/nofp/libg.a(libc_a-locale.o)
                0x20000554                __global_locale
 *(.RamFunc)
 *(.RamFunc*)
                0x200006c0                        . = ALIGN (0x4)
                0x200006c0                        _edata = .

.tm_clone_table
                0x200006c0        0x0 load address 0x0800abd4
 .tm_clone_table
                0x200006c0        0x0 /Applications/ArmGNUToolchain/13.2.Rel1/arm-none-eabi/bin/../lib/gcc/arm-none-eabi/13.2.1/thumb/v7e-m/nofp/crtbegin.o
 .tm_clone_table
                0x200006c0        0x0 /Applications/ArmGNUToolchain/13.2.Rel1/arm-none-eabi/bin/../lib/gcc/arm-none-eabi/13.2.1/thumb/v7e-m/nofp/crtend.o

.igot.plt       0x200006c0        0x0 load address 0x0800abd4
 .igot.plt      0x200006c0        0x0 /Applications/ArmGNUToolchain/13.2.Rel1/arm-none-eabi/bin/../lib/gcc/arm-none-eabi/13.2.1/thumb/v7e-m/nofp/crtbegin.o
                0x200006c0                        . = ALIGN (0x4)

.bss            0x200006c0      0xacc load address 0x0800abd4
                0x200006c0                        _sbss = .
                0x200006c0                        __bss_start__ = _sbss
 *(.bss)
 *(.bss*)
 .bss.completed.1
                0x200006c0        0x1 /Applications/ArmGNUToolchain/13.2.Rel1/arm-none-eabi/bin/../lib/gcc/arm-none-eabi/13.2.1/thumb/v7e-m/nofp/crtbegin.o
 *fill*         0x200006c1        0x3 
 .bss.object.0  0x200006c4       0x18 /Applications/ArmGNUToolchain/13.2.Rel1/arm-none-eabi/bin/../lib/gcc/arm-none-eabi/13.2.1/thumb/v7e-m/nofp/crtbegin.o
 .bss.time_count
                0x200006dc        0x1 CMakeFiles/Project.elf.dir/Core/Src/funcs.c.obj
                0x200006dc                time_count
 .bss.counter   0x200006dd        0x1 CMakeFiles/Project.elf.dir/Core/Src/funcs.c.obj
 *fill*         0x200006de        0x2 
 .bss.main_arr  0x200006e0      0x640 CMakeFiles/Project.elf.dir/Core/Src/funcs.c.obj
                0x200006e0                main_arr
 .bss.rx_buffer
                0x20000d20       0x14 CMakeFiles/Project.elf.dir/Core/Src/main.c.obj
                0x20000d20                rx_buffer
 *fill*         0x20000d34        0x4 
 .bss.hx711     0x20000d38       0x20 CMakeFiles/Project.elf.dir/Core/Src/main.c.obj
                0x20000d38                hx711
 .bss.huart2    0x20000d58       0x48 CMakeFiles/Project.elf.dir/Core/Src/main.c.obj
                0x20000d58                huart2
 .bss.htim3     0x20000da0       0x48 CMakeFiles/Project.elf.dir/Core/Src/main.c.obj
                0x20000da0                htim3
 .bss.htim2     0x20000de8       0x48 CMakeFiles/Project.elf.dir/Core/Src/main.c.obj
                0x20000de8                htim2
 .bss.hrtc      0x20000e30       0x20 CMakeFiles/Project.elf.dir/Core/Src/main.c.obj
                0x20000e30                hrtc
 .bss.__sbrk_heap_end
                0x20000e50        0x4 CMakeFiles/Project.elf.dir/Core/Src/sysmem.c.obj
 .bss.uwTick    0x20000e54        0x4 CMakeFiles/Project.elf.dir/Drivers/STM32F4xx_HAL_Driver/Src/stm32f4xx_hal.c.obj
                0x20000e54                uwTick
 .bss.pFlash    0x20000e58       0x20 CMakeFiles/Project.elf.dir/Drivers/STM32F4xx_HAL_Driver/Src/stm32f4xx_hal_flash.c.obj
                0x20000e58                pFlash
 .bss.__malloc_current_mallinfo
                0x20000e78       0x28 /Applications/ArmGNUToolchain/13.2.Rel1/arm-none-eabi/bin/../lib/gcc/arm-none-eabi/13.2.1/../../../../arm-none-eabi/lib/thumb/v7e-m/nofp/libg.a(libc_a-mallocr.o)
                0x20000e78                __malloc_current_mallinfo
 .bss.__malloc_max_total_mem
                0x20000ea0        0x4 /Applications/ArmGNUToolchain/13.2.Rel1/arm-none-eabi/bin/../lib/gcc/arm-none-eabi/13.2.1/../../../../arm-none-eabi/lib/thumb/v7e-m/nofp/libg.a(libc_a-mallocr.o)
                0x20000ea0                __malloc_max_total_mem
 .bss.__malloc_max_sbrked_mem
                0x20000ea4        0x4 /Applications/ArmGNUToolchain/13.2.Rel1/arm-none-eabi/bin/../lib/gcc/arm-none-eabi/13.2.1/../../../../arm-none-eabi/lib/thumb/v7e-m/nofp/libg.a(libc_a-mallocr.o)
                0x20000ea4                __malloc_max_sbrked_mem
 .bss.__malloc_top_pad
                0x20000ea8        0x4 /Applications/ArmGNUToolchain/13.2.Rel1/arm-none-eabi/bin/../lib/gcc/arm-none-eabi/13.2.1/../../../../arm-none-eabi/lib/thumb/v7e-m/nofp/libg.a(libc_a-mallocr.o)
                0x20000ea8                __malloc_top_pad
 .bss.__sf      0x20000eac      0x138 /Applications/ArmGNUToolchain/13.2.Rel1/arm-none-eabi/bin/../lib/gcc/arm-none-eabi/13.2.1/../../../../arm-none-eabi/lib/thumb/v7e-m/nofp/libg.a(libc_a-findfp.o)
                0x20000eac                __sf
 .bss.__stdio_exit_handler
                0x20000fe4        0x4 /Applications/ArmGNUToolchain/13.2.Rel1/arm-none-eabi/bin/../lib/gcc/arm-none-eabi/13.2.1/../../../../arm-none-eabi/lib/thumb/v7e-m/nofp/libg.a(libc_a-findfp.o)
                0x20000fe4                __stdio_exit_handler
 .bss.__lock___malloc_recursive_mutex
                0x20000fe8        0x1 /Applications/ArmGNUToolchain/13.2.Rel1/arm-none-eabi/bin/../lib/gcc/arm-none-eabi/13.2.1/../../../../arm-none-eabi/lib/thumb/v7e-m/nofp/libg.a(libc_a-lock.o)
                0x20000fe8                __lock___malloc_recursive_mutex
 *fill*         0x20000fe9        0x3 
 .bss.__lock___atexit_recursive_mutex
                0x20000fec        0x1 /Applications/ArmGNUToolchain/13.2.Rel1/arm-none-eabi/bin/../lib/gcc/arm-none-eabi/13.2.1/../../../../arm-none-eabi/lib/thumb/v7e-m/nofp/libg.a(libc_a-lock.o)
                0x20000fec                __lock___atexit_recursive_mutex
 *fill*         0x20000fed        0x3 
 .bss.__lock___sfp_recursive_mutex
                0x20000ff0        0x1 /Applications/ArmGNUToolchain/13.2.Rel1/arm-none-eabi/bin/../lib/gcc/arm-none-eabi/13.2.1/../../../../arm-none-eabi/lib/thumb/v7e-m/nofp/libg.a(libc_a-lock.o)
                0x20000ff0                __lock___sfp_recursive_mutex
 *fill*         0x20000ff1        0x3 
 .bss.__atexit  0x20000ff4        0x4 /Applications/ArmGNUToolchain/13.2.Rel1/arm-none-eabi/bin/../lib/gcc/arm-none-eabi/13.2.1/../../../../arm-none-eabi/lib/thumb/v7e-m/nofp/libg.a(libc_a-__call_atexit.o)
                0x20000ff4                __atexit
 .bss.errno     0x20000ff8        0x4 /Applications/ArmGNUToolchain/13.2.Rel1/arm-none-eabi/bin/../lib/gcc/arm-none-eabi/13.2.1/../../../../arm-none-eabi/lib/thumb/v7e-m/nofp/libg.a(libc_a-reent.o)
                0x20000ff8                errno
 .bss.__atexit0
                0x20000ffc      0x190 /Applications/ArmGNUToolchain/13.2.Rel1/arm-none-eabi/bin/../lib/gcc/arm-none-eabi/13.2.1/../../../../arm-none-eabi/lib/thumb/v7e-m/nofp/libg.a(libc_a-__atexit.o)
                0x20000ffc                __atexit0
 *(COMMON)
                0x2000118c                        . = ALIGN (0x4)
                0x2000118c                        _ebss = .
                0x2000118c                        __bss_end__ = _ebss

._user_heap_stack
                0x2000118c      0x604 load address 0x0800abd4
                0x20001190                        . = ALIGN (0x8)
 *fill*         0x2000118c        0x4 
                [!provide]                        PROVIDE (end = .)
                0x20001190                        PROVIDE (_end = .)
                0x20001390                        . = (. + _Min_Heap_Size)
 *fill*         0x20001190      0x200 
                0x20001790                        . = (. + _Min_Stack_Size)
 *fill*         0x20001390      0x400 
                0x20001790                        . = ALIGN (0x8)

/DISCARD/
 libc.a(*)
 libm.a(*)
 libgcc.a(*)

.ARM.attributes
                0x00000000       0x2a
 *(.ARM.attributes)
 .ARM.attributes
                0x00000000       0x1e /Applications/ArmGNUToolchain/13.2.Rel1/arm-none-eabi/bin/../lib/gcc/arm-none-eabi/13.2.1/thumb/v7e-m/nofp/crti.o
 .ARM.attributes
                0x0000001e       0x2e /Applications/ArmGNUToolchain/13.2.Rel1/arm-none-eabi/bin/../lib/gcc/arm-none-eabi/13.2.1/thumb/v7e-m/nofp/crtbegin.o
 .ARM.attributes
                0x0000004c       0x2e CMakeFiles/Project.elf.dir/Core/Src/flash.c.obj
 .ARM.attributes
                0x0000007a       0x2e CMakeFiles/Project.elf.dir/Core/Src/funcs.c.obj
 .ARM.attributes
                0x000000a8       0x2e CMakeFiles/Project.elf.dir/Core/Src/hx711.c.obj
 .ARM.attributes
                0x000000d6       0x2e CMakeFiles/Project.elf.dir/Core/Src/main.c.obj
 .ARM.attributes
                0x00000104       0x2e CMakeFiles/Project.elf.dir/Core/Src/stm32f4xx_hal_msp.c.obj
 .ARM.attributes
                0x00000132       0x2e CMakeFiles/Project.elf.dir/Core/Src/stm32f4xx_it.c.obj
 .ARM.attributes
                0x00000160       0x2e CMakeFiles/Project.elf.dir/Core/Src/syscalls.c.obj
 .ARM.attributes
                0x0000018e       0x2e CMakeFiles/Project.elf.dir/Core/Src/sysmem.c.obj
 .ARM.attributes
                0x000001bc       0x2e CMakeFiles/Project.elf.dir/Core/Src/system_stm32f4xx.c.obj
 .ARM.attributes
                0x000001ea       0x21 CMakeFiles/Project.elf.dir/Core/Startup/startup_stm32f401retx.s.obj
 .ARM.attributes
                0x0000020b       0x2e CMakeFiles/Project.elf.dir/Drivers/STM32F4xx_HAL_Driver/Src/stm32f4xx_hal.c.obj
 .ARM.attributes
                0x00000239       0x2e CMakeFiles/Project.elf.dir/Drivers/STM32F4xx_HAL_Driver/Src/stm32f4xx_hal_cortex.c.obj
 .ARM.attributes
                0x00000267       0x2e CMakeFiles/Project.elf.dir/Drivers/STM32F4xx_HAL_Driver/Src/stm32f4xx_hal_dma.c.obj
 .ARM.attributes
                0x00000295       0x2e CMakeFiles/Project.elf.dir/Drivers/STM32F4xx_HAL_Driver/Src/stm32f4xx_hal_flash.c.obj
 .ARM.attributes
                0x000002c3       0x2e CMakeFiles/Project.elf.dir/Drivers/STM32F4xx_HAL_Driver/Src/stm32f4xx_hal_flash_ex.c.obj
 .ARM.attributes
                0x000002f1       0x2e CMakeFiles/Project.elf.dir/Drivers/STM32F4xx_HAL_Driver/Src/stm32f4xx_hal_gpio.c.obj
 .ARM.attributes
                0x0000031f       0x2e CMakeFiles/Project.elf.dir/Drivers/STM32F4xx_HAL_Driver/Src/stm32f4xx_hal_rcc.c.obj
 .ARM.attributes
                0x0000034d       0x2e CMakeFiles/Project.elf.dir/Drivers/STM32F4xx_HAL_Driver/Src/stm32f4xx_hal_rcc_ex.c.obj
 .ARM.attributes
                0x0000037b       0x2e CMakeFiles/Project.elf.dir/Drivers/STM32F4xx_HAL_Driver/Src/stm32f4xx_hal_rtc.c.obj
 .ARM.attributes
                0x000003a9       0x2e CMakeFiles/Project.elf.dir/Drivers/STM32F4xx_HAL_Driver/Src/stm32f4xx_hal_tim.c.obj
 .ARM.attributes
                0x000003d7       0x2e CMakeFiles/Project.elf.dir/Drivers/STM32F4xx_HAL_Driver/Src/stm32f4xx_hal_tim_ex.c.obj
 .ARM.attributes
                0x00000405       0x2e CMakeFiles/Project.elf.dir/Drivers/STM32F4xx_HAL_Driver/Src/stm32f4xx_hal_uart.c.obj
 .ARM.attributes
                0x00000433       0x1e /Applications/ArmGNUToolchain/13.2.Rel1/arm-none-eabi/bin/../lib/gcc/arm-none-eabi/13.2.1/thumb/v7e-m/nofp/libgcc.a(_arm_addsubdf3.o)
 .ARM.attributes
                0x00000451       0x1e /Applications/ArmGNUToolchain/13.2.Rel1/arm-none-eabi/bin/../lib/gcc/arm-none-eabi/13.2.1/thumb/v7e-m/nofp/libgcc.a(_arm_muldivdf3.o)
 .ARM.attributes
                0x0000046f       0x1e /Applications/ArmGNUToolchain/13.2.Rel1/arm-none-eabi/bin/../lib/gcc/arm-none-eabi/13.2.1/thumb/v7e-m/nofp/libgcc.a(_arm_cmpdf2.o)
 .ARM.attributes
                0x0000048d       0x1e /Applications/ArmGNUToolchain/13.2.Rel1/arm-none-eabi/bin/../lib/gcc/arm-none-eabi/13.2.1/thumb/v7e-m/nofp/libgcc.a(_arm_fixdfsi.o)
 .ARM.attributes
                0x000004ab       0x1e /Applications/ArmGNUToolchain/13.2.Rel1/arm-none-eabi/bin/../lib/gcc/arm-none-eabi/13.2.1/thumb/v7e-m/nofp/libgcc.a(_aeabi_ldivmod.o)
 .ARM.attributes
                0x000004c9       0x1e /Applications/ArmGNUToolchain/13.2.Rel1/arm-none-eabi/bin/../lib/gcc/arm-none-eabi/13.2.1/thumb/v7e-m/nofp/libgcc.a(_aeabi_uldivmod.o)
 .ARM.attributes
                0x000004e7       0x2e /Applications/ArmGNUToolchain/13.2.Rel1/arm-none-eabi/bin/../lib/gcc/arm-none-eabi/13.2.1/thumb/v7e-m/nofp/libgcc.a(_udivmoddi4.o)
 .ARM.attributes
                0x00000515       0x1e /Applications/ArmGNUToolchain/13.2.Rel1/arm-none-eabi/bin/../lib/gcc/arm-none-eabi/13.2.1/thumb/v7e-m/nofp/libgcc.a(_dvmd_tls.o)
 .ARM.attributes
                0x00000533       0x2e /Applications/ArmGNUToolchain/13.2.Rel1/arm-none-eabi/bin/../lib/gcc/arm-none-eabi/13.2.1/../../../../arm-none-eabi/lib/thumb/v7e-m/nofp/libg.a(libc_a-malloc.o)
 .ARM.attributes
                0x00000561       0x2e /Applications/ArmGNUToolchain/13.2.Rel1/arm-none-eabi/bin/../lib/gcc/arm-none-eabi/13.2.1/../../../../arm-none-eabi/lib/thumb/v7e-m/nofp/libg.a(libc_a-mallocr.o)
 .ARM.attributes
                0x0000058f       0x2e /Applications/ArmGNUToolchain/13.2.Rel1/arm-none-eabi/bin/../lib/gcc/arm-none-eabi/13.2.1/../../../../arm-none-eabi/lib/thumb/v7e-m/nofp/libg.a(libc_a-mlock.o)
 .ARM.attributes
                0x000005bd       0x2e /Applications/ArmGNUToolchain/13.2.Rel1/arm-none-eabi/bin/../lib/gcc/arm-none-eabi/13.2.1/../../../../arm-none-eabi/lib/thumb/v7e-m/nofp/libg.a(libc_a-sprintf.o)
 .ARM.attributes
                0x000005eb       0x2e /Applications/ArmGNUToolchain/13.2.Rel1/arm-none-eabi/bin/../lib/gcc/arm-none-eabi/13.2.1/../../../../arm-none-eabi/lib/thumb/v7e-m/nofp/libg.a(libc_a-findfp.o)
 .ARM.attributes
                0x00000619       0x2e /Applications/ArmGNUToolchain/13.2.Rel1/arm-none-eabi/bin/../lib/gcc/arm-none-eabi/13.2.1/../../../../arm-none-eabi/lib/thumb/v7e-m/nofp/libg.a(libc_a-fwalk.o)
 .ARM.attributes
                0x00000647       0x2e /Applications/ArmGNUToolchain/13.2.Rel1/arm-none-eabi/bin/../lib/gcc/arm-none-eabi/13.2.1/../../../../arm-none-eabi/lib/thumb/v7e-m/nofp/libg.a(libc_a-memset.o)
 .ARM.attributes
                0x00000675       0x2e /Applications/ArmGNUToolchain/13.2.Rel1/arm-none-eabi/bin/../lib/gcc/arm-none-eabi/13.2.1/../../../../arm-none-eabi/lib/thumb/v7e-m/nofp/libg.a(libc_a-impure.o)
 .ARM.attributes
                0x000006a3       0x2e /Applications/ArmGNUToolchain/13.2.Rel1/arm-none-eabi/bin/../lib/gcc/arm-none-eabi/13.2.1/../../../../arm-none-eabi/lib/thumb/v7e-m/nofp/libg.a(libc_a-sbrkr.o)
 .ARM.attributes
                0x000006d1       0x2e /Applications/ArmGNUToolchain/13.2.Rel1/arm-none-eabi/bin/../lib/gcc/arm-none-eabi/13.2.1/../../../../arm-none-eabi/lib/thumb/v7e-m/nofp/libg.a(libc_a-errno.o)
 .ARM.attributes
                0x000006ff       0x2e /Applications/ArmGNUToolchain/13.2.Rel1/arm-none-eabi/bin/../lib/gcc/arm-none-eabi/13.2.1/../../../../arm-none-eabi/lib/thumb/v7e-m/nofp/libg.a(libc_a-sysconf.o)
 .ARM.attributes
                0x0000072d       0x2e /Applications/ArmGNUToolchain/13.2.Rel1/arm-none-eabi/bin/../lib/gcc/arm-none-eabi/13.2.1/../../../../arm-none-eabi/lib/thumb/v7e-m/nofp/libg.a(libc_a-init.o)
 .ARM.attributes
                0x0000075b       0x2e /Applications/ArmGNUToolchain/13.2.Rel1/arm-none-eabi/bin/../lib/gcc/arm-none-eabi/13.2.1/../../../../arm-none-eabi/lib/thumb/v7e-m/nofp/libg.a(libc_a-lock.o)
 .ARM.attributes
                0x00000789       0x2e /Applications/ArmGNUToolchain/13.2.Rel1/arm-none-eabi/bin/../lib/gcc/arm-none-eabi/13.2.1/../../../../arm-none-eabi/lib/thumb/v7e-m/nofp/libg.a(libc_a-__call_atexit.o)
 .ARM.attributes
                0x000007b7       0x2e /Applications/ArmGNUToolchain/13.2.Rel1/arm-none-eabi/bin/../lib/gcc/arm-none-eabi/13.2.1/../../../../arm-none-eabi/lib/thumb/v7e-m/nofp/libg.a(libc_a-atexit.o)
 .ARM.attributes
                0x000007e5       0x2e /Applications/ArmGNUToolchain/13.2.Rel1/arm-none-eabi/bin/../lib/gcc/arm-none-eabi/13.2.1/../../../../arm-none-eabi/lib/thumb/v7e-m/nofp/libg.a(libc_a-freer.o)
 .ARM.attributes
                0x00000813       0x2e /Applications/ArmGNUToolchain/13.2.Rel1/arm-none-eabi/bin/../lib/gcc/arm-none-eabi/13.2.1/../../../../arm-none-eabi/lib/thumb/v7e-m/nofp/libg.a(libc_a-svfprintf.o)
 .ARM.attributes
                0x00000841       0x2e /Applications/ArmGNUToolchain/13.2.Rel1/arm-none-eabi/bin/../lib/gcc/arm-none-eabi/13.2.1/../../../../arm-none-eabi/lib/thumb/v7e-m/nofp/libg.a(libc_a-fclose.o)
 .ARM.attributes
                0x0000086f       0x2e /Applications/ArmGNUToolchain/13.2.Rel1/arm-none-eabi/bin/../lib/gcc/arm-none-eabi/13.2.1/../../../../arm-none-eabi/lib/thumb/v7e-m/nofp/libg.a(libc_a-fflush.o)
 .ARM.attributes
                0x0000089d       0x2e /Applications/ArmGNUToolchain/13.2.Rel1/arm-none-eabi/bin/../lib/gcc/arm-none-eabi/13.2.1/../../../../arm-none-eabi/lib/thumb/v7e-m/nofp/libg.a(libc_a-stdio.o)
 .ARM.attributes
                0x000008cb       0x2e /Applications/ArmGNUToolchain/13.2.Rel1/arm-none-eabi/bin/../lib/gcc/arm-none-eabi/13.2.1/../../../../arm-none-eabi/lib/thumb/v7e-m/nofp/libg.a(libc_a-strncpy.o)
 .ARM.attributes
                0x000008f9       0x2e /Applications/ArmGNUToolchain/13.2.Rel1/arm-none-eabi/bin/../lib/gcc/arm-none-eabi/13.2.1/../../../../arm-none-eabi/lib/thumb/v7e-m/nofp/libg.a(libc_a-locale.o)
 .ARM.attributes
                0x00000927       0x2e /Applications/ArmGNUToolchain/13.2.Rel1/arm-none-eabi/bin/../lib/gcc/arm-none-eabi/13.2.1/../../../../arm-none-eabi/lib/thumb/v7e-m/nofp/libg.a(libc_a-localeconv.o)
 .ARM.attributes
                0x00000955       0x2e /Applications/ArmGNUToolchain/13.2.Rel1/arm-none-eabi/bin/../lib/gcc/arm-none-eabi/13.2.1/../../../../arm-none-eabi/lib/thumb/v7e-m/nofp/libg.a(libc_a-closer.o)
 .ARM.attributes
                0x00000983       0x2e /Applications/ArmGNUToolchain/13.2.Rel1/arm-none-eabi/bin/../lib/gcc/arm-none-eabi/13.2.1/../../../../arm-none-eabi/lib/thumb/v7e-m/nofp/libg.a(libc_a-reent.o)
 .ARM.attributes
                0x000009b1       0x2e /Applications/ArmGNUToolchain/13.2.Rel1/arm-none-eabi/bin/../lib/gcc/arm-none-eabi/13.2.1/../../../../arm-none-eabi/lib/thumb/v7e-m/nofp/libg.a(libc_a-lseekr.o)
 .ARM.attributes
                0x000009df       0x2e /Applications/ArmGNUToolchain/13.2.Rel1/arm-none-eabi/bin/../lib/gcc/arm-none-eabi/13.2.1/../../../../arm-none-eabi/lib/thumb/v7e-m/nofp/libg.a(libc_a-readr.o)
 .ARM.attributes
                0x00000a0d       0x2e /Applications/ArmGNUToolchain/13.2.Rel1/arm-none-eabi/bin/../lib/gcc/arm-none-eabi/13.2.1/../../../../arm-none-eabi/lib/thumb/v7e-m/nofp/libg.a(libc_a-writer.o)
 .ARM.attributes
                0x00000a3b       0x2e /Applications/ArmGNUToolchain/13.2.Rel1/arm-none-eabi/bin/../lib/gcc/arm-none-eabi/13.2.1/../../../../arm-none-eabi/lib/thumb/v7e-m/nofp/libg.a(libc_a-fini.o)
 .ARM.attributes
                0x00000a69       0x1c /Applications/ArmGNUToolchain/13.2.Rel1/arm-none-eabi/bin/../lib/gcc/arm-none-eabi/13.2.1/../../../../arm-none-eabi/lib/thumb/v7e-m/nofp/libg.a(libc_a-memchr.o)
 .ARM.attributes
                0x00000a85       0x1c /Applications/ArmGNUToolchain/13.2.Rel1/arm-none-eabi/bin/../lib/gcc/arm-none-eabi/13.2.1/../../../../arm-none-eabi/lib/thumb/v7e-m/nofp/libg.a(libc_a-strlen.o)
 .ARM.attributes
                0x00000aa1       0x2e /Applications/ArmGNUToolchain/13.2.Rel1/arm-none-eabi/bin/../lib/gcc/arm-none-eabi/13.2.1/../../../../arm-none-eabi/lib/thumb/v7e-m/nofp/libg.a(libc_a-wcrtomb.o)
 .ARM.attributes
                0x00000acf       0x2e /Applications/ArmGNUToolchain/13.2.Rel1/arm-none-eabi/bin/../lib/gcc/arm-none-eabi/13.2.1/../../../../arm-none-eabi/lib/thumb/v7e-m/nofp/libg.a(libc_a-wcsrtombs.o)
 .ARM.attributes
                0x00000afd       0x2e /Applications/ArmGNUToolchain/13.2.Rel1/arm-none-eabi/bin/../lib/gcc/arm-none-eabi/13.2.1/../../../../arm-none-eabi/lib/thumb/v7e-m/nofp/libg.a(libc_a-ctype_.o)
 .ARM.attributes
                0x00000b2b       0x2e /Applications/ArmGNUToolchain/13.2.Rel1/arm-none-eabi/bin/../lib/gcc/arm-none-eabi/13.2.1/../../../../arm-none-eabi/lib/thumb/v7e-m/nofp/libg.a(libc_a-__atexit.o)
 .ARM.attributes
                0x00000b59       0x2e /Applications/ArmGNUToolchain/13.2.Rel1/arm-none-eabi/bin/../lib/gcc/arm-none-eabi/13.2.1/../../../../arm-none-eabi/lib/thumb/v7e-m/nofp/libg.a(libm_a-s_frexp.o)
 .ARM.attributes
                0x00000b87       0x2e /Applications/ArmGNUToolchain/13.2.Rel1/arm-none-eabi/bin/../lib/gcc/arm-none-eabi/13.2.1/../../../../arm-none-eabi/lib/thumb/v7e-m/nofp/libg.a(libc_a-dtoa.o)
 .ARM.attributes
                0x00000bb5       0x2e /Applications/ArmGNUToolchain/13.2.Rel1/arm-none-eabi/bin/../lib/gcc/arm-none-eabi/13.2.1/../../../../arm-none-eabi/lib/thumb/v7e-m/nofp/libg.a(libc_a-mbtowc_r.o)
 .ARM.attributes
                0x00000be3       0x2e /Applications/ArmGNUToolchain/13.2.Rel1/arm-none-eabi/bin/../lib/gcc/arm-none-eabi/13.2.1/../../../../arm-none-eabi/lib/thumb/v7e-m/nofp/libg.a(libc_a-svfiprintf.o)
 .ARM.attributes
                0x00000c11       0x2e /Applications/ArmGNUToolchain/13.2.Rel1/arm-none-eabi/bin/../lib/gcc/arm-none-eabi/13.2.1/../../../../arm-none-eabi/lib/thumb/v7e-m/nofp/libg.a(libc_a-mprec.o)
 .ARM.attributes
                0x00000c3f       0x2e /Applications/ArmGNUToolchain/13.2.Rel1/arm-none-eabi/bin/../lib/gcc/arm-none-eabi/13.2.1/../../../../arm-none-eabi/lib/thumb/v7e-m/nofp/libg.a(libc_a-reallocr.o)
 .ARM.attributes
                0x00000c6d       0x2e /Applications/ArmGNUToolchain/13.2.Rel1/arm-none-eabi/bin/../lib/gcc/arm-none-eabi/13.2.1/../../../../arm-none-eabi/lib/thumb/v7e-m/nofp/libg.a(libc_a-wctomb_r.o)
 .ARM.attributes
                0x00000c9b       0x2e /Applications/ArmGNUToolchain/13.2.Rel1/arm-none-eabi/bin/../lib/gcc/arm-none-eabi/13.2.1/../../../../arm-none-eabi/lib/thumb/v7e-m/nofp/libg.a(libc_a-memmove.o)
 .ARM.attributes
                0x00000cc9       0x1c /Applications/ArmGNUToolchain/13.2.Rel1/arm-none-eabi/bin/../lib/gcc/arm-none-eabi/13.2.1/../../../../arm-none-eabi/lib/thumb/v7e-m/nofp/libg.a(libc_a-memcpy.o)
 .ARM.attributes
                0x00000ce5       0x2e /Applications/ArmGNUToolchain/13.2.Rel1/arm-none-eabi/bin/../lib/gcc/arm-none-eabi/13.2.1/../../../../arm-none-eabi/lib/thumb/v7e-m/nofp/libg.a(libc_a-wcsnrtombs.o)
 .ARM.attributes
                0x00000d13       0x2e /Applications/ArmGNUToolchain/13.2.Rel1/arm-none-eabi/bin/../lib/gcc/arm-none-eabi/13.2.1/../../../../arm-none-eabi/lib/thumb/v7e-m/nofp/libg.a(libc_a-assert.o)
 .ARM.attributes
                0x00000d41       0x2e /Applications/ArmGNUToolchain/13.2.Rel1/arm-none-eabi/bin/../lib/gcc/arm-none-eabi/13.2.1/../../../../arm-none-eabi/lib/thumb/v7e-m/nofp/libg.a(libc_a-callocr.o)
 .ARM.attributes
                0x00000d6f       0x2e /Applications/ArmGNUToolchain/13.2.Rel1/arm-none-eabi/bin/../lib/gcc/arm-none-eabi/13.2.1/../../../../arm-none-eabi/lib/thumb/v7e-m/nofp/libg.a(libc_a-fiprintf.o)
 .ARM.attributes
                0x00000d9d       0x2e /Applications/ArmGNUToolchain/13.2.Rel1/arm-none-eabi/bin/../lib/gcc/arm-none-eabi/13.2.1/../../../../arm-none-eabi/lib/thumb/v7e-m/nofp/libg.a(libc_a-vfiprintf.o)
 .ARM.attributes