Archive member included to satisfy reference by file (symbol)

/usr/lib/gcc/arm-none-eabi/13.2.0/thumb/v7e-m/nofp/libgcc.a(_arm_muldf3.o)
                              CMakeFiles/Project.elf.dir/Core/Src/funcs.c.obj (__aeabi_dmul)
/usr/lib/gcc/arm-none-eabi/13.2.0/thumb/v7e-m/nofp/libgcc.a(_arm_addsubdf3.o)
                              CMakeFiles/Project.elf.dir/Core/Src/funcs.c.obj (__aeabi_i2d)
/usr/lib/gcc/arm-none-eabi/13.2.0/thumb/v7e-m/nofp/libgcc.a(_arm_muldivdf3.o)
                              CMakeFiles/Project.elf.dir/Core/Src/hx711.c.obj (__aeabi_ddiv)
/usr/lib/gcc/arm-none-eabi/13.2.0/thumb/v7e-m/nofp/libgcc.a(_arm_cmpdf2.o)
                              CMakeFiles/Project.elf.dir/Core/Src/funcs.c.obj (__aeabi_dcmplt)
/usr/lib/gcc/arm-none-eabi/13.2.0/thumb/v7e-m/nofp/libgcc.a(_arm_fixdfsi.o)
                              CMakeFiles/Project.elf.dir/Core/Src/funcs.c.obj (__aeabi_d2iz)
/usr/lib/gcc/arm-none-eabi/13.2.0/thumb/v7e-m/nofp/libgcc.a(_aeabi_ldivmod.o)
                              CMakeFiles/Project.elf.dir/Core/Src/hx711.c.obj (__aeabi_ldivmod)
/usr/lib/gcc/arm-none-eabi/13.2.0/thumb/v7e-m/nofp/libgcc.a(_aeabi_uldivmod.o)
                              CMakeFiles/Project.elf.dir/Drivers/STM32F4xx_HAL_Driver/Src/stm32f4xx_hal_rcc.c.obj (__aeabi_uldivmod)
/usr/lib/gcc/arm-none-eabi/13.2.0/thumb/v7e-m/nofp/libgcc.a(_udivmoddi4.o)
                              /usr/lib/gcc/arm-none-eabi/13.2.0/thumb/v7e-m/nofp/libgcc.a(_aeabi_ldivmod.o) (__udivmoddi4)
/usr/lib/gcc/arm-none-eabi/13.2.0/thumb/v7e-m/nofp/libgcc.a(_dvmd_tls.o)
                              /usr/lib/gcc/arm-none-eabi/13.2.0/thumb/v7e-m/nofp/libgcc.a(_aeabi_ldivmod.o) (__aeabi_ldiv0)
/usr/lib/gcc/arm-none-eabi/13.2.0/../../../../arm-none-eabi/lib/thumb/v7e-m/nofp/libg.a(libc_a-atexit.o)
                              /usr/lib/gcc/arm-none-eabi/13.2.0/../../../../arm-none-eabi/lib/thumb/v7e-m/nofp/crt0.o (atexit)
/usr/lib/gcc/arm-none-eabi/13.2.0/../../../../arm-none-eabi/lib/thumb/v7e-m/nofp/libg.a(libc_a-exit.o)
                              /usr/lib/gcc/arm-none-eabi/13.2.0/../../../../arm-none-eabi/lib/thumb/v7e-m/nofp/crt0.o (exit)
/usr/lib/gcc/arm-none-eabi/13.2.0/../../../../arm-none-eabi/lib/thumb/v7e-m/nofp/libg.a(libc_a-malloc.o)
                              CMakeFiles/Project.elf.dir/Core/Src/funcs.c.obj (malloc)
/usr/lib/gcc/arm-none-eabi/13.2.0/../../../../arm-none-eabi/lib/thumb/v7e-m/nofp/libg.a(libc_a-mallocr.o)
                              /usr/lib/gcc/arm-none-eabi/13.2.0/../../../../arm-none-eabi/lib/thumb/v7e-m/nofp/libg.a(libc_a-malloc.o) (_malloc_r)
/usr/lib/gcc/arm-none-eabi/13.2.0/../../../../arm-none-eabi/lib/thumb/v7e-m/nofp/libg.a(libc_a-mlock.o)
                              /usr/lib/gcc/arm-none-eabi/13.2.0/../../../../arm-none-eabi/lib/thumb/v7e-m/nofp/libg.a(libc_a-mallocr.o) (__malloc_lock)
/usr/lib/gcc/arm-none-eabi/13.2.0/../../../../arm-none-eabi/lib/thumb/v7e-m/nofp/libg.a(libc_a-findfp.o)
                              /usr/lib/gcc/arm-none-eabi/13.2.0/../../../../arm-none-eabi/lib/thumb/v7e-m/nofp/libg.a(libc_a-exit.o) (__stdio_exit_handler)
/usr/lib/gcc/arm-none-eabi/13.2.0/../../../../arm-none-eabi/lib/thumb/v7e-m/nofp/libg.a(libc_a-fwalk.o)
                              /usr/lib/gcc/arm-none-eabi/13.2.0/../../../../arm-none-eabi/lib/thumb/v7e-m/nofp/libg.a(libc_a-findfp.o) (_fwalk_sglue)
/usr/lib/gcc/arm-none-eabi/13.2.0/../../../../arm-none-eabi/lib/thumb/v7e-m/nofp/libg.a(libc_a-sprintf.o)
                              CMakeFiles/Project.elf.dir/Core/Src/funcs.c.obj (sprintf)
/usr/lib/gcc/arm-none-eabi/13.2.0/../../../../arm-none-eabi/lib/thumb/v7e-m/nofp/libg.a(libc_a-stdio.o)
                              /usr/lib/gcc/arm-none-eabi/13.2.0/../../../../arm-none-eabi/lib/thumb/v7e-m/nofp/libg.a(libc_a-findfp.o) (__sread)
/usr/lib/gcc/arm-none-eabi/13.2.0/../../../../arm-none-eabi/lib/thumb/v7e-m/nofp/libg.a(libc_a-memset.o)
                              /usr/lib/gcc/arm-none-eabi/13.2.0/../../../../arm-none-eabi/lib/thumb/v7e-m/nofp/crt0.o (memset)
/usr/lib/gcc/arm-none-eabi/13.2.0/../../../../arm-none-eabi/lib/thumb/v7e-m/nofp/libg.a(libc_a-closer.o)
                              /usr/lib/gcc/arm-none-eabi/13.2.0/../../../../arm-none-eabi/lib/thumb/v7e-m/nofp/libg.a(libc_a-stdio.o) (_close_r)
/usr/lib/gcc/arm-none-eabi/13.2.0/../../../../arm-none-eabi/lib/thumb/v7e-m/nofp/libg.a(libc_a-reent.o)
                              /usr/lib/gcc/arm-none-eabi/13.2.0/../../../../arm-none-eabi/lib/thumb/v7e-m/nofp/libg.a(libc_a-closer.o) (errno)
/usr/lib/gcc/arm-none-eabi/13.2.0/../../../../arm-none-eabi/lib/thumb/v7e-m/nofp/libg.a(libc_a-impure.o)
                              /usr/lib/gcc/arm-none-eabi/13.2.0/../../../../arm-none-eabi/lib/thumb/v7e-m/nofp/libg.a(libc_a-malloc.o) (_impure_ptr)
/usr/lib/gcc/arm-none-eabi/13.2.0/../../../../arm-none-eabi/lib/thumb/v7e-m/nofp/libg.a(libc_a-lseekr.o)
[...]
Memory Configuration

Name             Origin             Length             Attributes
RAM              0x20000000         0x00018000         xrw
FLASH            0x08000000         0x00080000         xr
*default*        0x00000000         0xffffffff

Linker script and memory map

LOAD /usr/lib/gcc/arm-none-eabi/13.2.0/thumb/v7e-m/nofp/crti.o
LOAD /usr/lib/gcc/arm-none-eabi/13.2.0/thumb/v7e-m/nofp/crtbegin.o
LOAD /usr/lib/gcc/arm-none-eabi/13.2.0/../../../../arm-none-eabi/lib/thumb/v7e-m/nofp/crt0.o
LOAD CMakeFiles/Project.elf.dir/Core/Src/flash.c.obj
LOAD CMakeFiles/Project.elf.dir/Core/Src/funcs.c.obj
LOAD CMakeFiles/Project.elf.dir/Core/Src/hx711.c.obj
LOAD CMakeFiles/Project.elf.dir/Core/Src/main.c.obj
LOAD CMakeFiles/Project.elf.dir/Core/Src/stm32f4xx_hal_msp.c.obj
LOAD CMakeFiles/Project.elf.dir/Core/Src/stm32f4xx_it.c.obj
LOAD CMakeFiles/Project.elf.dir/Core/Src/syscalls.c.obj
LOAD CMakeFiles/Project.elf.dir/Core/Src/sysmem.c.obj
LOAD CMakeFiles/Project.elf.dir/Core/Src/system_stm32f4xx.c.obj
LOAD CMakeFiles/Project.elf.dir/Core/Startup/startup_stm32f401retx.s.obj
LOAD CMakeFiles/Project.elf.dir/Drivers/STM32F4xx_HAL_Driver/Src/stm32f4xx_hal.c.obj
LOAD CMakeFiles/Project.elf.dir/Drivers/STM32F4xx_HAL_Driver/Src/stm32f4xx_hal_cortex.c.obj
LOAD CMakeFiles/Project.elf.dir/Drivers/STM32F4xx_HAL_Driver/Src/stm32f4xx_hal_dma.c.obj
LOAD CMakeFiles/Project.elf.dir/Drivers/STM32F4xx_HAL_Driver/Src/stm32f4xx_hal_dma_ex.c.obj
LOAD CMakeFiles/Project.elf.dir/Drivers/STM32F4xx_HAL_Driver/Src/stm32f4xx_hal_exti.c.obj
LOAD CMakeFiles/Project.elf.dir/Drivers/STM32F4xx_HAL_Driver/Src/stm32f4xx_hal_flash.c.obj
LOAD CMakeFiles/Project.elf.dir/Drivers/STM32F4xx_HAL_Driver/Src/stm32f4xx_hal_flash_ex.c.obj
LOAD CMakeFiles/Project.elf.dir/Drivers/STM32F4xx_HAL_Driver/Src/stm32f4xx_hal_flash_ramfunc.c.obj
LOAD CMakeFiles/Project.elf.dir/Drivers/STM32F4xx_HAL_Driver/Src/stm32f4xx_hal_gpio.c.obj
LOAD CMakeFiles/Project.elf.dir/Drivers/STM32F4xx_HAL_Driver/Src/stm32f4xx_hal_i2c.c.obj
LOAD CMakeFiles/Project.elf.dir/Drivers/STM32F4xx_HAL_Driver/Src/stm32f4xx_hal_i2c_ex.c.obj
LOAD CMakeFiles/Project.elf.dir/Drivers/STM32F4xx_HAL_Driver/Src/stm32f4xx_hal_pwr.c.obj
LOAD CMakeFiles/Project.elf.dir/Drivers/STM32F4xx_HAL_Driver/Src/stm32f4xx_hal_pwr_ex.c.obj
LOAD CMakeFiles/Project.elf.dir/Drivers/STM32F4xx_HAL_Driver/Src/stm32f4xx_hal_rcc.c.obj
LOAD CMakeFiles/Project.elf.dir/Drivers/STM32F4xx_HAL_Driver/Src/stm32f4xx_hal_rcc_ex.c.obj
LOAD CMakeFiles/Project.elf.dir/Drivers/STM32F4xx_HAL_Driver/Src/stm32f4xx_hal_rtc.c.obj
LOAD CMakeFiles/Project.elf.dir/Drivers/STM32F4xx_HAL_Driver/Src/stm32f4xx_hal_rtc_ex.c.obj
LOAD CMakeFiles/Project.elf.dir/Drivers/STM32F4xx_HAL_Driver/Src/stm32f4xx_hal_tim.c.obj
LOAD CMakeFiles/Project.elf.dir/Drivers/STM32F4xx_HAL_Driver/Src/stm32f4xx_hal_tim_ex.c.obj
LOAD CMakeFiles/Project.elf.dir/Drivers/STM32F4xx_HAL_Driver/Src/stm32f4xx_hal_uart.c.obj
START GROUP
LOAD /usr/lib/gcc/arm-none-eabi/13.2.0/thumb/v7e-m/nofp/libgcc.a
LOAD /usr/lib/gcc/arm-none-eabi/13.2.0/../../../../arm-none-eabi/lib/thumb/v7e-m/nofp/libg.a
LOAD /usr/lib/gcc/arm-none-eabi/13.2.0/../../../../arm-none-eabi/lib/thumb/v7e-m/nofp/libc.a
END GROUP
LOAD /usr/lib/gcc/arm-none-eabi/13.2.0/thumb/v7e-m/nofp/crtend.o
LOAD /usr/lib/gcc/arm-none-eabi/13.2.0/thumb/v7e-m/nofp/crtn.o
                0x20018000                        _estack = (ORIGIN (RAM) + LENGTH (RAM))
                0x00000200                        _Min_Heap_Size = 0x200
                0x00000400                        _Min_Stack_Size = 0x400

.isr_vector     0x08000000      0x194
                0x08000000                        . = ALIGN (0x4)
 *(.isr_vector)
 .isr_vector    0x08000000      0x194 CMakeFiles/Project.elf.dir/Core/Startup/startup_stm32f401retx.s.obj
                0x08000000                g_pfnVectors
                0x08000194                        . = ALIGN (0x4)

.text           0x080001c0     0x90e8
                0x080001c0                        . = ALIGN (0x4)
 *(.text)
 .text          0x080001c0       0x88 /usr/lib/gcc/arm-none-eabi/13.2.0/thumb/v7e-m/nofp/crtbegin.o
 .text          0x08000248      0x378 /usr/lib/gcc/arm-none-eabi/13.2.0/thumb/v7e-m/nofp/libgcc.a(_arm_addsubdf3.o)
                0x08000248                __aeabi_drsub
                0x08000250                __aeabi_dsub
                0x08000250                __subdf3
                0x08000254                __adddf3
                0x08000254                __aeabi_dadd
                0x080004cc                __aeabi_ui2d
                0x080004cc                __floatunsidf
                0x080004ec                __floatsidf
                0x080004ec                __aeabi_i2d
                0x08000510                __extendsfdf2
                0x08000510                __aeabi_f2d
                0x08000554                __aeabi_ul2d
                0x08000554                __floatundidf
                0x08000564                __floatdidf
                0x08000564                __aeabi_l2d
 .text          0x080005c0      0x424 /usr/lib/gcc/arm-none-eabi/13.2.0/thumb/v7e-m/nofp/libgcc.a(_arm_muldivdf3.o)
                0x080005c0                __aeabi_dmul
                0x080005c0                __muldf3
                0x08000814                __aeabi_ddiv
                0x08000814                __divdf3
 .text          0x080009e4      0x110 /usr/lib/gcc/arm-none-eabi/13.2.0/thumb/v7e-m/nofp/libgcc.a(_arm_cmpdf2.o)
                0x080009e4                __gtdf2
                0x080009e4                __gedf2
                0x080009ec                __ltdf2
                0x080009ec                __ledf2
                0x080009f4                __cmpdf2
                0x080009f4                __eqdf2
                0x080009f4                __nedf2
                0x08000a70                __aeabi_cdrcmple
                0x08000a80                __aeabi_cdcmple
                0x08000a80                __aeabi_cdcmpeq
                0x08000a90                __aeabi_dcmpeq
                0x08000aa4                __aeabi_dcmplt
                0x08000ab8                __aeabi_dcmple
                0x08000acc                __aeabi_dcmpge
                0x08000ae0                __aeabi_dcmpgt
 .text          0x08000af4       0x50 /usr/lib/gcc/arm-none-eabi/13.2.0/thumb/v7e-m/nofp/libgcc.a(_arm_fixdfsi.o)
                0x08000af4                __fixdfsi
                0x08000af4                __aeabi_d2iz
 .text          0x08000b44       0xa0 /usr/lib/gcc/arm-none-eabi/13.2.0/thumb/v7e-m/nofp/libgcc.a(_aeabi_ldivmod.o)
                0x08000b44                __aeabi_ldivmod
 .text          0x08000be4       0x30 /usr/lib/gcc/arm-none-eabi/13.2.0/thumb/v7e-m/nofp/libgcc.a(_aeabi_uldivmod.o)
                0x08000be4                __aeabi_uldivmod
 .text          0x08000c14      0x2bc /usr/lib/gcc/arm-none-eabi/13.2.0/thumb/v7e-m/nofp/libgcc.a(_udivmoddi4.o)
                0x08000c14                __udivmoddi4
 .text          0x08000ed0        0x4 /usr/lib/gcc/arm-none-eabi/13.2.0/thumb/v7e-m/nofp/libgcc.a(_dvmd_tls.o)
                0x08000ed0                __aeabi_ldiv0
                0x08000ed0                __aeabi_idiv0
 *fill*         0x08000ed4        0xc 
 .text          0x08000ee0       0xa0 /usr/lib/gcc/arm-none-eabi/13.2.0/../../../../arm-none-eabi/lib/thumb/v7e-m/nofp/libg.a(libc_a-memchr.o)
                0x08000ee0                memchr
 .text          0x08000f80       0xd8 /usr/lib/gcc/arm-none-eabi/13.2.0/../../../../arm-none-eabi/lib/thumb/v7e-m/nofp/libg.a(libc_a-strlen.o)
                0x08000f80                strlen
 .text          0x08001058      0x134 /usr/lib/gcc/arm-none-eabi/13.2.0/../../../../arm-none-eabi/lib/thumb/v7e-m/nofp/libg.a(libc_a-memcpy.o)
                0x08001058                memcpy
 .text          0x0800118c       0x2c /usr/lib/gcc/arm-none-eabi/13.2.0/thumb/v7e-m/nofp/libgcc.a(_arm_unorddf2.o)
                0x0800118c                __aeabi_dcmpun
                0x0800118c                __unorddf2
 *(.text*)
 .text.GetSector
                0x080011b8       0x7a CMakeFiles/Project.elf.dir/Core/Src/flash.c.obj
 .text.Flash_Write
                0x08001232       0x28 CMakeFiles/Project.elf.dir/Core/Src/flash.c.obj
                0x08001232                Flash_Write
 .text.Flash_Read
                0x0800125a       0x14 CMakeFiles/Project.elf.dir/Core/Src/flash.c.obj
                0x0800125a                Flash_Read
 .text.Flash_Erase
                0x0800126e       0x3e CMakeFiles/Project.elf.dir/Core/Src/flash.c.obj
                0x0800126e                Flash_Erase
 .text.string_length
                0x080012ac       0x10 CMakeFiles/Project.elf.dir/Core/Src/funcs.c.obj
                0x080012ac                string_length
 .text.save_measurement_to_flash
                0x080012bc       0x1c CMakeFiles/Project.elf.dir/Core/Src/funcs.c.obj
                0x080012bc                save_measurement_to_flash
 .text.read_all_measurements_from_flash
                0x080012d8       0x26 CMakeFiles/Project.elf.dir/Core/Src/funcs.c.obj
                0x080012d8                read_all_measurements_from_flash
 *fill*         0x080012fe        0x2 
 .text.get_flash_end_addr
                0x08001300       0x14 CMakeFiles/Project.elf.dir/Core/Src/funcs.c.obj
                0x08001300                get_flash_end_addr
 .text.clean_flash
                0x08001314       0x1c CMakeFiles/Project.elf.dir/Core/Src/funcs.c.obj
                0x08001314                clean_flash
 .text.tim_spec_del
                0x08001330       0x14 CMakeFiles/Project.elf.dir/Core/Src/funcs.c.obj
                0x08001330                tim_spec_del
 .text.read_ultrasonic
                0x08001344       0x5c CMakeFiles/Project.elf.dir/Core/Src/funcs.c.obj
                0x08001344                read_ultrasonic
 .text.meas_dist
                0x080013a0       0x34 CMakeFiles/Project.elf.dir/Core/Src/funcs.c.obj
                0x080013a0                meas_dist
 .text.send_data_huart
                0x080013d4      0x108 CMakeFiles/Project.elf.dir/Core/Src/funcs.c.obj
                0x080013d4                send_data_huart
 .text.find_max
                0x080014dc       0x58 CMakeFiles/Project.elf.dir/Core/Src/funcs.c.obj
                0x080014dc                find_max
 .text.find_min
                0x08001534       0x58 CMakeFiles/Project.elf.dir/Core/Src/funcs.c.obj
                0x08001534                find_min
 .text.menu     0x0800158c       0xc0 CMakeFiles/Project.elf.dir/Core/Src/funcs.c.obj
                0x0800158c                menu
 .text.HX711_Init
                0x0800164c       0x34 CMakeFiles/Project.elf.dir/Core/Src/hx711.c.obj
                0x0800164c                HX711_Init
 .text.HX711_Read
                0x08001680       0x5e CMakeFiles/Project.elf.dir/Core/Src/hx711.c.obj
                0x08001680                HX711_Read
 .text.HX711_GetWeight
                0x080016de       0x48 CMakeFiles/Project.elf.dir/Core/Src/hx711.c.obj
                0x080016de                HX711_GetWeight
 *fill*         0x08001726        0x2 
 .text.MX_GPIO_Init
                0x08001728       0x78 CMakeFiles/Project.elf.dir/Core/Src/main.c.obj
 .text.HAL_UART_RxCpltCallback
                0x080017a0       0x28 CMakeFiles/Project.elf.dir/Core/Src/main.c.obj
                0x080017a0                HAL_UART_RxCpltCallback
 .text.HAL_TIM_PeriodElapsedCallback
                0x080017c8       0x2c CMakeFiles/Project.elf.dir/Core/Src/main.c.obj
                0x080017c8                HAL_TIM_PeriodElapsedCallback
 .text.Error_Handler
                0x080017f4        0x4 CMakeFiles/Project.elf.dir/Core/Src/main.c.obj
                0x080017f4                Error_Handler
 .text.MX_TIM2_Init
                0x080017f8       0x68 CMakeFiles/Project.elf.dir/Core/Src/main.c.obj
 .text.MX_USART2_UART_Init
                0x08001860       0x34 CMakeFiles/Project.elf.dir/Core/Src/main.c.obj
 .text.MX_RTC_Init
                0x08001894       0x84 CMakeFiles/Project.elf.dir/Core/Src/main.c.obj
 .text.MX_I2C2_Init
                0x08001918       0x38 CMakeFiles/Project.elf.dir/Core/Src/main.c.obj
 .text.MX_TIM3_Init
                0x08001950       0x68 CMakeFiles/Project.elf.dir/Core/Src/main.c.obj
 .text.SystemClock_Config
                0x080019b8       0xac CMakeFiles/Project.elf.dir/Core/Src/main.c.obj
                0x080019b8                SystemClock_Config
 *fill*         0x08001a64        0x4 
 .text.main     0x08001a68       0xe8 CMakeFiles/Project.elf.dir/Core/Src/main.c.obj
                0x08001a68                main
 .text.HAL_MspInit
                0x08001b50       0x38 CMakeFiles/Project.elf.dir/Core/Src/stm32f4xx_hal_msp.c.obj
                0x08001b50                HAL_MspInit
 .text.HAL_I2C_MspInit
                0x08001b88       0x94 CMakeFiles/Project.elf.dir/Core/Src/stm32f4xx_hal_msp.c.obj
                0x08001b88                HAL_I2C_MspInit
 .text.HAL_RTC_MspInit
                0x08001c1c       0x48 CMakeFiles/Project.elf.dir/Core/Src/stm32f4xx_hal_msp.c.obj
                0x08001c1c                HAL_RTC_MspInit
 .text.HAL_TIM_Base_MspInit
                0x08001c64       0x64 CMakeFiles/Project.elf.dir/Core/Src/stm32f4xx_hal_msp.c.obj
                0x08001c64                HAL_TIM_Base_MspInit
 .text.HAL_UART_MspInit
                0x08001cc8       0x7c CMakeFiles/Project.elf.dir/Core/Src/stm32f4xx_hal_msp.c.obj
                0x08001cc8                HAL_UART_MspInit
 .text.NMI_Handler
                0x08001d44        0x2 CMakeFiles/Project.elf.dir/Core/Src/stm32f4xx_it.c.obj
                0x08001d44                NMI_Handler
 .text.HardFault_Handler
                0x08001d46        0x2 CMakeFiles/Project.elf.dir/Core/Src/stm32f4xx_it.c.obj
                0x08001d46                HardFault_Handler
 .text.MemManage_Handler
                0x08001d48        0x2 CMakeFiles/Project.elf.dir/Core/Src/stm32f4xx_it.c.obj
                0x08001d48                MemManage_Handler
 .text.BusFault_Handler
                0x08001d4a        0x2 CMakeFiles/Project.elf.dir/Core/Src/stm32f4xx_it.c.obj
                0x08001d4a                BusFault_Handler
 .text.UsageFault_Handler
                0x08001d4c        0x2 CMakeFiles/Project.elf.dir/Core/Src/stm32f4xx_it.c.obj
                0x08001d4c                UsageFault_Handler
 .text.SVC_Handler
                0x08001d4e        0x2 CMakeFiles/Project.elf.dir/Core/Src/stm32f4xx_it.c.obj
                0x08001d4e                SVC_Handler
 .text.DebugMon_Handler
                0x08001d50        0x2 CMakeFiles/Project.elf.dir/Core/Src/stm32f4xx_it.c.obj
                0x08001d50                DebugMon_Handler
 .text.PendSV_Handler
                0x08001d52        0x2 CMakeFiles/Project.elf.dir/Core/Src/stm32f4xx_it.c.obj
                0x08001d52                PendSV_Handler
 .text.SysTick_Handler
                0x08001d54        0x8 CMakeFiles/Project.elf.dir/Core/Src/stm32f4xx_it.c.obj
                0x08001d54                SysTick_Handler
 .text.TIM3_IRQHandler
                0x08001d5c       0x10 CMakeFiles/Project.elf.dir/Core/Src/stm32f4xx_it.c.obj
                0x08001d5c                TIM3_IRQHandler
 .text.USART2_IRQHandler
                0x08001d6c       0x10 CMakeFiles/Project.elf.dir/Core/Src/stm32f4xx_it.c.obj
                0x08001d6c                USART2_IRQHandler
 .text._getpid  0x08001d7c        0x4 CMakeFiles/Project.elf.dir/Core/Src/syscalls.c.obj
                0x08001d7c                _getpid
 .text._kill    0x08001d80       0x10 CMakeFiles/Project.elf.dir/Core/Src/syscalls.c.obj
                0x08001d80                _kill
 .text._exit    0x08001d90        0xc CMakeFiles/Project.elf.dir/Core/Src/syscalls.c.obj
                0x08001d90                _exit
 .text._read    0x08001d9c       0x20 CMakeFiles/Project.elf.dir/Core/Src/syscalls.c.obj
                0x08001d9c                _read
 .text._write   0x08001dbc       0x1c CMakeFiles/Project.elf.dir/Core/Src/syscalls.c.obj
                0x08001dbc                _write
 .text._close   0x08001dd8        0x6 CMakeFiles/Project.elf.dir/Core/Src/syscalls.c.obj
                0x08001dd8                _close
 .text._fstat   0x08001dde        0xa CMakeFiles/Project.elf.dir/Core/Src/syscalls.c.obj
                0x08001dde                _fstat
 .text._isatty  0x08001de8        0x4 CMakeFiles/Project.elf.dir/Core/Src/syscalls.c.obj
                0x08001de8                _isatty
 .text._lseek   0x08001dec        0x4 CMakeFiles/Project.elf.dir/Core/Src/syscalls.c.obj
                0x08001dec                _lseek
 .text._sbrk    0x08001df0       0x48 CMakeFiles/Project.elf.dir/Core/Src/sysmem.c.obj
                0x08001df0                _sbrk
 .text.SystemInit
                0x08001e38        0x2 CMakeFiles/Project.elf.dir/Core/Src/system_stm32f4xx.c.obj
                0x08001e38                SystemInit
 *fill*         0x08001e3a        0x2 
 .text.Reset_Handler
                0x08001e3c       0x50 CMakeFiles/Project.elf.dir/Core/Startup/startup_stm32f401retx.s.obj
                0x08001e3c                Reset_Handler
 .text.Default_Handler
                0x08001e8c        0x2 CMakeFiles/Project.elf.dir/Core/Startup/startup_stm32f401retx.s.obj
                0x08001e8c                RTC_Alarm_IRQHandler
                0x08001e8c                EXTI2_IRQHandler
                0x08001e8c                SPI4_IRQHandler
                0x08001e8c                TIM1_CC_IRQHandler
                0x08001e8c                DMA2_Stream5_IRQHandler
                0x08001e8c                DMA1_Stream5_IRQHandler
                0x08001e8c                PVD_IRQHandler
                0x08001e8c                SDIO_IRQHandler
                0x08001e8c                TAMP_STAMP_IRQHandler
                0x08001e8c                EXTI3_IRQHandler
                0x08001e8c                TIM1_UP_TIM10_IRQHandler
                0x08001e8c                I2C3_ER_IRQHandler
                0x08001e8c                EXTI0_IRQHandler
                0x08001e8c                I2C2_EV_IRQHandler
                0x08001e8c                DMA1_Stream2_IRQHandler
                0x08001e8c                FPU_IRQHandler
                0x08001e8c                DMA2_Stream2_IRQHandler
                0x08001e8c                SPI1_IRQHandler
                0x08001e8c                TIM1_BRK_TIM9_IRQHandler
                0x08001e8c                DMA2_Stream3_IRQHandler
                0x08001e8c                USART6_IRQHandler
                0x08001e8c                DMA2_Stream0_IRQHandler
                0x08001e8c                TIM4_IRQHandler
                0x08001e8c                I2C1_EV_IRQHandler
                0x08001e8c                DMA1_Stream6_IRQHandler
                0x08001e8c                DMA1_Stream1_IRQHandler
                0x08001e8c                RCC_IRQHandler
                0x08001e8c                Default_Handler
                0x08001e8c                EXTI15_10_IRQHandler
                0x08001e8c                ADC_IRQHandler
                0x08001e8c                DMA1_Stream7_IRQHandler
                0x08001e8c                TIM5_IRQHandler
                0x08001e8c                DMA2_Stream7_IRQHandler
                0x08001e8c                I2C3_EV_IRQHandler
                0x08001e8c                EXTI9_5_IRQHandler
                0x08001e8c                RTC_WKUP_IRQHandler
                0x08001e8c                SPI2_IRQHandler
                0x08001e8c                DMA1_Stream0_IRQHandler
                0x08001e8c                EXTI4_IRQHandler
                0x08001e8c                WWDG_IRQHandler
                0x08001e8c                TIM2_IRQHandler
                0x08001e8c                OTG_FS_WKUP_IRQHandler
                0x08001e8c                TIM1_TRG_COM_TIM11_IRQHandler
                0x08001e8c                EXTI1_IRQHandler
                0x08001e8c                I2C2_ER_IRQHandler
                0x08001e8c                DMA2_Stream1_IRQHandler
                0x08001e8c                FLASH_IRQHandler
                0x08001e8c                DMA2_Stream4_IRQHandler
                0x08001e8c                USART1_IRQHandler
                0x08001e8c                OTG_FS_IRQHandler
                0x08001e8c                SPI3_IRQHandler
                0x08001e8c                DMA1_Stream4_IRQHandler
                0x08001e8c                I2C1_ER_IRQHandler
                0x08001e8c                DMA2_Stream6_IRQHandler
                0x08001e8c                DMA1_Stream3_IRQHandler
 *fill*         0x08001e8e        0x2 
 .text.HAL_InitTick
                0x08001e90       0x4c CMakeFiles/Project.elf.dir/Drivers/STM32F4xx_HAL_Driver/Src/stm32f4xx_hal.c.obj
                0x08001e90                HAL_InitTick
 .text.HAL_Init
                0x08001edc       0x34 CMakeFiles/Project.elf.dir/Drivers/STM32F4xx_HAL_Driver/Src/stm32f4xx_hal.c.obj
                0x08001edc                HAL_Init
 .text.HAL_IncTick
                0x08001f10       0x18 CMakeFiles/Project.elf.dir/Drivers/STM32F4xx_HAL_Driver/Src/stm32f4xx_hal.c.obj
                0x08001f10                HAL_IncTick
 .text.HAL_GetTick
                0x08001f28        0xc CMakeFiles/Project.elf.dir/Drivers/STM32F4xx_HAL_Driver/Src/stm32f4xx_hal.c.obj
                0x08001f28                HAL_GetTick
 .text.HAL_Delay
                0x08001f34       0x28 CMakeFiles/Project.elf.dir/Drivers/STM32F4xx_HAL_Driver/Src/stm32f4xx_hal.c.obj
                0x08001f34                HAL_Delay
 .text.__NVIC_EnableIRQ
                0x08001f5c       0x1c CMakeFiles/Project.elf.dir/Drivers/STM32F4xx_HAL_Driver/Src/stm32f4xx_hal_cortex.c.obj
 .text.__NVIC_SetPriority
                0x08001f78       0x28 CMakeFiles/Project.elf.dir/Drivers/STM32F4xx_HAL_Driver/Src/stm32f4xx_hal_cortex.c.obj
 .text.NVIC_EncodePriority
                0x08001fa0       0x3e CMakeFiles/Project.elf.dir/Drivers/STM32F4xx_HAL_Driver/Src/stm32f4xx_hal_cortex.c.obj
 *fill*         0x08001fde        0x2 
 .text.HAL_NVIC_SetPriorityGrouping
                0x08001fe0       0x24 CMakeFiles/Project.elf.dir/Drivers/STM32F4xx_HAL_Driver/Src/stm32f4xx_hal_cortex.c.obj
                0x08001fe0                HAL_NVIC_SetPriorityGrouping
 .text.HAL_NVIC_SetPriority
                0x08002004       0x20 CMakeFiles/Project.elf.dir/Drivers/STM32F4xx_HAL_Driver/Src/stm32f4xx_hal_cortex.c.obj
                0x08002004                HAL_NVIC_SetPriority
 .text.HAL_NVIC_EnableIRQ
                0x08002024        0x8 CMakeFiles/Project.elf.dir/Drivers/STM32F4xx_HAL_Driver/Src/stm32f4xx_hal_cortex.c.obj
                0x08002024                HAL_NVIC_EnableIRQ
 .text.HAL_SYSTICK_Config
                0x0800202c       0x28 CMakeFiles/Project.elf.dir/Drivers/STM32F4xx_HAL_Driver/Src/stm32f4xx_hal_cortex.c.obj
                0x0800202c                HAL_SYSTICK_Config
 .text.HAL_DMA_Abort
                0x08002054       0x94 CMakeFiles/Project.elf.dir/Drivers/STM32F4xx_HAL_Driver/Src/stm32f4xx_hal_dma.c.obj
                0x08002054                HAL_DMA_Abort
 .text.HAL_DMA_Abort_IT
                0x080020e8       0x26 CMakeFiles/Project.elf.dir/Drivers/STM32F4xx_HAL_Driver/Src/stm32f4xx_hal_dma.c.obj
                0x080020e8                HAL_DMA_Abort_IT
 *fill*         0x0800210e        0x2 
 .text.FLASH_Program_DoubleWord
                0x08002110       0x2c CMakeFiles/Project.elf.dir/Drivers/STM32F4xx_HAL_Driver/Src/stm32f4xx_hal_flash.c.obj
 .text.FLASH_Program_Word
                0x0800213c       0x24 CMakeFiles/Project.elf.dir/Drivers/STM32F4xx_HAL_Driver/Src/stm32f4xx_hal_flash.c.obj
 .text.FLASH_Program_HalfWord
                0x08002160       0x24 CMakeFiles/Project.elf.dir/Drivers/STM32F4xx_HAL_Driver/Src/stm32f4xx_hal_flash.c.obj
 .text.FLASH_Program_Byte
                0x08002184       0x20 CMakeFiles/Project.elf.dir/Drivers/STM32F4xx_HAL_Driver/Src/stm32f4xx_hal_flash.c.obj
 .text.FLASH_SetErrorCode
                0x080021a4       0xa8 CMakeFiles/Project.elf.dir/Drivers/STM32F4xx_HAL_Driver/Src/stm32f4xx_hal_flash.c.obj
 .text.HAL_FLASH_Unlock
                0x0800224c       0x30 CMakeFiles/Project.elf.dir/Drivers/STM32F4xx_HAL_Driver/Src/stm32f4xx_hal_flash.c.obj
                0x0800224c                HAL_FLASH_Unlock
 .text.HAL_FLASH_Lock
                0x0800227c       0x14 CMakeFiles/Project.elf.dir/Drivers/STM32F4xx_HAL_Driver/Src/stm32f4xx_hal_flash.c.obj
                0x0800227c                HAL_FLASH_Lock
 .text.FLASH_WaitForLastOperation
                0x08002290       0x60 CMakeFiles/Project.elf.dir/Drivers/STM32F4xx_HAL_Driver/Src/stm32f4xx_hal_flash.c.obj
                0x08002290                FLASH_WaitForLastOperation
 .text.HAL_FLASH_Program
                0x080022f0       0x7c CMakeFiles/Project.elf.dir/Drivers/STM32F4xx_HAL_Driver/Src/stm32f4xx_hal_flash.c.obj
                0x080022f0                HAL_FLASH_Program
 .text.FLASH_MassErase
                0x0800236c       0x24 CMakeFiles/Project.elf.dir/Drivers/STM32F4xx_HAL_Driver/Src/stm32f4xx_hal_flash_ex.c.obj
 .text.FLASH_Erase_Sector
                0x08002390       0x4c CMakeFiles/Project.elf.dir/Drivers/STM32F4xx_HAL_Driver/Src/stm32f4xx_hal_flash_ex.c.obj
                0x08002390                FLASH_Erase_Sector
 .text.FLASH_FlushCaches
                0x080023dc       0x60 CMakeFiles/Project.elf.dir/Drivers/STM32F4xx_HAL_Driver/Src/stm32f4xx_hal_flash_ex.c.obj
                0x080023dc                FLASH_FlushCaches
 .text.HAL_FLASHEx_Erase
                0x0800243c       0x94 CMakeFiles/Project.elf.dir/Drivers/STM32F4xx_HAL_Driver/Src/stm32f4xx_hal_flash_ex.c.obj
                0x0800243c                HAL_FLASHEx_Erase
 .text.HAL_GPIO_Init
                0x080024d0      0x1d0 CMakeFiles/Project.elf.dir/Drivers/STM32F4xx_HAL_Driver/Src/stm32f4xx_hal_gpio.c.obj
                0x080024d0                HAL_GPIO_Init
 .text.HAL_GPIO_ReadPin
                0x080026a0        0xe CMakeFiles/Project.elf.dir/Drivers/STM32F4xx_HAL_Driver/Src/stm32f4xx_hal_gpio.c.obj
                0x080026a0                HAL_GPIO_ReadPin
 .text.HAL_GPIO_WritePin
                0x080026ae        0xc CMakeFiles/Project.elf.dir/Drivers/STM32F4xx_HAL_Driver/Src/stm32f4xx_hal_gpio.c.obj
                0x080026ae                HAL_GPIO_WritePin
 *fill*         0x080026ba        0x2 
 .text.HAL_I2C_Init
                0x080026bc      0x1bc CMakeFiles/Project.elf.dir/Drivers/STM32F4xx_HAL_Driver/Src/stm32f4xx_hal_i2c.c.obj
                0x080026bc                HAL_I2C_Init
 .text.HAL_RCC_OscConfig
                0x08002878      0x3f8 CMakeFiles/Project.elf.dir/Drivers/STM32F4xx_HAL_Driver/Src/stm32f4xx_hal_rcc.c.obj
                0x08002878                HAL_RCC_OscConfig
 .text.HAL_RCC_GetSysClockFreq
                0x08002c70       0xa8 CMakeFiles/Project.elf.dir/Drivers/STM32F4xx_HAL_Driver/Src/stm32f4xx_hal_rcc.c.obj
                0x08002c70                HAL_RCC_GetSysClockFreq
 .text.HAL_RCC_ClockConfig
                0x08002d18      0x160 CMakeFiles/Project.elf.dir/Drivers/STM32F4xx_HAL_Driver/Src/stm32f4xx_hal_rcc.c.obj
                0x08002d18                HAL_RCC_ClockConfig
 .text.HAL_RCC_GetHCLKFreq
                0x08002e78        0xc CMakeFiles/Project.elf.dir/Drivers/STM32F4xx_HAL_Driver/Src/stm32f4xx_hal_rcc.c.obj
                0x08002e78                HAL_RCC_GetHCLKFreq
 .text.HAL_RCC_GetPCLK1Freq
                0x08002e84       0x20 CMakeFiles/Project.elf.dir/Drivers/STM32F4xx_HAL_Driver/Src/stm32f4xx_hal_rcc.c.obj
                0x08002e84                HAL_RCC_GetPCLK1Freq
 .text.HAL_RCC_GetPCLK2Freq
                0x08002ea4       0x20 CMakeFiles/Project.elf.dir/Drivers/STM32F4xx_HAL_Driver/Src/stm32f4xx_hal_rcc.c.obj
                0x08002ea4                HAL_RCC_GetPCLK2Freq
 .text.HAL_RCCEx_PeriphCLKConfig
                0x08002ec4      0x16c CMakeFiles/Project.elf.dir/Drivers/STM32F4xx_HAL_Driver/Src/stm32f4xx_hal_rcc_ex.c.obj
                0x08002ec4                HAL_RCCEx_PeriphCLKConfig
 .text.HAL_RTC_WaitForSynchro
                0x08003030       0x34 CMakeFiles/Project.elf.dir/Drivers/STM32F4xx_HAL_Driver/Src/stm32f4xx_hal_rtc.c.obj
                0x08003030                HAL_RTC_WaitForSynchro
 .text.RTC_EnterInitMode
                0x08003064       0x46 CMakeFiles/Project.elf.dir/Drivers/STM32F4xx_HAL_Driver/Src/stm32f4xx_hal_rtc.c.obj
                0x08003064                RTC_EnterInitMode
 .text.RTC_ExitInitMode
                0x080030aa       0x2a CMakeFiles/Project.elf.dir/Drivers/STM32F4xx_HAL_Driver/Src/stm32f4xx_hal_rtc.c.obj
                0x080030aa                RTC_ExitInitMode
 .text.HAL_RTC_Init
                0x080030d4       0x9e CMakeFiles/Project.elf.dir/Drivers/STM32F4xx_HAL_Driver/Src/stm32f4xx_hal_rtc.c.obj
                0x080030d4                HAL_RTC_Init
 .text.RTC_ByteToBcd2
                0x08003172       0x16 CMakeFiles/Project.elf.dir/Drivers/STM32F4xx_HAL_Driver/Src/stm32f4xx_hal_rtc.c.obj
                0x08003172                RTC_ByteToBcd2
 .text.HAL_RTC_SetTime
                0x08003188       0xc0 CMakeFiles/Project.elf.dir/Drivers/STM32F4xx_HAL_Driver/Src/stm32f4xx_hal_rtc.c.obj
                0x08003188                HAL_RTC_SetTime
 .text.HAL_RTC_SetDate
                0x08003248       0x9c CMakeFiles/Project.elf.dir/Drivers/STM32F4xx_HAL_Driver/Src/stm32f4xx_hal_rtc.c.obj
                0x08003248                HAL_RTC_SetDate
 .text.RTC_Bcd2ToByte
                0x080032e4       0x12 CMakeFiles/Project.elf.dir/Drivers/STM32F4xx_HAL_Driver/Src/stm32f4xx_hal_rtc.c.obj
                0x080032e4                RTC_Bcd2ToByte
 .text.HAL_RTC_GetTime
                0x080032f6       0x4c CMakeFiles/Project.elf.dir/Drivers/STM32F4xx_HAL_Driver/Src/stm32f4xx_hal_rtc.c.obj
                0x080032f6                HAL_RTC_GetTime
 .text.HAL_RTC_GetDate
                0x08003342       0x3c CMakeFiles/Project.elf.dir/Drivers/STM32F4xx_HAL_Driver/Src/stm32f4xx_hal_rtc.c.obj
                0x08003342                HAL_RTC_GetDate
 .text.TIM_TI1_ConfigInputStage
                0x0800337e       0x24 CMakeFiles/Project.elf.dir/Drivers/STM32F4xx_HAL_Driver/Src/stm32f4xx_hal_tim.c.obj
 .text.TIM_TI2_ConfigInputStage
                0x080033a2       0x26 CMakeFiles/Project.elf.dir/Drivers/STM32F4xx_HAL_Driver/Src/stm32f4xx_hal_tim.c.obj
 .text.TIM_ITRx_SetConfig
                0x080033c8       0x10 CMakeFiles/Project.elf.dir/Drivers/STM32F4xx_HAL_Driver/Src/stm32f4xx_hal_tim.c.obj
 .text.HAL_TIM_Base_Start
                0x080033d8       0x6c CMakeFiles/Project.elf.dir/Drivers/STM32F4xx_HAL_Driver/Src/stm32f4xx_hal_tim.c.obj
                0x080033d8                HAL_TIM_Base_Start
 .text.HAL_TIM_OC_DelayElapsedCallback
                0x08003444        0x2 CMakeFiles/Project.elf.dir/Drivers/STM32F4xx_HAL_Driver/Src/stm32f4xx_hal_tim.c.obj
                0x08003444                HAL_TIM_OC_DelayElapsedCallback
 .text.HAL_TIM_IC_CaptureCallback
                0x08003446        0x2 CMakeFiles/Project.elf.dir/Drivers/STM32F4xx_HAL_Driver/Src/stm32f4xx_hal_tim.c.obj
                0x08003446                HAL_TIM_IC_CaptureCallback
 .text.HAL_TIM_PWM_PulseFinishedCallback
                0x08003448        0x2 CMakeFiles/Project.elf.dir/Drivers/STM32F4xx_HAL_Driver/Src/stm32f4xx_hal_tim.c.obj
                0x08003448                HAL_TIM_PWM_PulseFinishedCallback
 .text.HAL_TIM_TriggerCallback
                0x0800344a        0x2 CMakeFiles/Project.elf.dir/Drivers/STM32F4xx_HAL_Driver/Src/stm32f4xx_hal_tim.c.obj
                0x0800344a                HAL_TIM_TriggerCallback
 .text.HAL_TIM_IRQHandler
                0x0800344c      0x15e CMakeFiles/Project.elf.dir/Drivers/STM32F4xx_HAL_Driver/Src/stm32f4xx_hal_tim.c.obj
                0x0800344c                HAL_TIM_IRQHandler
 *fill*         0x080035aa        0x2 
 .text.TIM_Base_SetConfig
                0x080035ac       0xac CMakeFiles/Project.elf.dir/Drivers/STM32F4xx_HAL_Driver/Src/stm32f4xx_hal_tim.c.obj
                0x080035ac                TIM_Base_SetConfig
 .text.HAL_TIM_Base_Init
                0x08003658       0x58 CMakeFiles/Project.elf.dir/Drivers/STM32F4xx_HAL_Driver/Src/stm32f4xx_hal_tim.c.obj
                0x08003658                HAL_TIM_Base_Init
 .text.TIM_ETR_SetConfig
                0x080036b0       0x18 CMakeFiles/Project.elf.dir/Drivers/STM32F4xx_HAL_Driver/Src/stm32f4xx_hal_tim.c.obj
                0x080036b0                TIM_ETR_SetConfig
 .text.HAL_TIM_ConfigClockSource
                0x080036c8       0xfe CMakeFiles/Project.elf.dir/Drivers/STM32F4xx_HAL_Driver/Src/stm32f4xx_hal_tim.c.obj
                0x080036c8                HAL_TIM_ConfigClockSource
 *fill*         0x080037c6        0x2 
 .text.HAL_TIMEx_MasterConfigSynchronization
                0x080037c8       0x7c CMakeFiles/Project.elf.dir/Drivers/STM32F4xx_HAL_Driver/Src/stm32f4xx_hal_tim_ex.c.obj
                0x080037c8                HAL_TIMEx_MasterConfigSynchronization
 .text.HAL_TIMEx_CommutCallback
                0x08003844        0x2 CMakeFiles/Project.elf.dir/Drivers/STM32F4xx_HAL_Driver/Src/stm32f4xx_hal_tim_ex.c.obj
                0x08003844                HAL_TIMEx_CommutCallback
 .text.HAL_TIMEx_BreakCallback
                0x08003846        0x2 CMakeFiles/Project.elf.dir/Drivers/STM32F4xx_HAL_Driver/Src/stm32f4xx_hal_tim_ex.c.obj
                0x08003846                HAL_TIMEx_BreakCallback
 .text.UART_EndRxTransfer
                0x08003848       0x5c CMakeFiles/Project.elf.dir/Drivers/STM32F4xx_HAL_Driver/Src/stm32f4xx_hal_uart.c.obj
 .text.UART_Transmit_IT
                0x080038a4       0x60 CMakeFiles/Project.elf.dir/Drivers/STM32F4xx_HAL_Driver/Src/stm32f4xx_hal_uart.c.obj
 .text.UART_SetConfig
                0x08003904      0x110 CMakeFiles/Project.elf.dir/Drivers/STM32F4xx_HAL_Driver/Src/stm32f4xx_hal_uart.c.obj
 .text.UART_WaitOnFlagUntilTimeout
                0x08003a14       0x86 CMakeFiles/Project.elf.dir/Drivers/STM32F4xx_HAL_Driver/Src/stm32f4xx_hal_uart.c.obj
 .text.HAL_UART_Init
                0x08003a9a       0x60 CMakeFiles/Project.elf.dir/Drivers/STM32F4xx_HAL_Driver/Src/stm32f4xx_hal_uart.c.obj
                0x08003a9a                HAL_UART_Init
 .text.HAL_UART_Transmit
                0x08003afa       0xcc CMakeFiles/Project.elf.dir/Drivers/STM32F4xx_HAL_Driver/Src/stm32f4xx_hal_uart.c.obj
                0x08003afa                HAL_UART_Transmit
 .text.HAL_UART_TxCpltCallback
                0x08003bc6        0x2 CMakeFiles/Project.elf.dir/Drivers/STM32F4xx_HAL_Driver/Src/stm32f4xx_hal_uart.c.obj
                0x08003bc6                HAL_UART_TxCpltCallback
 .text.UART_EndTransmit_IT
                0x08003bc8       0x1a CMakeFiles/Project.elf.dir/Drivers/STM32F4xx_HAL_Driver/Src/stm32f4xx_hal_uart.c.obj
 .text.HAL_UART_ErrorCallback
                0x08003be2        0x2 CMakeFiles/Project.elf.dir/Drivers/STM32F4xx_HAL_Driver/Src/stm32f4xx_hal_uart.c.obj
                0x08003be2                HAL_UART_ErrorCallback
 .text.UART_DMAAbortOnError
                0x08003be4       0x10 CMakeFiles/Project.elf.dir/Drivers/STM32F4xx_HAL_Driver/Src/stm32f4xx_hal_uart.c.obj
 .text.HAL_UARTEx_RxEventCallback
                0x08003bf4        0x2 CMakeFiles/Project.elf.dir/Drivers/STM32F4xx_HAL_Driver/Src/stm32f4xx_hal_uart.c.obj
                0x08003bf4                HAL_UARTEx_RxEventCallback
 .text.UART_Receive_IT
                0x08003bf6       0xe6 CMakeFiles/Project.elf.dir/Drivers/STM32F4xx_HAL_Driver/Src/stm32f4xx_hal_uart.c.obj
 .text.HAL_UART_IRQHandler
                0x08003cdc      0x284 CMakeFiles/Project.elf.dir/Drivers/STM32F4xx_HAL_Driver/Src/stm32f4xx_hal_uart.c.obj
                0x08003cdc                HAL_UART_IRQHandler
 .text.UART_Start_Receive_IT
                0x08003f60       0x36 CMakeFiles/Project.elf.dir/Drivers/STM32F4xx_HAL_Driver/Src/stm32f4xx_hal_uart.c.obj
                0x08003f60                UART_Start_Receive_IT
 .text.HAL_UART_Receive_IT
                0x08003f96       0x26 CMakeFiles/Project.elf.dir/Drivers/STM32F4xx_HAL_Driver/Src/stm32f4xx_hal_uart.c.obj
                0x08003f96                HAL_UART_Receive_IT
 .text.atexit   0x08003fbc        0xc /usr/lib/gcc/arm-none-eabi/13.2.0/../../../../arm-none-eabi/lib/thumb/v7e-m/nofp/libg.a(libc_a-atexit.o)
                0x08003fbc                atexit
 .text.malloc   0x08003fc8       0x10 /usr/lib/gcc/arm-none-eabi/13.2.0/../../../../arm-none-eabi/lib/thumb/v7e-m/nofp/libg.a(libc_a-malloc.o)
                0x08003fc8                malloc
 .text.free     0x08003fd8       0x10 /usr/lib/gcc/arm-none-eabi/13.2.0/../../../../arm-none-eabi/lib/thumb/v7e-m/nofp/libg.a(libc_a-malloc.o)
                0x08003fd8                free
 .text._malloc_r
                0x08003fe8      0x564 /usr/lib/gcc/arm-none-eabi/13.2.0/../../../../arm-none-eabi/lib/thumb/v7e-m/nofp/libg.a(libc_a-mallocr.o)
                0x08003fe8                _malloc_r
 .text.__malloc_lock
                0x0800454c        0xc /usr/lib/gcc/arm-none-eabi/13.2.0/../../../../arm-none-eabi/lib/thumb/v7e-m/nofp/libg.a(libc_a-mlock.o)
                0x0800454c                __malloc_lock
 .text.__malloc_unlock
                0x08004558        0xc /usr/lib/gcc/arm-none-eabi/13.2.0/../../../../arm-none-eabi/lib/thumb/v7e-m/nofp/libg.a(libc_a-mlock.o)
                0x08004558                __malloc_unlock
 .text.stdio_exit_handler
                0x08004564       0x18 /usr/lib/gcc/arm-none-eabi/13.2.0/../../../../arm-none-eabi/lib/thumb/v7e-m/nofp/libg.a(libc_a-findfp.o)
 .text.cleanup_stdio
                0x0800457c       0x40 /usr/lib/gcc/arm-none-eabi/13.2.0/../../../../arm-none-eabi/lib/thumb/v7e-m/nofp/libg.a(libc_a-findfp.o)
 .text.global_stdio_init.part.0
                0x080045bc       0xf0 /usr/lib/gcc/arm-none-eabi/13.2.0/../../../../arm-none-eabi/lib/thumb/v7e-m/nofp/libg.a(libc_a-findfp.o)
 .text.__sinit  0x080046ac       0x3c /usr/lib/gcc/arm-none-eabi/13.2.0/../../../../arm-none-eabi/lib/thumb/v7e-m/nofp/libg.a(libc_a-findfp.o)
                0x080046ac                __sinit
 .text.__sfp_lock_acquire
                0x080046e8        0xc /usr/lib/gcc/arm-none-eabi/13.2.0/../../../../arm-none-eabi/lib/thumb/v7e-m/nofp/libg.a(libc_a-findfp.o)
                0x080046e8                __sfp_lock_acquire
 .text.__sfp_lock_release
                0x080046f4        0xc /usr/lib/gcc/arm-none-eabi/13.2.0/../../../../arm-none-eabi/lib/thumb/v7e-m/nofp/libg.a(libc_a-findfp.o)
                0x080046f4                __sfp_lock_release
 .text._fwalk_sglue
                0x08004700       0x44 /usr/lib/gcc/arm-none-eabi/13.2.0/../../../../arm-none-eabi/lib/thumb/v7e-m/nofp/libg.a(libc_a-fwalk.o)
                0x08004700                _fwalk_sglue
 .text.sprintf  0x08004744       0x44 /usr/lib/gcc/arm-none-eabi/13.2.0/../../../../arm-none-eabi/lib/thumb/v7e-m/nofp/libg.a(libc_a-sprintf.o)
                0x08004744                sprintf
 .text.__sread  0x08004788       0x24 /usr/lib/gcc/arm-none-eabi/13.2.0/../../../../arm-none-eabi/lib/thumb/v7e-m/nofp/libg.a(libc_a-stdio.o)
                0x08004788                __sread
 .text.__swrite
                0x080047ac       0x40 /usr/lib/gcc/arm-none-eabi/13.2.0/../../../../arm-none-eabi/lib/thumb/v7e-m/nofp/libg.a(libc_a-stdio.o)
                0x080047ac                __swrite
 .text.__sseek  0x080047ec       0x24 /usr/lib/gcc/arm-none-eabi/13.2.0/../../../../arm-none-eabi/lib/thumb/v7e-m/nofp/libg.a(libc_a-stdio.o)
                0x080047ec                __sseek
 .text.__sclose
                0x08004810        0x8 /usr/lib/gcc/arm-none-eabi/13.2.0/../../../../arm-none-eabi/lib/thumb/v7e-m/nofp/libg.a(libc_a-stdio.o)
                0x08004810                __sclose
 .text.memset   0x08004818       0xa4 /usr/lib/gcc/arm-none-eabi/13.2.0/../../../../arm-none-eabi/lib/thumb/v7e-m/nofp/libg.a(libc_a-memset.o)
                0x08004818                memset
 .text._close_r
                0x080048bc       0x24 /usr/lib/gcc/arm-none-eabi/13.2.0/../../../../arm-none-eabi/lib/thumb/v7e-m/nofp/libg.a(libc_a-closer.o)
                0x080048bc                _close_r
 .text._lseek_r
                0x080048e0       0x2c /usr/lib/gcc/arm-none-eabi/13.2.0/../../../../arm-none-eabi/lib/thumb/v7e-m/nofp/libg.a(libc_a-lseekr.o)
                0x080048e0                _lseek_r
 .text._read_r  0x0800490c       0x2c /usr/lib/gcc/arm-none-eabi/13.2.0/../../../../arm-none-eabi/lib/thumb/v7e-m/nofp/libg.a(libc_a-readr.o)
                0x0800490c                _read_r
 .text._sbrk_r  0x08004938       0x24 /usr/lib/gcc/arm-none-eabi/13.2.0/../../../../arm-none-eabi/lib/thumb/v7e-m/nofp/libg.a(libc_a-sbrkr.o)
                0x08004938                _sbrk_r
 .text._write_r
                0x0800495c       0x2c /usr/lib/gcc/arm-none-eabi/13.2.0/../../../../arm-none-eabi/lib/thumb/v7e-m/nofp/libg.a(libc_a-writer.o)
                0x0800495c                _write_r
 .text.__errno  0x08004988        0xc /usr/lib/gcc/arm-none-eabi/13.2.0/../../../../arm-none-eabi/lib/thumb/v7e-m/nofp/libg.a(libc_a-errno.o)
                0x08004988                __errno
 .text.__libc_init_array
                0x08004994       0x50 /usr/lib/gcc/arm-none-eabi/13.2.0/../../../../arm-none-eabi/lib/thumb/v7e-m/nofp/libg.a(libc_a-init.o)
                0x08004994                __libc_init_array
 .text.__libc_fini_array
                0x080049e4       0x28 /usr/lib/gcc/arm-none-eabi/13.2.0/../../../../arm-none-eabi/lib/thumb/v7e-m/nofp/libg.a(libc_a-fini.o)
                0x080049e4                __libc_fini_array
 .text.__retarget_lock_init_recursive
                0x08004a0c        0x4 /usr/lib/gcc/arm-none-eabi/13.2.0/../../../../arm-none-eabi/lib/thumb/v7e-m/nofp/libg.a(libc_a-lock.o)
                0x08004a0c                __retarget_lock_init_recursive
 .text.__retarget_lock_close_recursive
                0x08004a10        0x4 /usr/lib/gcc/arm-none-eabi/13.2.0/../../../../arm-none-eabi/lib/thumb/v7e-m/nofp/libg.a(libc_a-lock.o)
                0x08004a10                __retarget_lock_close_recursive
 .text.__retarget_lock_acquire_recursive
                0x08004a14        0x4 /usr/lib/gcc/arm-none-eabi/13.2.0/../../../../arm-none-eabi/lib/thumb/v7e-m/nofp/libg.a(libc_a-lock.o)
                0x08004a14                __retarget_lock_acquire_recursive
 .text.__retarget_lock_release_recursive
                0x08004a18        0x4 /usr/lib/gcc/arm-none-eabi/13.2.0/../../../../arm-none-eabi/lib/thumb/v7e-m/nofp/libg.a(libc_a-lock.o)
                0x08004a18                __retarget_lock_release_recursive
 .text.sysconf  0x08004a1c       0x1c /usr/lib/gcc/arm-none-eabi/13.2.0/../../../../arm-none-eabi/lib/thumb/v7e-m/nofp/libg.a(libc_a-sysconf.o)
                0x08004a1c                sysconf
 .text.__register_exitproc
                0x08004a38       0x80 /usr/lib/gcc/arm-none-eabi/13.2.0/../../../../arm-none-eabi/lib/thumb/v7e-m/nofp/libg.a(libc_a-__atexit.o)
                0x08004a38                __register_exitproc
 .text.startup.register_fini
                0x08004ab8       0x14 /usr/lib/gcc/arm-none-eabi/13.2.0/../../../../arm-none-eabi/lib/thumb/v7e-m/nofp/libg.a(libc_a-__call_atexit.o)
 .text._malloc_trim_r
                0x08004acc       0xb8 /usr/lib/gcc/arm-none-eabi/13.2.0/../../../../arm-none-eabi/lib/thumb/v7e-m/nofp/libg.a(libc_a-freer.o)
                0x08004acc                _malloc_trim_r
 .text._free_r  0x08004b84      0x1f8 /usr/lib/gcc/arm-none-eabi/13.2.0/../../../../arm-none-eabi/lib/thumb/v7e-m/nofp/libg.a(libc_a-freer.o)
                0x08004b84                _free_r
 .text._svfprintf_r
                0x08004d7c     0x13c8 /usr/lib/gcc/arm-none-eabi/13.2.0/../../../../arm-none-eabi/lib/thumb/v7e-m/nofp/libg.a(libc_a-svfprintf.o)
                0x08004d7c                _svfprintf_r
 .text.__ssprint_r
                0x08006144       0x58 /usr/lib/gcc/arm-none-eabi/13.2.0/../../../../arm-none-eabi/lib/thumb/v7e-m/nofp/libg.a(libc_a-ssprint_r.o)
                0x08006144                __ssprint_r
 .text._fclose_r
                0x0800619c       0xc0 /usr/lib/gcc/arm-none-eabi/13.2.0/../../../../arm-none-eabi/lib/thumb/v7e-m/nofp/libg.a(libc_a-fclose.o)
                0x0800619c                _fclose_r
 .text.__sflush_r
                0x0800625c      0x128 /usr/lib/gcc/arm-none-eabi/13.2.0/../../../../arm-none-eabi/lib/thumb/v7e-m/nofp/libg.a(libc_a-fflush.o)
                0x0800625c                __sflush_r
 .text._fflush_r
                0x08006384       0x54 /usr/lib/gcc/arm-none-eabi/13.2.0/../../../../arm-none-eabi/lib/thumb/v7e-m/nofp/libg.a(libc_a-fflush.o)
                0x08006384                _fflush_r
 .text._localeconv_r
                0x080063d8        0x8 /usr/lib/gcc/arm-none-eabi/13.2.0/../../../../arm-none-eabi/lib/thumb/v7e-m/nofp/libg.a(libc_a-localeconv.o)
                0x080063d8                _localeconv_r
 .text.quorem   0x080063e0      0x12c /usr/lib/gcc/arm-none-eabi/13.2.0/../../../../arm-none-eabi/lib/thumb/v7e-m/nofp/libg.a(libc_a-dtoa.o)
 *fill*         0x0800650c        0x4 
 .text._dtoa_r  0x08006510      0xe80 /usr/lib/gcc/arm-none-eabi/13.2.0/../../../../arm-none-eabi/lib/thumb/v7e-m/nofp/libg.a(libc_a-dtoa.o)
                0x08006510                _dtoa_r
 .text._Balloc  0x08007390       0x4c /usr/lib/gcc/arm-none-eabi/13.2.0/../../../../arm-none-eabi/lib/thumb/v7e-m/nofp/libg.a(libc_a-mprec.o)
                0x08007390                _Balloc
 .text._Bfree   0x080073dc       0x14 /usr/lib/gcc/arm-none-eabi/13.2.0/../../../../arm-none-eabi/lib/thumb/v7e-m/nofp/libg.a(libc_a-mprec.o)
                0x080073dc                _Bfree
 .text.__multadd
                0x080073f0       0xa0 /usr/lib/gcc/arm-none-eabi/13.2.0/../../../../arm-none-eabi/lib/thumb/v7e-m/nofp/libg.a(libc_a-mprec.o)
                0x080073f0                __multadd
 .text.__hi0bits
                0x08007490       0x44 /usr/lib/gcc/arm-none-eabi/13.2.0/../../../../arm-none-eabi/lib/thumb/v7e-m/nofp/libg.a(libc_a-mprec.o)
                0x08007490                __hi0bits
 .text.__lo0bits
                0x080074d4       0x60 /usr/lib/gcc/arm-none-eabi/13.2.0/../../../../arm-none-eabi/lib/thumb/v7e-m/nofp/libg.a(libc_a-mprec.o)
                0x080074d4                __lo0bits
 .text.__i2b    0x08007534       0x5c /usr/lib/gcc/arm-none-eabi/13.2.0/../../../../arm-none-eabi/lib/thumb/v7e-m/nofp/libg.a(libc_a-mprec.o)
                0x08007534                __i2b
 .text.__multiply
                0x08007590      0x16c /usr/lib/gcc/arm-none-eabi/13.2.0/../../../../arm-none-eabi/lib/thumb/v7e-m/nofp/libg.a(libc_a-mprec.o)
                0x08007590                __multiply
 .text.__pow5mult
                0x080076fc       0xb4 /usr/lib/gcc/arm-none-eabi/13.2.0/../../../../arm-none-eabi/lib/thumb/v7e-m/nofp/libg.a(libc_a-mprec.o)
                0x080076fc                __pow5mult
 .text.__lshift
                0x080077b0       0xf0 /usr/lib/gcc/arm-none-eabi/13.2.0/../../../../arm-none-eabi/lib/thumb/v7e-m/nofp/libg.a(libc_a-mprec.o)
                0x080077b0                __lshift
 .text.__mcmp   0x080078a0       0x40 /usr/lib/gcc/arm-none-eabi/13.2.0/../../../../arm-none-eabi/lib/thumb/v7e-m/nofp/libg.a(libc_a-mprec.o)
                0x080078a0                __mcmp
 .text.__mdiff  0x080078e0      0x178 /usr/lib/gcc/arm-none-eabi/13.2.0/../../../../arm-none-eabi/lib/thumb/v7e-m/nofp/libg.a(libc_a-mprec.o)
                0x080078e0                __mdiff
 .text.__d2b    0x08007a58       0xbc /usr/lib/gcc/arm-none-eabi/13.2.0/../../../../arm-none-eabi/lib/thumb/v7e-m/nofp/libg.a(libc_a-mprec.o)
                0x08007a58                __d2b
 .text.__ssputs_r
                0x08007b14       0xc0 /usr/lib/gcc/arm-none-eabi/13.2.0/../../../../arm-none-eabi/lib/thumb/v7e-m/nofp/libg.a(libc_a-ssputs_r.o)
                0x08007b14                __ssputs_r
 .text.memmove  0x08007bd4      0x100 /usr/lib/gcc/arm-none-eabi/13.2.0/../../../../arm-none-eabi/lib/thumb/v7e-m/nofp/libg.a(libc_a-memmove.o)
                0x08007bd4                memmove
 .text.__assert_func
                0x08007cd4       0x40 /usr/lib/gcc/arm-none-eabi/13.2.0/../../../../arm-none-eabi/lib/thumb/v7e-m/nofp/libg.a(libc_a-assert.o)
                0x08007cd4                __assert_func
 .text._calloc_r
                0x08007d14       0x6c /usr/lib/gcc/arm-none-eabi/13.2.0/../../../../arm-none-eabi/lib/thumb/v7e-m/nofp/libg.a(libc_a-callocr.o)
                0x08007d14                _calloc_r
 .text.__ascii_mbtowc
                0x08007d80       0x2c /usr/lib/gcc/arm-none-eabi/13.2.0/../../../../arm-none-eabi/lib/thumb/v7e-m/nofp/libg.a(libc_a-mbtowc_r.o)
                0x08007d80                __ascii_mbtowc
 .text._realloc_r
                0x08007dac      0x344 /usr/lib/gcc/arm-none-eabi/13.2.0/../../../../arm-none-eabi/lib/thumb/v7e-m/nofp/libg.a(libc_a-reallocr.o)
                0x08007dac                _realloc_r
 .text.__ascii_wctomb
                0x080080f0       0x1c /usr/lib/gcc/arm-none-eabi/13.2.0/../../../../arm-none-eabi/lib/thumb/v7e-m/nofp/libg.a(libc_a-wctomb_r.o)
                0x080080f0                __ascii_wctomb
 .text.fiprintf
                0x0800810c       0x28 /usr/lib/gcc/arm-none-eabi/13.2.0/../../../../arm-none-eabi/lib/thumb/v7e-m/nofp/libg.a(libc_a-fiprintf.o)
                0x0800810c                fiprintf
 .text._vfiprintf_r
                0x08008134      0xb3c /usr/lib/gcc/arm-none-eabi/13.2.0/../../../../arm-none-eabi/lib/thumb/v7e-m/nofp/libg.a(libc_a-vfiprintf.o)
                0x08008134                _vfiprintf_r
 .text.__sbprintf
                0x08008c70       0x80 /usr/lib/gcc/arm-none-eabi/13.2.0/../../../../arm-none-eabi/lib/thumb/v7e-m/nofp/libg.a(libc_a-vfiprintf.o)
 .text.__sprint_r
                0x08008cf0       0x20 /usr/lib/gcc/arm-none-eabi/13.2.0/../../../../arm-none-eabi/lib/thumb/v7e-m/nofp/libg.a(libc_a-sprint_r.o)
                0x08008cf0                __sprint_r
 .text.__sfvwrite_r
                0x08008d10      0x2f8 /usr/lib/gcc/arm-none-eabi/13.2.0/../../../../arm-none-eabi/lib/thumb/v7e-m/nofp/libg.a(libc_a-fvwrite.o)
                0x08008d10                __sfvwrite_r
 .text.__swsetup_r
                0x08009008       0xc4 /usr/lib/gcc/arm-none-eabi/13.2.0/../../../../arm-none-eabi/lib/thumb/v7e-m/nofp/libg.a(libc_a-wsetup.o)
                0x08009008                __swsetup_r
 .text.abort    0x080090cc       0x10 /usr/lib/gcc/arm-none-eabi/13.2.0/../../../../arm-none-eabi/lib/thumb/v7e-m/nofp/libg.a(libc_a-abort.o)
                0x080090cc                abort
 .text.__smakebuf_r
                0x080090dc       0xdc /usr/lib/gcc/arm-none-eabi/13.2.0/../../../../arm-none-eabi/lib/thumb/v7e-m/nofp/libg.a(libc_a-makebuf.o)
                0x080090dc                __smakebuf_r
 .text.raise    0x080091b8       0x58 /usr/lib/gcc/arm-none-eabi/13.2.0/../../../../arm-none-eabi/lib/thumb/v7e-m/nofp/libg.a(libc_a-signal.o)
                0x080091b8                raise
 .text._fstat_r
                0x08009210       0x2c /usr/lib/gcc/arm-none-eabi/13.2.0/../../../../arm-none-eabi/lib/thumb/v7e-m/nofp/libg.a(libc_a-fstatr.o)
                0x08009210                _fstat_r
 .text._isatty_r
                0x0800923c       0x24 /usr/lib/gcc/arm-none-eabi/13.2.0/../../../../arm-none-eabi/lib/thumb/v7e-m/nofp/libg.a(libc_a-isattyr.o)
                0x0800923c                _isatty_r
 .text._kill_r  0x08009260       0x2c /usr/lib/gcc/arm-none-eabi/13.2.0/../../../../arm-none-eabi/lib/thumb/v7e-m/nofp/libg.a(libc_a-signalr.o)
                0x08009260                _kill_r
 .text._getpid_r
                0x0800928c        0x4 /usr/lib/gcc/arm-none-eabi/13.2.0/../../../../arm-none-eabi/lib/thumb/v7e-m/nofp/libg.a(libc_a-signalr.o)
                0x0800928c                _getpid_r
 *(.glue_7)
 .glue_7        0x08009290        0x0 linker stubs
 *(.glue_7t)
 .glue_7t       0x08009290        0x0 linker stubs
 *(.eh_frame)
 .eh_frame      0x08009290        0x0 /usr/lib/gcc/arm-none-eabi/13.2.0/thumb/v7e-m/nofp/crtbegin.o
 *(.init)
 .init          0x08009290        0x4 /usr/lib/gcc/arm-none-eabi/13.2.0/thumb/v7e-m/nofp/crti.o
                0x08009290                _init
 .init          0x08009294        0x8 /usr/lib/gcc/arm-none-eabi/13.2.0/thumb/v7e-m/nofp/crtn.o
 *(.fini)
 .fini          0x0800929c        0x4 /usr/lib/gcc/arm-none-eabi/13.2.0/thumb/v7e-m/nofp/crti.o
                0x0800929c                _fini
 .fini          0x080092a0        0x8 /usr/lib/gcc/arm-none-eabi/13.2.0/thumb/v7e-m/nofp/crtn.o
                0x080092a8                        . = ALIGN (0x4)
                0x080092a8                        _etext = .

.vfp11_veneer   0x080092a8        0x0
 .vfp11_veneer  0x080092a8        0x0 linker stubs

.v4_bx          0x080092a8        0x0
 .v4_bx         0x080092a8        0x0 linker stubs

.iplt           0x080092a8        0x0
 .iplt          0x080092a8        0x0 /usr/lib/gcc/arm-none-eabi/13.2.0/thumb/v7e-m/nofp/crtbegin.o

.rodata         0x080092a8      0x39c
                0x080092a8                        . = ALIGN (0x4)
 *(.rodata)
 *(.rodata*)
 .rodata.send_data_huart.str1.4
                0x080092a8      0x143 CMakeFiles/Project.elf.dir/Core/Src/funcs.c.obj
                                 0x2e (size before relaxing)
 *fill*         0x080093eb        0x1 
 .rodata.APBPrescTable
                0x080093ec        0x8 CMakeFiles/Project.elf.dir/Core/Src/system_stm32f4xx.c.obj
                0x080093ec                APBPrescTable
 .rodata.AHBPrescTable
                0x080093f4       0x10 CMakeFiles/Project.elf.dir/Core/Src/system_stm32f4xx.c.obj
                0x080093f4                AHBPrescTable
 .rodata._svfprintf_r.str1.4
                0x08009404       0x42 /usr/lib/gcc/arm-none-eabi/13.2.0/../../../../arm-none-eabi/lib/thumb/v7e-m/nofp/libg.a(libc_a-svfprintf.o)
 .rodata.zeroes.0
                0x08009404       0x10 /usr/lib/gcc/arm-none-eabi/13.2.0/../../../../arm-none-eabi/lib/thumb/v7e-m/nofp/libg.a(libc_a-svfprintf.o)
 .rodata.blanks.1
                0x08009414       0x10 /usr/lib/gcc/arm-none-eabi/13.2.0/../../../../arm-none-eabi/lib/thumb/v7e-m/nofp/libg.a(libc_a-svfprintf.o)
 .rodata._dtoa_r.str1.4
                0x08009424       0x54 /usr/lib/gcc/arm-none-eabi/13.2.0/../../../../arm-none-eabi/lib/thumb/v7e-m/nofp/libg.a(libc_a-dtoa.o)
 .rodata.__multadd.str1.4
                0x08009424       0x41 /usr/lib/gcc/arm-none-eabi/13.2.0/../../../../arm-none-eabi/lib/thumb/v7e-m/nofp/libg.a(libc_a-mprec.o)
 .rodata.p05.0  0x08009424        0xc /usr/lib/gcc/arm-none-eabi/13.2.0/../../../../arm-none-eabi/lib/thumb/v7e-m/nofp/libg.a(libc_a-mprec.o)
 .rodata.__mprec_bigtens
                0x08009430       0x28 /usr/lib/gcc/arm-none-eabi/13.2.0/../../../../arm-none-eabi/lib/thumb/v7e-m/nofp/libg.a(libc_a-mprec.o)
                0x08009430                __mprec_bigtens
 .rodata.__mprec_tens
                0x08009458       0xc8 /usr/lib/gcc/arm-none-eabi/13.2.0/../../../../arm-none-eabi/lib/thumb/v7e-m/nofp/libg.a(libc_a-mprec.o)
                0x08009458                __mprec_tens
 .rodata._setlocale_r.str1.4
                0x08009520        0xd /usr/lib/gcc/arm-none-eabi/13.2.0/../../../../arm-none-eabi/lib/thumb/v7e-m/nofp/libg.a(libc_a-locale.o)
 .rodata.str1.4
                0x08009520        0x2 /usr/lib/gcc/arm-none-eabi/13.2.0/../../../../arm-none-eabi/lib/thumb/v7e-m/nofp/libg.a(libc_a-locale.o)
 .rodata.__assert_func.str1.4
                0x08009520       0x43 /usr/lib/gcc/arm-none-eabi/13.2.0/../../../../arm-none-eabi/lib/thumb/v7e-m/nofp/libg.a(libc_a-assert.o)
 .rodata._ctype_
                0x08009520      0x101 /usr/lib/gcc/arm-none-eabi/13.2.0/../../../../arm-none-eabi/lib/thumb/v7e-m/nofp/libg.a(libc_a-ctype_.o)
                0x08009520                _ctype_
 .rodata._vfiprintf_r.str1.4
                0x08009621       0x2f /usr/lib/gcc/arm-none-eabi/13.2.0/../../../../arm-none-eabi/lib/thumb/v7e-m/nofp/libg.a(libc_a-vfiprintf.o)
 *fill*         0x08009621        0x3 
 .rodata.zeroes.0
                0x08009624       0x10 /usr/lib/gcc/arm-none-eabi/13.2.0/../../../../arm-none-eabi/lib/thumb/v7e-m/nofp/libg.a(libc_a-vfiprintf.o)
 .rodata.blanks.1
                0x08009634       0x10 /usr/lib/gcc/arm-none-eabi/13.2.0/../../../../arm-none-eabi/lib/thumb/v7e-m/nofp/libg.a(libc_a-vfiprintf.o)
                0x08009644                        . = ALIGN (0x4)

.ARM.extab      0x08009644        0x0
                0x08009644                        . = ALIGN (0x4)
 *(.ARM.extab* .gnu.linkonce.armextab.*)
                0x08009644                        . = ALIGN (0x4)

.ARM            0x08009644        0x8
                0x08009644                        . = ALIGN (0x4)
                0x08009644                        __exidx_start = .
 *(.ARM.exidx*)
 .ARM.exidx     0x08009644        0x8 /usr/lib/gcc/arm-none-eabi/13.2.0/thumb/v7e-m/nofp/libgcc.a(_udivmoddi4.o)
 .ARM.exidx     0x0800964c        0x0 /usr/lib/gcc/arm-none-eabi/13.2.0/../../../../arm-none-eabi/lib/thumb/v7e-m/nofp/libg.a(libc_a-memchr.o)
                                  0x8 (size before relaxing)
 .ARM.exidx     0x0800964c        0x0 /usr/lib/gcc/arm-none-eabi/13.2.0/../../../../arm-none-eabi/lib/thumb/v7e-m/nofp/libg.a(libc_a-strlen.o)
                                  0x8 (size before relaxing)
 .ARM.exidx     0x0800964c        0x0 /usr/lib/gcc/arm-none-eabi/13.2.0/../../../../arm-none-eabi/lib/thumb/v7e-m/nofp/libg.a(libc_a-memcpy.o)
                                  0x8 (size before relaxing)
                0x0800964c                        __exidx_end = .
                0x0800964c                        . = ALIGN (0x4)

.preinit_array  0x0800964c        0x0
                0x0800964c                        . = ALIGN (0x4)
                0x0800964c                        PROVIDE (__preinit_array_start = .)
 *(.preinit_array*)
                0x0800964c                        PROVIDE (__preinit_array_end = .)
                0x0800964c                        . = ALIGN (0x4)

.init_array     0x0800964c        0x8
                0x0800964c                        . = ALIGN (0x4)
                0x0800964c                        PROVIDE (__init_array_start = .)
 *(SORT_BY_NAME(.init_array.*))
 .init_array.00000
                0x0800964c        0x4 /usr/lib/gcc/arm-none-eabi/13.2.0/../../../../arm-none-eabi/lib/thumb/v7e-m/nofp/libg.a(libc_a-__call_atexit.o)
 *(.init_array*)
 .init_array    0x08009650        0x4 /usr/lib/gcc/arm-none-eabi/13.2.0/thumb/v7e-m/nofp/crtbegin.o
                0x08009654                        PROVIDE (__init_array_end = .)
                0x08009654                        . = ALIGN (0x4)

.fini_array     0x08009654        0x4
                0x08009654                        . = ALIGN (0x4)
                0x08009654                        PROVIDE (__fini_array_start = .)
 *(SORT_BY_NAME(.fini_array.*))
 *(.fini_array*)
 .fini_array    0x08009654        0x4 /usr/lib/gcc/arm-none-eabi/13.2.0/thumb/v7e-m/nofp/crtbegin.o
                0x08009658                        PROVIDE (__fini_array_end = .)
                0x08009658                        . = ALIGN (0x4)
                0x08009658                        _sidata = LOADADDR (.data)

.rel.dyn        0x08009658        0x0
 .rel.iplt      0x08009658        0x0 /usr/lib/gcc/arm-none-eabi/13.2.0/thumb/v7e-m/nofp/crtbegin.o

.data           0x20000000      0x6c0 load address 0x08009658
                0x20000000                        . = ALIGN (0x4)
                0x20000000                        _sdata = .
 *(.data)
 *(.data*)
 .data.flash_address.0
                0x20000000        0x4 CMakeFiles/Project.elf.dir/Core/Src/funcs.c.obj
 .data.SystemCoreClock
                0x20000004        0x4 CMakeFiles/Project.elf.dir/Core/Src/system_stm32f4xx.c.obj
                0x20000004                SystemCoreClock
 .data.uwTickFreq
                0x20000008        0x1 CMakeFiles/Project.elf.dir/Drivers/STM32F4xx_HAL_Driver/Src/stm32f4xx_hal.c.obj
                0x20000008                uwTickFreq
 *fill*         0x20000009        0x3 
 .data.uwTickPrio
                0x2000000c        0x4 CMakeFiles/Project.elf.dir/Drivers/STM32F4xx_HAL_Driver/Src/stm32f4xx_hal.c.obj
                0x2000000c                uwTickPrio
 .data.__malloc_sbrk_base
                0x20000010        0x4 /usr/lib/gcc/arm-none-eabi/13.2.0/../../../../arm-none-eabi/lib/thumb/v7e-m/nofp/libg.a(libc_a-mallocr.o)
                0x20000010                __malloc_sbrk_base
 .data.__malloc_trim_threshold
                0x20000014        0x4 /usr/lib/gcc/arm-none-eabi/13.2.0/../../../../arm-none-eabi/lib/thumb/v7e-m/nofp/libg.a(libc_a-mallocr.o)
                0x20000014                __malloc_trim_threshold
 .data.__malloc_av_
                0x20000018      0x408 /usr/lib/gcc/arm-none-eabi/13.2.0/../../../../arm-none-eabi/lib/thumb/v7e-m/nofp/libg.a(libc_a-mallocr.o)
                0x20000018                __malloc_av_
 .data.__sglue  0x20000420        0xc /usr/lib/gcc/arm-none-eabi/13.2.0/../../../../arm-none-eabi/lib/thumb/v7e-m/nofp/libg.a(libc_a-findfp.o)
                0x20000420                __sglue
 .data._impure_ptr
                0x2000042c        0x4 /usr/lib/gcc/arm-none-eabi/13.2.0/../../../../arm-none-eabi/lib/thumb/v7e-m/nofp/libg.a(libc_a-impure.o)
                0x2000042c                _impure_ptr
 .data._impure_data
                0x20000430      0x120 /usr/lib/gcc/arm-none-eabi/13.2.0/../../../../arm-none-eabi/lib/thumb/v7e-m/nofp/libg.a(libc_a-impure.o)
                0x20000430                _impure_data
 .data.__atexit_recursive_mutex
                0x20000550        0x4 /usr/lib/gcc/arm-none-eabi/13.2.0/../../../../arm-none-eabi/lib/thumb/v7e-m/nofp/libg.a(libc_a-__call_atexit.o)
                0x20000550                __atexit_recursive_mutex
 .data.__global_locale
                0x20000554      0x16c /usr/lib/gcc/arm-none-eabi/13.2.0/../../../../arm-none-eabi/lib/thumb/v7e-m/nofp/libg.a(libc_a-locale.o)
                0x20000554                __global_locale
 *(.RamFunc)
 *(.RamFunc*)
                0x200006c0                        . = ALIGN (0x4)
                0x200006c0                        _edata = .

.tm_clone_table
                0x200006c0        0x0 load address 0x08009d18
 .tm_clone_table
                0x200006c0        0x0 /usr/lib/gcc/arm-none-eabi/13.2.0/thumb/v7e-m/nofp/crtbegin.o
 .tm_clone_table
                0x200006c0        0x0 /usr/lib/gcc/arm-none-eabi/13.2.0/thumb/v7e-m/nofp/crtend.o

.igot.plt       0x200006c0        0x0 load address 0x08009d18
 .igot.plt      0x200006c0        0x0 /usr/lib/gcc/arm-none-eabi/13.2.0/thumb/v7e-m/nofp/crtbegin.o
                0x200006c0                        . = ALIGN (0x4)

.bss            0x200006c0      0x4e0 load address 0x08009d18
                0x200006c0                        _sbss = .
                0x200006c0                        __bss_start__ = _sbss
 *(.bss)
 .bss           0x200006c0       0x1c /usr/lib/gcc/arm-none-eabi/13.2.0/thumb/v7e-m/nofp/crtbegin.o
 *(.bss*)
 .bss.time_count
                0x200006dc        0x1 CMakeFiles/Project.elf.dir/Core/Src/funcs.c.obj
                0x200006dc                time_count
 .bss.counter   0x200006dd        0x1 CMakeFiles/Project.elf.dir/Core/Src/funcs.c.obj
 *fill*         0x200006de        0x2 
 .bss.main_arr  0x200006e0        0x4 CMakeFiles/Project.elf.dir/Core/Src/funcs.c.obj
                0x200006e0                main_arr
 .bss.rx_buffer
                0x200006e4       0x14 CMakeFiles/Project.elf.dir/Core/Src/main.c.obj
                0x200006e4                rx_buffer
 .bss.hx711     0x200006f8       0x20 CMakeFiles/Project.elf.dir/Core/Src/main.c.obj
                0x200006f8                hx711
 .bss.huart2    0x20000718       0x48 CMakeFiles/Project.elf.dir/Core/Src/main.c.obj
                0x20000718                huart2
 .bss.htim3     0x20000760       0x48 CMakeFiles/Project.elf.dir/Core/Src/main.c.obj
                0x20000760                htim3
 .bss.htim2     0x200007a8       0x48 CMakeFiles/Project.elf.dir/Core/Src/main.c.obj
                0x200007a8                htim2
 .bss.hrtc      0x200007f0       0x20 CMakeFiles/Project.elf.dir/Core/Src/main.c.obj
                0x200007f0                hrtc
 .bss.hi2c2     0x20000810       0x54 CMakeFiles/Project.elf.dir/Core/Src/main.c.obj
                0x20000810                hi2c2
 .bss.__sbrk_heap_end
                0x20000864        0x4 CMakeFiles/Project.elf.dir/Core/Src/sysmem.c.obj
 .bss.uwTick    0x20000868        0x4 CMakeFiles/Project.elf.dir/Drivers/STM32F4xx_HAL_Driver/Src/stm32f4xx_hal.c.obj
                0x20000868                uwTick
 .bss.pFlash    0x2000086c       0x20 CMakeFiles/Project.elf.dir/Drivers/STM32F4xx_HAL_Driver/Src/stm32f4xx_hal_flash.c.obj
                0x2000086c                pFlash
 .bss.__malloc_current_mallinfo
                0x2000088c       0x28 /usr/lib/gcc/arm-none-eabi/13.2.0/../../../../arm-none-eabi/lib/thumb/v7e-m/nofp/libg.a(libc_a-mallocr.o)
                0x2000088c                __malloc_current_mallinfo
 .bss.__malloc_max_total_mem
                0x200008b4        0x4 /usr/lib/gcc/arm-none-eabi/13.2.0/../../../../arm-none-eabi/lib/thumb/v7e-m/nofp/libg.a(libc_a-mallocr.o)
                0x200008b4                __malloc_max_total_mem
 .bss.__malloc_max_sbrked_mem
                0x200008b8        0x4 /usr/lib/gcc/arm-none-eabi/13.2.0/../../../../arm-none-eabi/lib/thumb/v7e-m/nofp/libg.a(libc_a-mallocr.o)
                0x200008b8                __malloc_max_sbrked_mem
 .bss.__malloc_top_pad
                0x200008bc        0x4 /usr/lib/gcc/arm-none-eabi/13.2.0/../../../../arm-none-eabi/lib/thumb/v7e-m/nofp/libg.a(libc_a-mallocr.o)
                0x200008bc                __malloc_top_pad
 .bss.__sf      0x200008c0      0x138 /usr/lib/gcc/arm-none-eabi/13.2.0/../../../../arm-none-eabi/lib/thumb/v7e-m/nofp/libg.a(libc_a-findfp.o)
                0x200008c0                __sf
 .bss.__stdio_exit_handler
                0x200009f8        0x4 /usr/lib/gcc/arm-none-eabi/13.2.0/../../../../arm-none-eabi/lib/thumb/v7e-m/nofp/libg.a(libc_a-findfp.o)
                0x200009f8                __stdio_exit_handler
 .bss.errno     0x200009fc        0x4 /usr/lib/gcc/arm-none-eabi/13.2.0/../../../../arm-none-eabi/lib/thumb/v7e-m/nofp/libg.a(libc_a-reent.o)
                0x200009fc                errno
 .bss.__lock___malloc_recursive_mutex
                0x20000a00        0x1 /usr/lib/gcc/arm-none-eabi/13.2.0/../../../../arm-none-eabi/lib/thumb/v7e-m/nofp/libg.a(libc_a-lock.o)
                0x20000a00                __lock___malloc_recursive_mutex
 *fill*         0x20000a01        0x3 
 .bss.__lock___atexit_recursive_mutex
                0x20000a04        0x1 /usr/lib/gcc/arm-none-eabi/13.2.0/../../../../arm-none-eabi/lib/thumb/v7e-m/nofp/libg.a(libc_a-lock.o)
                0x20000a04                __lock___atexit_recursive_mutex
 *fill*         0x20000a05        0x3 
 .bss.__lock___sfp_recursive_mutex
                0x20000a08        0x1 /usr/lib/gcc/arm-none-eabi/13.2.0/../../../../arm-none-eabi/lib/thumb/v7e-m/nofp/libg.a(libc_a-lock.o)
                0x20000a08                __lock___sfp_recursive_mutex
 *fill*         0x20000a09        0x3 
 .bss.__atexit0
                0x20000a0c      0x190 /usr/lib/gcc/arm-none-eabi/13.2.0/../../../../arm-none-eabi/lib/thumb/v7e-m/nofp/libg.a(libc_a-__atexit.o)
                0x20000a0c                __atexit0
 .bss.__atexit  0x20000b9c        0x4 /usr/lib/gcc/arm-none-eabi/13.2.0/../../../../arm-none-eabi/lib/thumb/v7e-m/nofp/libg.a(libc_a-__call_atexit.o)
                0x20000b9c                __atexit
 *(COMMON)
                0x20000ba0                        . = ALIGN (0x4)
                0x20000ba0                        _ebss = .
                0x20000ba0                        __bss_end__ = _ebss

._user_heap_stack
                0x20000ba0      0x600 load address 0x08009d18
                0x20000ba0                        . = ALIGN (0x8)
                [!provide]                        PROVIDE (end = .)
                0x20000ba0                        PROVIDE (_end = .)
                0x20000da0                        . = (. + _Min_Heap_Size)
 *fill*         0x20000ba0      0x200 
                0x200011a0                        . = (. + _Min_Stack_Size)
 *fill*         0x20000da0      0x400 
                0x200011a0                        . = ALIGN (0x8)

/DISCARD/
 libc.a(*)
 libm.a(*)
 libgcc.a(*)

.ARM.attributes
                0x00000000       0x2a
 *(.ARM.attributes)
 .ARM.attributes
                0x00000000       0x1e /usr/lib/gcc/arm-none-eabi/13.2.0/thumb/v7e-m/nofp/crti.o
 .ARM.attributes
                0x0000001e       0x2e /usr/lib/gcc/arm-none-eabi/13.2.0/thumb/v7e-m/nofp/crtbegin.o
 .ARM.attributes
                0x0000004c       0x2e CMakeFiles/Project.elf.dir/Core/Src/flash.c.obj
 .ARM.attributes
                0x0000007a       0x2e CMakeFiles/Project.elf.dir/Core/Src/funcs.c.obj
 .ARM.attributes
                0x000000a8       0x2e CMakeFiles/Project.elf.dir/Core/Src/hx711.c.obj
 .ARM.attributes
                0x000000d6       0x2e CMakeFiles/Project.elf.dir/Core/Src/main.c.obj
 .ARM.attributes
                0x00000104       0x2e CMakeFiles/Project.elf.dir/Core/Src/stm32f4xx_hal_msp.c.obj
 .ARM.attributes
                0x00000132       0x2e CMakeFiles/Project.elf.dir/Core/Src/stm32f4xx_it.c.obj
 .ARM.attributes
                0x00000160       0x2e CMakeFiles/Project.elf.dir/Core/Src/syscalls.c.obj
 .ARM.attributes
                0x0000018e       0x2e CMakeFiles/Project.elf.dir/Core/Src/sysmem.c.obj
 .ARM.attributes
                0x000001bc       0x2e CMakeFiles/Project.elf.dir/Core/Src/system_stm32f4xx.c.obj
 .ARM.attributes
                0x000001ea       0x21 CMakeFiles/Project.elf.dir/Core/Startup/startup_stm32f401retx.s.obj
 .ARM.attributes
                0x0000020b       0x2e CMakeFiles/Project.elf.dir/Drivers/STM32F4xx_HAL_Driver/Src/stm32f4xx_hal.c.obj
 .ARM.attributes
                0x00000239       0x2e CMakeFiles/Project.elf.dir/Drivers/STM32F4xx_HAL_Driver/Src/stm32f4xx_hal_cortex.c.obj
 .ARM.attributes
                0x00000267       0x2e CMakeFiles/Project.elf.dir/Drivers/STM32F4xx_HAL_Driver/Src/stm32f4xx_hal_dma.c.obj
 .ARM.attributes
                0x00000295       0x2e CMakeFiles/Project.elf.dir/Drivers/STM32F4xx_HAL_Driver/Src/stm32f4xx_hal_flash.c.obj
 .ARM.attributes
                0x000002c3       0x2e CMakeFiles/Project.elf.dir/Drivers/STM32F4xx_HAL_Driver/Src/stm32f4xx_hal_flash_ex.c.obj
 .ARM.attributes
                0x000002f1       0x2e CMakeFiles/Project.elf.dir/Drivers/STM32F4xx_HAL_Driver/Src/stm32f4xx_hal_gpio.c.obj
 .ARM.attributes
                0x0000031f       0x2e CMakeFiles/Project.elf.dir/Drivers/STM32F4xx_HAL_Driver/Src/stm32f4xx_hal_i2c.c.obj
 .ARM.attributes
                0x0000034d       0x2e CMakeFiles/Project.elf.dir/Drivers/STM32F4xx_HAL_Driver/Src/stm32f4xx_hal_rcc.c.obj
 .ARM.attributes
                0x0000037b       0x2e CMakeFiles/Project.elf.dir/Drivers/STM32F4xx_HAL_Driver/Src/stm32f4xx_hal_rcc_ex.c.obj
 .ARM.attributes
                0x000003a9       0x2e CMakeFiles/Project.elf.dir/Drivers/STM32F4xx_HAL_Driver/Src/stm32f4xx_hal_rtc.c.obj
 .ARM.attributes
                0x000003d7       0x2e CMakeFiles/Project.elf.dir/Drivers/STM32F4xx_HAL_Driver/Src/stm32f4xx_hal_tim.c.obj
 .ARM.attributes
                0x00000405       0x2e CMakeFiles/Project.elf.dir/Drivers/STM32F4xx_HAL_Driver/Src/stm32f4xx_hal_tim_ex.c.obj
 .ARM.attributes
                0x00000433       0x2e CMakeFiles/Project.elf.dir/Drivers/STM32F4xx_HAL_Driver/Src/stm32f4xx_hal_uart.c.obj
 .ARM.attributes
                0x00000461       0x1e /usr/lib/gcc/arm-none-eabi/13.2.0/thumb/v7e-m/nofp/libgcc.a(_arm_addsubdf3.o)
 .ARM.attributes
                0x0000047f       0x1e /usr/lib/gcc/arm-none-eabi/13.2.0/thumb/v7e-m/nofp/libgcc.a(_arm_muldivdf3.o)
 .ARM.attributes
                0x0000049d       0x1e /usr/lib/gcc/arm-none-eabi/13.2.0/thumb/v7e-m/nofp/libgcc.a(_arm_cmpdf2.o)
 .ARM.attributes
                0x000004bb       0x1e /usr/lib/gcc/arm-none-eabi/13.2.0/thumb/v7e-m/nofp/libgcc.a(_arm_fixdfsi.o)
 .ARM.attributes
                0x000004d9       0x1e /usr/lib/gcc/arm-none-eabi/13.2.0/thumb/v7e-m/nofp/libgcc.a(_aeabi_ldivmod.o)
 .ARM.attributes
                0x000004f7       0x1e /usr/lib/gcc/arm-none-eabi/13.2.0/thumb/v7e-m/nofp/libgcc.a(_aeabi_uldivmod.o)
 .ARM.attributes
                0x00000515       0x2e /usr/lib/gcc/arm-none-eabi/13.2.0/thumb/v7e-m/nofp/libgcc.a(_udivmoddi4.o)
 .ARM.attributes
                0x00000543       0x1e /usr/lib/gcc/arm-none-eabi/13.2.0/thumb/v7e-m/nofp/libgcc.a(_dvmd_tls.o)
 .ARM.attributes
                0x00000561       0x2e /usr/lib/gcc/arm-none-eabi/13.2.0/../../../../arm-none-eabi/lib/thumb/v7e-m/nofp/libg.a(libc_a-atexit.o)
 .ARM.attributes
                0x0000058f       0x2e /usr/lib/gcc/arm-none-eabi/13.2.0/../../../../arm-none-eabi/lib/thumb/v7e-m/nofp/libg.a(libc_a-malloc.o)
 .ARM.attributes
                0x000005bd       0x2e /usr/lib/gcc/arm-none-eabi/13.2.0/../../../../arm-none-eabi/lib/thumb/v7e-m/nofp/libg.a(libc_a-mallocr.o)
 .ARM.attributes
                0x000005eb       0x2e /usr/lib/gcc/arm-none-eabi/13.2.0/../../../../arm-none-eabi/lib/thumb/v7e-m/nofp/libg.a(libc_a-mlock.o)
 .ARM.attributes
                0x00000619       0x2e /usr/lib/gcc/arm-none-eabi/13.2.0/../../../../arm-none-eabi/lib/thumb/v7e-m/nofp/libg.a(libc_a-findfp.o)
 .ARM.attributes
                0x00000647       0x2e /usr/lib/gcc/arm-none-eabi/13.2.0/../../../../arm-none-eabi/lib/thumb/v7e-m/nofp/libg.a(libc_a-fwalk.o)
 .ARM.attributes
                0x00000675       0x2e /usr/lib/gcc/arm-none-eabi/13.2.0/../../../../arm-none-eabi/lib/thumb/v7e-m/nofp/libg.a(libc_a-sprintf.o)
 .ARM.attributes
                0x000006a3       0x2e /usr/lib/gcc/arm-none-eabi/13.2.0/../../../../arm-none-eabi/lib/thumb/v7e-m/nofp/libg.a(libc_a-stdio.o)
 .ARM.attributes
                0x000006d1       0x2e /usr/lib/gcc/arm-none-eabi/13.2.0/../../../../arm-none-eabi/lib/thumb/v7e-m/nofp/libg.a(libc_a-memset.o)
 .ARM.attributes
                0x000006ff       0x2e /usr/lib/gcc/arm-none-eabi/13.2.0/../../../../arm-none-eabi/lib/thumb/v7e-m/nofp/libg.a(libc_a-closer.o)
 .ARM.attributes
                0x0000072d       0x2e /usr/lib/gcc/arm-none-eabi/13.2.0/../../../../arm-none-eabi/lib/thumb/v7e-m/nofp/libg.a(libc_a-reent.o)
 .ARM.attributes
                0x0000075b       0x2e /usr/lib/gcc/arm-none-eabi/13.2.0/../../../../arm-none-eabi/lib/thumb/v7e-m/nofp/libg.a(libc_a-impure.o)
 .ARM.attributes
                0x00000789       0x2e /usr/lib/gcc/arm-none-eabi/13.2.0/../../../../arm-none-eabi/lib/thumb/v7e-m/nofp/libg.a(libc_a-lseekr.o)
 .ARM.attributes
                0x000007b7       0x2e /usr/lib/gcc/arm-none-eabi/13.2.0/../../../../arm-none-eabi/lib/thumb/v7e-m/nofp/libg.a(libc_a-readr.o)
 .ARM.attributes
                0x000007e5       0x2e /usr/lib/gcc/arm-none-eabi/13.2.0/../../../../arm-none-eabi/lib/thumb/v7e-m/nofp/libg.a(libc_a-sbrkr.o)
 .ARM.attributes
                0x00000813       0x2e /usr/lib/gcc/arm-none-eabi/13.2.0/../../../../arm-none-eabi/lib/thumb/v7e-m/nofp/libg.a(libc_a-writer.o)
 .ARM.attributes
                0x00000841       0x2e /usr/lib/gcc/arm-none-eabi/13.2.0/../../../../arm-none-eabi/lib/thumb/v7e-m/nofp/libg.a(libc_a-errno.o)
 .ARM.attributes
                0x0000086f       0x2e /usr/lib/gcc/arm-none-eabi/13.2.0/../../../../arm-none-eabi/lib/thumb/v7e-m/nofp/libg.a(libc_a-init.o)
 .ARM.attributes
                0x0000089d       0x2e /usr/lib/gcc/arm-none-eabi/13.2.0/../../../../arm-none-eabi/lib/thumb/v7e-m/nofp/libg.a(libc_a-fini.o)
 .ARM.attributes
                0x000008cb       0x2e /usr/lib/gcc/arm-none-eabi/13.2.0/../../../../arm-none-eabi/lib/thumb/v7e-m/nofp/libg.a(libc_a-lock.o)
 .ARM.attributes
                0x000008f9       0x2e /usr/lib/gcc/arm-none-eabi/13.2.0/../../../../arm-none-eabi/lib/thumb/v7e-m/nofp/libg.a(libc_a-sysconf.o)
 .ARM.attributes
                0x00000927       0x2e /usr/lib/gcc/arm-none-eabi/13.2.0/../../../../arm-none-eabi/lib/thumb/v7e-m/nofp/libg.a(libc_a-__atexit.o)
 .ARM.attributes
                0x00000955       0x2e /usr/lib/gcc/arm-none-eabi/13.2.0/../../../../arm-none-eabi/lib/thumb/v7e-m/nofp/libg.a(libc_a-__call_atexit.o)
 .ARM.attributes
                0x00000983       0x2e /usr/lib/gcc/arm-none-eabi/13.2.0/../../../../arm-none-eabi/lib/thumb/v7e-m/nofp/libg.a(libc_a-freer.o)
 .ARM.attributes
                0x000009b1       0x2e /usr/lib/gcc/arm-none-eabi/13.2.0/../../../../arm-none-eabi/lib/thumb/v7e-m/nofp/libg.a(libc_a-svfprintf.o)
 .ARM.attributes
                0x000009df       0x2e /usr/lib/gcc/arm-none-eabi/13.2.0/../../../../arm-none-eabi/lib/thumb/v7e-m/nofp/libg.a(libc_a-ssprint_r.o)
 .ARM.attributes
                0x00000a0d       0x2e /usr/lib/gcc/arm-none-eabi/13.2.0/../../../../arm-none-eabi/lib/thumb/v7e-m/nofp/libg.a(libc_a-fclose.o)
 .ARM.attributes
                0x00000a3b       0x2e /usr/lib/gcc/arm-none-eabi/13.2.0/../../../../arm-none-eabi/lib/thumb/v7e-m/nofp/libg.a(libc_a-fflush.o)
 .ARM.attributes
                0x00000a69       0x2e /usr/lib/gcc/arm-none-eabi/13.2.0/../../../../arm-none-eabi/lib/thumb/v7e-m/nofp/libg.a(libc_a-localeconv.o)
 .ARM.attributes
                0x00000a97       0x1c /usr/lib/gcc/arm-none-eabi/13.2.0/../../../../arm-none-eabi/lib/thumb/v7e-m/nofp/libg.a(libc_a-memchr.o)
 .ARM.attributes
                0x00000ab3       0x1c /usr/lib/gcc/arm-none-eabi/13.2.0/../../../../arm-none-eabi/lib/thumb/v7e-m/nofp/libg.a(libc_a-strlen.o)
 .ARM.attributes
                0x00000acf       0x2e /usr/lib/gcc/arm-none-eabi/13.2.0/../../../../arm-none-eabi/lib/thumb/v7e-m/nofp/libg.a(libc_a-dtoa.o)
 .ARM.attributes
                0x00000afd       0x2e /usr/lib/gcc/arm-none-eabi/13.2.0/../../../../arm-none-eabi/lib/thumb/v7e-m/nofp/libg.a(libc_a-mprec.o)
 .ARM.attributes
                0x00000b2b       0x2e /usr/lib/gcc/arm-none-eabi/13.2.0/../../../../arm-none-eabi/lib/thumb/v7e-m/nofp/libg.a(libc_a-ssputs_r.o)
 .ARM.attributes
                0x00000b59       0x2e /usr/lib/gcc/arm-none-eabi/13.2.0/../../../../arm-none-eabi/lib/thumb/v7e-m/nofp/libg.a(libc_a-memmove.o)
 .ARM.attributes
                0x00000b87       0x2e /usr/lib/gcc/arm-none-eabi/13.2.0/../../../../arm-none-eabi/lib/thumb/v7e-m/nofp/libg.a(libc_a-locale.o)
 .ARM.attributes
                0x00000bb5       0x1c /usr/lib/gcc/arm-none-eabi/13.2.0/../../../../arm-none-eabi/lib/thumb/v7e-m/nofp/libg.a(libc_a-memcpy.o)
 .ARM.attributes
                0x00000bd1       0x2e /usr/lib/gcc/arm-none-eabi/13.2.0/../../../../arm-none-eabi/lib/thumb/v7e-m/nofp/libg.a(libc_a-assert.o)
 .ARM.attributes
                0x00000bff       0x2e /usr/lib/gcc/arm-none-eabi/13.2.0/../../../../arm-none-eabi/lib/thumb/v7e-m/nofp/libg.a(libc_a-callocr.o)
 .ARM.attributes
                0x00000c2d       0x2e /usr/lib/gcc/arm-none-eabi/13.2.0/../../../../arm-none-eabi/lib/thumb/v7e-m/nofp/libg.a(libc_a-mbtowc_r.o)
 .ARM.attributes
                0x00000c5b       0x2e /usr/lib/gcc/arm-none-eabi/13.2.0/../../../../arm-none-eabi/lib/thumb/v7e-m/nofp/libg.a(libc_a-reallocr.o)
 .ARM.attributes
                0x00000c89       0x2e /usr/lib/gcc/arm-none-eabi/13.2.0/../../../../arm-none-eabi/lib/thumb/v7e-m/nofp/libg.a(libc_a-wctomb_r.o)
 .ARM.attributes
                0x00000cb7       0x2e /usr/lib/gcc/arm-none-eabi/13.2.0/../../../../arm-none-eabi/lib/thumb/v7e-m/nofp/libg.a(libc_a-ctype_.o)
 .ARM.attributes
                0x00000ce5       0x2e /usr/lib/gcc/arm-none-eabi/13.2.0/../../../../arm-none-eabi/lib/thumb/v7e-m/nofp/libg.a(libc_a-fiprintf.o)
 .ARM.attributes
                0x00000d13       0x2e /usr/lib/gcc/arm-none-eabi/13.2.0/../../../../arm-none-eabi/lib/thumb/v7e-m/nofp/libg.a(libc_a-vfiprintf.o)
 .ARM.attributes
                0x00000d41       0x2e /usr/lib/gcc/arm-none-eabi/13.2.0/../../../../arm-none-eabi/lib/thumb/v7e-m/nofp/libg.a(libc_a-sprint_r.o)
 .ARM.attributes
                0x00000d6f       0x2e /usr/lib/gcc/arm-none-eabi/13.2.0/../../../../arm-none-eabi/lib/thumb/v7e-m/nofp/libg.a(libc_a-fvwrite.o)
 .ARM.attributes
                0x00000d9d       0x2e /usr/lib/gcc/arm-none-eabi/13.2.0/../../../../arm-none-eabi/lib/thumb/v7e-m/nofp/libg.a(libc_a-wsetup.o)
 .ARM.attributes
                0x00000dcb       0x2e /usr/lib/gcc/arm-none-eabi/13.2.0/../../../../arm-none-eabi/lib/thumb/v7e-m/nofp/libg.a(libc_a-abort.o)
 .ARM.attributes
                0x00000df9       0x2e /usr/lib/gcc/arm-none-eabi/13.2.0/../../../../arm-none-eabi/lib/thumb/v7e-m/nofp/libg.a(libc_a-makebuf.o)
 .ARM.attributes
                0x00000e27       0x2e /usr/lib/gcc/arm-none-eabi/13.2.0/../../../../arm-none-eabi/lib/thumb/v7e-m/nofp/libg.a(libc_a-signal.o)
 .ARM.attributes
                0x00000e55       0x2e /usr/lib/gcc/arm-none-eabi/13.2.0/../../../../arm-none-eabi/lib/thumb/v7e-m/nofp/libg.a(libc_a-fstatr.o)
 .ARM.attributes
                0x00000e83       0x2e /usr/lib/gcc/arm-none-eabi/13.2.0/../../../../arm-none-eabi/lib/thumb/v7e-m/nofp/libg.a(libc_a-isattyr.o)
 .ARM.attributes
                0x00000eb1       0x2e /usr/lib/gcc/arm-none-eabi/13.2.0/../../../../arm-none-eabi/lib/thumb/v7e-m/nofp/libg.a(libc_a-signalr.o)
 .ARM.attributes
                0x00000edf       0x1e /usr/lib/gcc/arm-none-eabi/13.2.0/thumb/v7e-m/nofp/libgcc.a(_arm_unorddf2.o)
 .ARM.attributes
                0x00000efd       0x2e /usr/lib/gcc/arm-none-eabi/13.2.0/thumb/v7e-m/nofp/crtend.o
 .ARM.attributes
                0x00000f2b       0x1e /usr/lib/gcc/arm-none-eabi/13.2.0/thumb/v7e-m/nofp/crtn.o
OUTPUT(Project.elf elf32-littlearm)
LOAD linker stubs
LOAD /usr/lib/gcc/arm-none-eabi/13.2.0/../../../../arm-none-eabi/lib/thumb/v7e-m/nofp/libc.a
LOAD /usr/lib/gcc/arm-none-eabi/13.2.0/../../../../arm-none-eabi/lib/thumb/v7e-m/nofp/libm.a
LOAD /usr/lib/gcc/arm-none-eabi/13.2.0/thumb/v7e-m/nofp/libgcc.a

.comment        0x00000000       0x46
 .comment       0x00000000       0x46 /usr/lib/gcc/arm-none-eabi/13.2.0/thumb/v7e-m/nofp/crtbegin.o
                                 0x24 (size before relaxing)
 .comment       0x00000046       0x24 CMakeFiles/Project.elf.dir/Core/Src/flash.c.obj
 .comment       0x00000046       0x24 CMakeFiles/Project.elf.dir/Core/Src/funcs.c.obj
 .comment       0x00000046       0x24 CMakeFiles/Project.elf.dir/Core/Src/hx711.c.obj
 .comment       0x00000046       0x24 CMakeFiles/Project.elf.dir/Core/Src/main.c.obj
 .comment       0x00000046       0x24 CMakeFiles/Project.elf.dir/Core/Src/stm32f4xx_hal_msp.c.obj
 .comment       0x00000046       0x24 CMakeFiles/Project.elf.dir/Core/Src/stm32f4xx_it.c.obj
 .comment       0x00000046       0x24 CMakeFiles/Project.elf.dir/Core/Src/syscalls.c.obj
 .comment       0x00000046       0x24 CMakeFiles/Project.elf.dir/Core/Src/sysmem.c.obj
 .comment       0x00000046       0x24 CMakeFiles/Project.elf.dir/Core/Src/system_stm32f4xx.c.obj
 .comment       0x00000046       0x24 CMakeFiles/Project.elf.dir/Drivers/STM32F4xx_HAL_Driver/Src/stm32f4xx_hal.c.obj
 .comment       0x00000046       0x24 CMakeFiles/Project.elf.dir/Drivers/STM32F4xx_HAL_Driver/Src/stm32f4xx_hal_cortex.c.obj
 .comment       0x00000046       0x24 CMakeFiles/Project.elf.dir/Drivers/STM32F4xx_HAL_Driver/Src/stm32f4xx_hal_dma.c.obj
 .comment       0x00000046       0x24 CMakeFiles/Project.elf.dir/Drivers/STM32F4xx_HAL_Driver/Src/stm32f4xx_hal_flash.c.obj
 .comment       0x00000046       0x24 CMakeFiles/Project.elf.dir/Drivers/STM32F4xx_HAL_Driver/Src/stm32f4xx_hal_flash_ex.c.obj
 .comment       0x00000046       0x24 CMakeFiles/Project.elf.dir/Drivers/STM32F4xx_HAL_Driver/Src/stm32f4xx_hal_gpio.c.obj
 .comment       0x00000046       0x24 CMakeFiles/Project.elf.dir/Drivers/STM32F4xx_HAL_Driver/Src/stm32f4xx_hal_i2c.c.obj
 .comment       0x00000046       0x24 CMakeFiles/Project.elf.dir/Drivers/STM32F4xx_HAL_Driver/Src/stm32f4xx_hal_rcc.c.obj
 .comment       0x00000046       0x24 CMakeFiles/Project.elf.dir/Drivers/STM32F4xx_HAL_Driver/Src/stm32f4xx_hal_rcc_ex.c.obj
 .comment       0x00000046       0x24 CMakeFiles/Project.elf.dir/Drivers/STM32F4xx_HAL_Driver/Src/stm32f4xx_hal_rtc.c.obj
 .comment       0x00000046       0x24 CMakeFiles/Project.elf.dir/Drivers/STM32F4xx_HAL_Driver/Src/stm32f4xx_hal_tim.c.obj
 .comment       0x00000046       0x24 CMakeFiles/Project.elf.dir/Drivers/STM32F4xx_HAL_Driver/Src/stm32f4xx_hal_tim_ex.c.obj
 .comment       0x00000046       0x24 CMakeFiles/Project.elf.dir/Drivers/STM32F4xx_HAL_Driver/Src/stm32f4xx_hal_uart.c.obj
 .comment       0x00000046       0x24 /usr/lib/gcc/arm-none-eabi/13.2.0/thumb/v7e-m/nofp/libgcc.a(_udivmoddi4.o)
 .comment       0x00000046       0x24 /usr/lib/gcc/arm-none-eabi/13.2.0/../../../../arm-none-eabi/lib/thumb/v7e-m/nofp/libg.a(libc_a-atexit.o)
 .comment       0x00000046       0x24 /usr/lib/gcc/arm-none-eabi/13.2.0/../../../../arm-none-eabi/lib/thumb/v7e-m/nofp/libg.a(libc_a-malloc.o)
 .comment       0x00000046       0x24 /usr/lib/gcc/arm-none-eabi/13.2.0/../../../../arm-none-eabi/lib/thumb/v7e-m/nofp/libg.a(libc_a-mallocr.o)
 .comment       0x00000046       0x24 /usr/lib/gcc/arm-none-eabi/13.2.0/../../../../arm-none-eabi/lib/thumb/v7e-m/nofp/libg.a(libc_a-mlock.o)
 .comment       0x00000046       0x24 /usr/lib/gcc/arm-none-eabi/13.2.0/../../../../arm-none-eabi/lib/thumb/v7e-m/nofp/libg.a(libc_a-findfp.o)
 .comment       0x00000046       0x24 /usr/lib/gcc/arm-none-eabi/13.2.0/../../../../arm-none-eabi/lib/thumb/v7e-m/nofp/libg.a(libc_a-fwalk.o)
 .comment       0x00000046       0x24 /usr/lib/gcc/arm-none-eabi/13.2.0/../../../../arm-none-eabi/lib/thumb/v7e-m/nofp/libg.a(libc_a-sprintf.o)
 .comment       0x00000046       0x24 /usr/lib/gcc/arm-none-eabi/13.2.0/../../../../arm-none-eabi/lib/thumb/v7e-m/nofp/libg.a(libc_a-stdio.o)
 .comment       0x00000046       0x24 /usr/lib/gcc/arm-none-eabi/13.2.0/../../../../arm-none-eabi/lib/thumb/v7e-m/nofp/libg.a(libc_a-memset.o)
 .comment       0x00000046       0x24 /usr/lib/gcc/arm-none-eabi/13.2.0/../../../../arm-none-eabi/lib/thumb/v7e-m/nofp/libg.a(libc_a-closer.o)
 .comment       0x00000046       0x24 /usr/lib/gcc/arm-none-eabi/13.2.0/../../../../arm-none-eabi/lib/thumb/v7e-m/nofp/libg.a(libc_a-reent.o)
 .comment       0x00000046       0x24 /usr/lib/gcc/arm-none-eabi/13.2.0/../../../../arm-none-eabi/lib/thumb/v7e-m/nofp/libg.a(libc_a-impure.o)
 .comment       0x00000046       0x24 /usr/lib/gcc/arm-none-eabi/13.2.0/../../../../arm-none-eabi/lib/thumb/v7e-m/nofp/libg.a(libc_a-lseekr.o)
 .comment       0x00000046       0x24 /usr/lib/gcc/arm-none-eabi/13.2.0/../../../../arm-none-eabi/lib/thumb/v7e-m/nofp/libg.a(libc_a-readr.o)
 .comment       0x00000046       0x24 /usr/lib/gcc/arm-none-eabi/13.2.0/../../../../arm-none-eabi/lib/thumb/v7e-m/nofp/libg.a(libc_a-sbrkr.o)
 .comment       0x00000046       0x24 /usr/lib/gcc/arm-none-eabi/13.2.0/../../../../arm-none-eabi/lib/thumb/v7e-m/nofp/libg.a(libc_a-writer.o)
 .comment       0x00000046       0x24 /usr/lib/gcc/arm-none-eabi/13.2.0/../../../../arm-none-eabi/lib/thumb/v7e-m/nofp/libg.a(libc_a-errno.o)
 .comment       0x00000046       0x24 /usr/lib/gcc/arm-none-eabi/13.2.0/../../../../arm-none-eabi/lib/thumb/v7e-m/nofp/libg.a(libc_a-init.o)
 .comment       0x00000046       0x24 /usr/lib/gcc/arm-none-eabi/13.2.0/../../../../arm-none-eabi/lib/thumb/v7e-m/nofp/libg.a(libc_a-fini.o)
 .comment       0x00000046       0x24 /usr/lib/gcc/arm-none-eabi/13.2.0/../../../../arm-none-eabi/lib/thumb/v7e-m/nofp/libg.a(libc_a-lock.o)
 .comment       0x00000046       0x24 /usr/lib/gcc/arm-none-eabi/13.2.0/../../../../arm-none-eabi/lib/thumb/v7e-m/nofp/libg.a(libc_a-sysconf.o)
 .comment       0x00000046       0x24 /usr/lib/gcc/arm-none-eabi/13.2.0/../../../../arm-none-eabi/lib/thumb/v7e-m/nofp/libg.a(libc_a-__atexit.o)
 .comment       0x00000046       0x24 /usr/lib/gcc/arm-none-eabi/13.2.0/../../../../arm-none-eabi/lib/thumb/v7e-m/nofp/libg.a(libc_a-__call_atexit.o)
 .comment       0x00000046       0x24 /usr/lib/gcc/arm-none-eabi/13.2.0/../../../../arm-none-eabi/lib/thumb/v7e-m/nofp/libg.a(libc_a-freer.o)
 .comment       0x00000046       0x24 /usr/lib/gcc/arm-none-eabi/13.2.0/../../../../arm-none-eabi/lib/thumb/v7e-m/nofp/libg.a(libc_a-svfprintf.o)
 .comment       0x00000046       0x24 /usr/lib/gcc/arm-none-eabi/13.2.0/../../../../arm-none-eabi/lib/thumb/v7e-m/nofp/libg.a(libc_a-ssprint_r.o)
 .comment       0x00000046       0x24 /usr/lib/gcc/arm-none-eabi/13.2.0/../../../../arm-none-eabi/lib/thumb/v7e-m/nofp/libg.a(libc_a-fclose.o)
 .comment       0x00000046       0x24 /usr/lib/gcc/arm-none-eabi/13.2.0/../../../../arm-none-eabi/lib/thumb/v7e-m/nofp/libg.a(libc_a-fflush.o)
 .comment       0x00000046       0x24 /usr/lib/gcc/arm-none-eabi/13.2.0/../../../../arm-none-eabi/lib/thumb/v7e-m/nofp/libg.a(libc_a-localeconv.o)
 .comment       0x00000046       0x24 /usr/lib/gcc/arm-none-eabi/13.2.0/../../../../arm-none-eabi/lib/thumb/v7e-m/nofp/libg.a(libc_a-dtoa.o)
 .comment       0x00000046       0x24 /usr/lib/gcc/arm-none-eabi/13.2.0/../../../../arm-none-eabi/lib/thumb/v7e-m/nofp/libg.a(libc_a-mprec.o)
 .comment       0x00000046       0x24 /usr/lib/gcc/arm-none-eabi/13.2.0/../../../../arm-none-eabi/lib/thumb/v7e-m/nofp/libg.a(libc_a-ssputs_r.o)
 .comment       0x00000046       0x24 /usr/lib/gcc/arm-none-eabi/13.2.0/../../../../arm-none-eabi/lib/thumb/v7e-m/nofp/libg.a(libc_a-memmove.o)
 .comment       0x00000046       0x24 /usr/lib/gcc/arm-none-eabi/13.2.0/../../../../arm-none-eabi/lib/thumb/v7e-m/nofp/libg.a(libc_a-locale.o)
 .comment       0x00000046       0x24 /usr/lib/gcc/arm-none-eabi/13.2.0/../../../../arm-none-eabi/lib/thumb/v7e-m/nofp/libg.a(libc_a-assert.o)
 .comment       0x00000046       0x24 /usr/lib/gcc/arm-none-eabi/13.2.0/../../../../arm-none-eabi/lib/thumb/v7e-m/nofp/libg.a(libc_a-callocr.o)
 .comment       0x00000046       0x24 /usr/lib/gcc/arm-none-eabi/13.2.0/../../../../arm-none-eabi/lib/thumb/v7e-m/nofp/libg.a(libc_a-mbtowc_r.o)
 .comment       0x00000046       0x24 /usr/lib/gcc/arm-none-eabi/13.2.0/../../../../arm-none-eabi/lib/thumb/v7e-m/nofp/libg.a(libc_a-reallocr.o)
 .comment       0x00000046       0x24 /usr/lib/gcc/arm-none-eabi/13.2.0/../../../../arm-none-eabi/lib/thumb/v7e-m/nofp/libg.a(libc_a-wctomb_r.o)
 .comment       0x00000046       0x24 /usr/lib/gcc/arm-none-eabi/13.2.0/../../../../arm-none-eabi/lib/thumb/v7e-m/nofp/libg.a(libc_a-ctype_.o)
 .comment       0x00000046       0x24 /usr/lib/gcc/arm-none-eabi/13.2.0/../../../../arm-none-eabi/lib/thumb/v7e-m/nofp/libg.a(libc_a-fiprintf.o)
 .comment       0x00000046       0x24 /usr/lib/gcc/arm-none-eabi/13.2.0/../../../../arm-none-eabi/lib/thumb/v7e-m/nofp/libg.a(libc_a-vfiprintf.o)
 .comment       0x00000046       0x24 /usr/lib/gcc/arm-none-eabi/13.2.0/../../../../arm-none-eabi/lib/thumb/v7e-m/nofp/libg.a(libc_a-sprint_r.o)
 .comment       0x00000046       0x24 /usr/lib/gcc/arm-none-eabi/13.2.0/../../../../arm-none-eabi/lib/thumb/v7e-m/nofp/libg.a(libc_a-fvwrite.o)
 .comment       0x00000046       0x24 /usr/lib/gcc/arm-none-eabi/13.2.0/../../../../arm-none-eabi/lib/thumb/v7e-m/nofp/libg.a(libc_a-wsetup.o)
 .comment       0x00000046       0x24 /usr/lib/gcc/arm-none-eabi/13.2.0/../../../../arm-none-eabi/lib/thumb/v7e-m/nofp/libg.a(libc_a-abort.o)
 .comment       0x00000046       0x24 /usr/lib/gcc/arm-none-eabi/13.2.0/../../../../arm-none-eabi/lib/thumb/v7e-m/nofp/libg.a(libc_a-makebuf.o)
 .comment       0x00000046       0x24 /usr/lib/gcc/arm-none-eabi/13.2.0/../../../../arm-none-eabi/lib/thumb/v7e-m/nofp/libg.a(libc_a-signal.o)
 .comment       0x00000046       0x24 /usr/lib/gcc/arm-none-eabi/13.2.0/../../../../arm-none-eabi/lib/thumb/v7e-m/nofp/libg.a(libc_a-fstatr.o)
 .comment       0x00000046       0x24 /usr/lib/gcc/arm-none-eabi/13.2.0/../../../../arm-none-eabi/lib/thumb/v7e-m/nofp/libg.a(libc_a-isattyr.o)
 .comment       0x00000046       0x24 /usr/lib/gcc/arm-none-eabi/13.2.0/../../../../arm-none-eabi/lib/thumb/v7e-m/nofp/libg.a(libc_a-signalr.o)
 .comment       0x00000046       0x24 /usr/lib/gcc/arm-none-eabi/13.2.0/thumb/v7e-m/nofp/crtend.o

.debug_info     0x00000000    0x36721
 .debug_info    0x00000000      0x38c CMakeFiles/Project.elf.dir/Core/Src/flash.c.obj
 .debug_info    0x0000038c     0x18a3 CMakeFiles/Project.elf.dir/Core/Src/funcs.c.obj
 .debug_info    0x00001c2f      0x4d4 CMakeFiles/Project.elf.dir/Core/Src/hx711.c.obj
 .debug_info    0x00002103     0x1dd8 CMakeFiles/Project.elf.dir/Core/Src/main.c.obj
 .debug_info    0x00003edb     0x17dd CMakeFiles/Project.elf.dir/Core/Src/stm32f4xx_hal_msp.c.obj
 .debug_info    0x000056b8      0x9aa CMakeFiles/Project.elf.dir/Core/Src/stm32f4xx_it.c.obj
 .debug_info    0x00006062      0x789 CMakeFiles/Project.elf.dir/Core/Src/syscalls.c.obj
 .debug_info    0x000067eb      0x171 CMakeFiles/Project.elf.dir/Core/Src/sysmem.c.obj
 .debug_info    0x0000695c      0x35c CMakeFiles/Project.elf.dir/Core/Src/system_stm32f4xx.c.obj
 .debug_info    0x00006cb8       0x30 CMakeFiles/Project.elf.dir/Core/Startup/startup_stm32f401retx.s.obj
 .debug_info    0x00006ce8      0x959 CMakeFiles/Project.elf.dir/Drivers/STM32F4xx_HAL_Driver/Src/stm32f4xx_hal.c.obj
 .debug_info    0x00007641      0xf2c CMakeFiles/Project.elf.dir/Drivers/STM32F4xx_HAL_Driver/Src/stm32f4xx_hal_cortex.c.obj
 .debug_info    0x0000856d      0xad8 CMakeFiles/Project.elf.dir/Drivers/STM32F4xx_HAL_Driver/Src/stm32f4xx_hal_dma.c.obj
 .debug_info    0x00009045      0x71e CMakeFiles/Project.elf.dir/Drivers/STM32F4xx_HAL_Driver/Src/stm32f4xx_hal_flash.c.obj
 .debug_info    0x00009763      0x9be CMakeFiles/Project.elf.dir/Drivers/STM32F4xx_HAL_Driver/Src/stm32f4xx_hal_flash_ex.c.obj
 .debug_info    0x0000a121      0x73a CMakeFiles/Project.elf.dir/Drivers/STM32F4xx_HAL_Driver/Src/stm32f4xx_hal_gpio.c.obj
 .debug_info    0x0000a85b     0x3816 CMakeFiles/Project.elf.dir/Drivers/STM32F4xx_HAL_Driver/Src/stm32f4xx_hal_i2c.c.obj
 .debug_info    0x0000e071      0xab1 CMakeFiles/Project.elf.dir/Drivers/STM32F4xx_HAL_Driver/Src/stm32f4xx_hal_rcc.c.obj
 .debug_info    0x0000eb22      0x68f CMakeFiles/Project.elf.dir/Drivers/STM32F4xx_HAL_Driver/Src/stm32f4xx_hal_rcc_ex.c.obj